/Main/Big/ENT_TestBaseDD1356.entity_inst
/Main/Big/ENT_NewBase1.entity_inst
/Main/Big/ENT_NewBase2.entity_inst
/Main/Big/ENT_NewBase3.entity_inst
/Main/Big/ENT_NewBase4.entity_inst
/Main/Big/ENT_NewBase5.entity_inst
/Main/Big/ENT_NewBase6.entity_inst
/Main/Big/ENT_NewBase7.entity_inst
/Main/Big/ENT_NewBase8.entity_inst
/Main/Big/ENT_NewBase9.entity_inst
/Main/Big/ENT_NewBase10.entity_inst
/Main/Big/ENT_NewBase11.entity_inst
/Main/Big/ENT_NewBase12.entity_inst
/Main/Big/ENT_Asteroid113.entity_inst
/Main/Big/ENT_Asteroid114.entity_inst
/Main/Big/ENT_Asteroid115.entity_inst
/Main/Big/ENT_Asteroid116.entity_inst
/Main/Big/ENT_Asteroid117.entity_inst
/Main/Big/ENT_Asteroid118.entity_inst
/Main/Big/ENT_Asteroid119.entity_inst
/Main/Big/ENT_Asteroid120.entity_inst
/Main/Big/ENT_Asteroid121.entity_inst
/Main/Big/ENT_Asteroid122.entity_inst
/Main/Big/ENT_Asteroid123.entity_inst
/Main/Big/ENT_Asteroid124.entity_inst
/Main/Big/ENT_Asteroid125.entity_inst
/Main/Big/ENT_Asteroid126.entity_inst
/Main/Big/ENT_Asteroid127.entity_inst
/Main/Big/ENT_Asteroid128.entity_inst
/Main/Big/ENT_Asteroid129.entity_inst
/Main/Big/ENT_Asteroid130.entity_inst
/Main/Big/ENT_Asteroid131.entity_inst
/Main/Big/ENT_Asteroid132.entity_inst
/Main/Big/ENT_Asteroid133.entity_inst
/Main/Big/ENT_Asteroid134.entity_inst
/Main/Big/ENT_Asteroid135.entity_inst
/Main/Big/ENT_Asteroid136.entity_inst
/Main/Big/ENT_Asteroid137.entity_inst
/Main/Big/ENT_Asteroid138.entity_inst
/Main/Big/ENT_Asteroid139.entity_inst
/Main/Big/ENT_Asteroid140.entity_inst
/Main/Big/ENT_Asteroid141.entity_inst
/Main/Big/ENT_Asteroid142.entity_inst
/Main/Big/ENT_Asteroid143.entity_inst
/Main/Big/ENT_Asteroid144.entity_inst
/Main/Big/ENT_Asteroid145.entity_inst
/Main/Big/ENT_Asteroid146.entity_inst
/Main/Big/ENT_Asteroid147.entity_inst
/Main/Big/ENT_Asteroid148.entity_inst
/Main/Big/ENT_Asteroid149.entity_inst
/Main/Big/ENT_Asteroid150.entity_inst
/Main/Big/ENT_Asteroid151.entity_inst
/Main/Big/ENT_Asteroid152.entity_inst
/Main/Big/ENT_Asteroid153.entity_inst
/Main/Big/ENT_Asteroid154.entity_inst
/Main/Big/ENT_Asteroid155.entity_inst
/Main/Big/ENT_Asteroid156.entity_inst
/Main/Big/ENT_Asteroid157.entity_inst
/Main/Big/ENT_Asteroid158.entity_inst
/Main/Big/ENT_Asteroid159.entity_inst
/Main/Big/ENT_Asteroid160.entity_inst
/Main/Big/ENT_Asteroid161.entity_inst
/Main/Big/ENT_Asteroid162.entity_inst
/Main/Big/ENT_Asteroid163.entity_inst
/Main/Big/ENT_Asteroid164.entity_inst
/Main/Big/ENT_Asteroid165.entity_inst
/Main/Big/ENT_Asteroid166.entity_inst
/Main/Big/ENT_Asteroid167.entity_inst
/Main/Big/ENT_Asteroid168.entity_inst
/Main/Big/ENT_Asteroid169.entity_inst
/Main/Big/ENT_Asteroid170.entity_inst
/Main/Big/ENT_Asteroid171.entity_inst
/Main/Big/ENT_Asteroid172.entity_inst
/Main/Big/ENT_Asteroid173.entity_inst
/Main/Big/ENT_Asteroid174.entity_inst
/Main/Big/ENT_Asteroid175.entity_inst
/Main/Big/ENT_Asteroid176.entity_inst
/Main/Big/ENT_Asteroid177.entity_inst
/Main/Big/ENT_Asteroid178.entity_inst
/Main/Big/ENT_Asteroid179.entity_inst
/Main/Big/ENT_Asteroid180.entity_inst
/Main/Big/ENT_Asteroid181.entity_inst
/Main/Big/ENT_Asteroid182.entity_inst
/Main/Big/ENT_Asteroid183.entity_inst
/Main/Big/ENT_Asteroid184.entity_inst
/Main/Big/ENT_Asteroid185.entity_inst
/Main/Big/ENT_Asteroid186.entity_inst
/Main/Big/ENT_Asteroid187.entity_inst
/Main/Big/ENT_Asteroid188.entity_inst
/Main/Big/ENT_Asteroid189.entity_inst
/Main/Big/ENT_Asteroid190.entity_inst
/Main/Big/ENT_Asteroid191.entity_inst
/Main/Big/ENT_Asteroid192.entity_inst
/Main/Big/ENT_Asteroid193.entity_inst
/Main/Big/ENT_Asteroid194.entity_inst
/Main/Big/ENT_Asteroid195.entity_inst
/Main/Big/ENT_Asteroid196.entity_inst
/Main/Big/ENT_Asteroid197.entity_inst
/Main/Big/ENT_Asteroid198.entity_inst
/Main/Big/ENT_Asteroid199.entity_inst
/Main/Big/ENT_Asteroid1100.entity_inst
/Main/Big/ENT_Asteroid1101.entity_inst
/Main/Big/ENT_Asteroid1102.entity_inst
/Main/Big/ENT_Asteroid1103.entity_inst
/Main/Big/ENT_Asteroid1104.entity_inst
/Main/Big/ENT_Asteroid1105.entity_inst
/Main/Big/ENT_Asteroid1106.entity_inst
/Main/Big/ENT_Asteroid1107.entity_inst
/Main/Big/ENT_Asteroid1108.entity_inst
/Main/Big/ENT_Asteroid1109.entity_inst
/Main/Big/ENT_Asteroid1110.entity_inst
/Main/Big/ENT_Asteroid1111.entity_inst
/Main/Big/ENT_Asteroid1112.entity_inst
/Main/Big/ENT_Asteroid1113.entity_inst
/Main/Big/ENT_Asteroid1114.entity_inst
/Main/Big/ENT_Asteroid1115.entity_inst
/Main/Big/ENT_Asteroid1116.entity_inst
/Main/Big/ENT_Asteroid1117.entity_inst
/Main/Big/ENT_Asteroid1118.entity_inst
/Main/Big/ENT_Asteroid1119.entity_inst
/Main/Big/ENT_Asteroid1120.entity_inst
/Main/Big/ENT_Asteroid1121.entity_inst
/Main/Big/ENT_Asteroid1122.entity_inst
/Main/Big/ENT_Asteroid1123.entity_inst
/Main/Big/ENT_Asteroid1124.entity_inst
/Main/Big/ENT_Asteroid1125.entity_inst
/Main/Big/ENT_Asteroid1126.entity_inst
/Main/Big/ENT_Asteroid1127.entity_inst
/Main/Big/ENT_Asteroid1128.entity_inst
/Main/Big/ENT_Asteroid1129.entity_inst
/Main/Big/ENT_Asteroid1130.entity_inst
/Main/Big/ENT_Asteroid1131.entity_inst
/Main/Big/ENT_Asteroid1132.entity_inst
/Main/Big/ENT_Asteroid1133.entity_inst
/Main/Big/ENT_Asteroid1134.entity_inst
/Main/Big/ENT_Asteroid1135.entity_inst
/Main/Big/ENT_Asteroid1136.entity_inst
/Main/Big/ENT_Asteroid1137.entity_inst
/Main/Big/ENT_Asteroid1138.entity_inst
/Main/Big/ENT_Asteroid1139.entity_inst
/Main/Big/ENT_Asteroid1140.entity_inst
/Main/Big/ENT_Asteroid1141.entity_inst
/Main/Big/ENT_Asteroid1142.entity_inst
/Main/Big/ENT_Asteroid1143.entity_inst
/Main/Big/ENT_Asteroid1144.entity_inst
/Main/Big/ENT_Asteroid1145.entity_inst
/Main/Big/ENT_Asteroid1146.entity_inst
/Main/Big/ENT_Asteroid1147.entity_inst
/Main/Big/ENT_Asteroid1148.entity_inst
/Main/Big/ENT_Asteroid1149.entity_inst
/Main/Big/ENT_Asteroid1150.entity_inst
/Main/Big/ENT_Asteroid1151.entity_inst
/Main/Big/ENT_Asteroid1152.entity_inst
/Main/Big/ENT_Asteroid1153.entity_inst
/Main/Big/ENT_Asteroid1154.entity_inst
/Main/Big/ENT_Asteroid1155.entity_inst
/Main/Big/ENT_Asteroid1156.entity_inst
/Main/Big/ENT_Asteroid1157.entity_inst
/Main/Big/ENT_Asteroid1158.entity_inst
/Main/Big/ENT_Asteroid1159.entity_inst
/Main/Big/ENT_Asteroid1160.entity_inst
/Main/Big/ENT_Asteroid1161.entity_inst
/Main/Big/ENT_Asteroid1162.entity_inst
/Main/Big/ENT_Asteroid1163.entity_inst
/Main/Big/ENT_Asteroid1164.entity_inst
/Main/Big/ENT_Asteroid1165.entity_inst
/Main/Big/ENT_Asteroid1166.entity_inst
/Main/Big/ENT_Asteroid1167.entity_inst
/Main/Big/ENT_Asteroid1168.entity_inst
/Main/Big/ENT_Asteroid1169.entity_inst
/Main/Big/ENT_Asteroid1170.entity_inst
/Main/Big/ENT_Asteroid1171.entity_inst
/Main/Big/ENT_Asteroid1172.entity_inst
/Main/Big/ENT_Asteroid1173.entity_inst
/Main/Big/ENT_Asteroid1174.entity_inst
/Main/Big/ENT_Asteroid1175.entity_inst
/Main/Big/ENT_Asteroid1176.entity_inst
/Main/Big/ENT_Asteroid1177.entity_inst
/Main/Big/ENT_Asteroid1178.entity_inst
/Main/Big/ENT_Asteroid1179.entity_inst
/Main/Big/ENT_Asteroid1180.entity_inst
/Main/Big/ENT_Asteroid1181.entity_inst
/Main/Big/ENT_Asteroid1182.entity_inst
/Main/Big/ENT_Asteroid1183.entity_inst
/Main/Big/ENT_Asteroid1184.entity_inst
/Main/Big/ENT_Asteroid1185.entity_inst
/Main/Big/ENT_Asteroid1186.entity_inst
/Main/Big/ENT_Asteroid1187.entity_inst
/Main/Big/ENT_Asteroid1188.entity_inst
/Main/Big/ENT_Asteroid1189.entity_inst
/Main/Big/ENT_Asteroid1190.entity_inst
/Main/Big/ENT_Asteroid1191.entity_inst
/Main/Big/ENT_Asteroid1192.entity_inst
/Main/Big/ENT_Asteroid1193.entity_inst
/Main/Big/ENT_Asteroid1194.entity_inst
/Main/Big/ENT_Asteroid1195.entity_inst
/Main/Big/ENT_Asteroid1196.entity_inst
/Main/Big/ENT_Asteroid1197.entity_inst
/Main/Big/ENT_Asteroid1198.entity_inst
/Main/Big/ENT_Asteroid1199.entity_inst
/Main/Big/ENT_Asteroid1200.entity_inst
/Main/Big/ENT_Asteroid1201.entity_inst
/Main/Big/ENT_Asteroid1202.entity_inst
/Main/Big/ENT_Asteroid1203.entity_inst
/Main/Big/ENT_Asteroid1204.entity_inst
/Main/Big/ENT_Asteroid1205.entity_inst
/Main/Big/ENT_Asteroid1206.entity_inst
/Main/Big/ENT_Asteroid1207.entity_inst
/Main/Big/ENT_Asteroid1208.entity_inst
/Main/Big/ENT_Asteroid1209.entity_inst
/Main/Big/ENT_Asteroid1210.entity_inst
/Main/Big/ENT_Asteroid1211.entity_inst
/Main/Big/ENT_Asteroid1212.entity_inst
/Main/Big/ENT_Asteroid1213.entity_inst
/Main/Big/ENT_Asteroid1214.entity_inst
/Main/Big/ENT_Asteroid1215.entity_inst
/Main/Big/ENT_Asteroid1216.entity_inst
/Main/Big/ENT_Asteroid1217.entity_inst
/Main/Big/ENT_Asteroid1218.entity_inst
/Main/Big/ENT_Asteroid1219.entity_inst
/Main/Big/ENT_Asteroid1220.entity_inst
/Main/Big/ENT_Asteroid1221.entity_inst
/Main/Big/ENT_Asteroid1222.entity_inst
/Main/Big/ENT_Asteroid1223.entity_inst
/Main/Big/ENT_Asteroid1224.entity_inst
/Main/Big/ENT_Asteroid1225.entity_inst
/Main/Big/ENT_Asteroid1226.entity_inst
/Main/Big/ENT_Asteroid1227.entity_inst
/Main/Big/ENT_Asteroid1228.entity_inst
/Main/Big/ENT_Asteroid1229.entity_inst
/Main/Big/ENT_Asteroid1230.entity_inst
/Main/Big/ENT_Asteroid1231.entity_inst
/Main/Big/ENT_Asteroid1232.entity_inst
/Main/Big/ENT_Asteroid1233.entity_inst
/Main/Big/ENT_Asteroid1234.entity_inst
/Main/Big/ENT_Asteroid1235.entity_inst
/Main/Big/ENT_Asteroid1236.entity_inst
/Main/Big/ENT_Asteroid1237.entity_inst
/Main/Big/ENT_Asteroid1238.entity_inst
/Main/Big/ENT_Asteroid1239.entity_inst
/Main/Big/ENT_Asteroid1240.entity_inst
/Main/Big/ENT_Asteroid1241.entity_inst
/Main/Big/ENT_Asteroid1242.entity_inst
/Main/Big/ENT_Asteroid1243.entity_inst
/Main/Big/ENT_Asteroid1244.entity_inst
/Main/Big/ENT_Asteroid1245.entity_inst
/Main/Big/ENT_Asteroid1246.entity_inst
/Main/Big/ENT_Asteroid1247.entity_inst
/Main/Big/ENT_Asteroid1248.entity_inst
/Main/Big/ENT_Asteroid1249.entity_inst
/Main/Big/ENT_Asteroid1250.entity_inst
/Main/Big/ENT_Asteroid1251.entity_inst
/Main/Big/ENT_Asteroid1252.entity_inst
/Main/Big/ENT_Asteroid1253.entity_inst
/Main/Big/ENT_Asteroid1254.entity_inst
/Main/Big/ENT_Asteroid1255.entity_inst
/Main/Big/ENT_Asteroid1256.entity_inst
/Main/Big/ENT_Asteroid1257.entity_inst
/Main/Big/ENT_Asteroid1258.entity_inst
/Main/Big/ENT_Asteroid1259.entity_inst
/Main/Big/ENT_Asteroid1260.entity_inst
/Main/Big/ENT_Asteroid1261.entity_inst
/Main/Big/ENT_Asteroid1262.entity_inst
/Main/Big/ENT_Asteroid1263.entity_inst
/Main/Big/ENT_Asteroid1264.entity_inst
/Main/Big/ENT_Asteroid1265.entity_inst
/Main/Big/ENT_Asteroid1266.entity_inst
/Main/Big/ENT_Asteroid1267.entity_inst
/Main/Big/ENT_Asteroid1268.entity_inst
/Main/Big/ENT_Asteroid1269.entity_inst
/Main/Big/ENT_Asteroid1270.entity_inst
/Main/Big/ENT_Asteroid1271.entity_inst
/Main/Big/ENT_Asteroid1272.entity_inst
/Main/Big/ENT_Asteroid1273.entity_inst
/Main/Big/ENT_Asteroid1274.entity_inst
/Main/Big/ENT_Asteroid1275.entity_inst
/Main/Big/ENT_Asteroid1276.entity_inst
/Main/Big/ENT_Asteroid1277.entity_inst
/Main/Big/ENT_Asteroid1278.entity_inst
/Main/Big/ENT_Asteroid1279.entity_inst
/Main/Big/ENT_Asteroid1280.entity_inst
/Main/Big/ENT_Asteroid1281.entity_inst
/Main/Big/ENT_Asteroid1282.entity_inst
/Main/Big/ENT_Asteroid1283.entity_inst
/Main/Big/ENT_Asteroid1284.entity_inst
/Main/Big/ENT_Asteroid1285.entity_inst
/Main/Big/ENT_Asteroid1286.entity_inst
/Main/Big/ENT_Asteroid1287.entity_inst
/Main/Big/ENT_Asteroid1288.entity_inst
/Main/Big/ENT_Asteroid1289.entity_inst
/Main/Big/ENT_Asteroid1290.entity_inst
/Main/Big/ENT_Asteroid1291.entity_inst
/Main/Big/ENT_Asteroid1292.entity_inst
/Main/Big/ENT_Asteroid1293.entity_inst
/Main/Big/ENT_Asteroid1294.entity_inst
/Main/Big/ENT_Asteroid1295.entity_inst
/Main/Big/ENT_Asteroid1296.entity_inst
/Main/Big/ENT_Asteroid1297.entity_inst
/Main/Big/ENT_Asteroid1298.entity_inst
/Main/Big/ENT_Asteroid1299.entity_inst
/Main/Big/ENT_Asteroid1300.entity_inst
/Main/Big/ENT_Asteroid1301.entity_inst
/Main/Big/ENT_Asteroid1302.entity_inst
/Main/Big/ENT_Asteroid1303.entity_inst
/Main/Big/ENT_Asteroid1304.entity_inst
/Main/Big/ENT_Asteroid1305.entity_inst
/Main/Big/ENT_Asteroid1306.entity_inst
/Main/Big/ENT_Asteroid1307.entity_inst
/Main/Big/ENT_Asteroid1308.entity_inst
/Main/Big/ENT_Asteroid1309.entity_inst
/Main/Big/ENT_Asteroid1310.entity_inst
/Main/Big/ENT_Asteroid1311.entity_inst
/Main/Big/ENT_Asteroid1312.entity_inst
/Main/Big/ENT_Asteroid1313.entity_inst
/Main/Big/ENT_Asteroid1314.entity_inst
/Main/Big/ENT_Asteroid1315.entity_inst
/Main/Big/ENT_Asteroid1316.entity_inst
/Main/Big/ENT_Asteroid1317.entity_inst
/Main/Big/ENT_Asteroid1318.entity_inst
/Main/Big/ENT_Asteroid1319.entity_inst
/Main/Big/ENT_Asteroid1320.entity_inst
/Main/Big/ENT_Asteroid1321.entity_inst
/Main/Big/ENT_Asteroid1322.entity_inst
/Main/Big/ENT_Asteroid1323.entity_inst
/Main/Big/ENT_Asteroid1324.entity_inst
/Main/Big/ENT_Asteroid1325.entity_inst
/Main/Big/ENT_Asteroid1326.entity_inst
/Main/Big/ENT_Asteroid1327.entity_inst
/Main/Big/ENT_Asteroid1328.entity_inst
/Main/Big/ENT_Asteroid1329.entity_inst
/Main/Big/ENT_Asteroid1330.entity_inst
/Main/Big/ENT_Asteroid1331.entity_inst
/Main/Big/ENT_Asteroid1332.entity_inst
/Main/Big/ENT_Asteroid1333.entity_inst
/Main/Big/ENT_Asteroid1334.entity_inst
/Main/Big/ENT_Asteroid1335.entity_inst
/Main/Big/ENT_Asteroid1336.entity_inst
/Main/Big/ENT_Asteroid1337.entity_inst
/Main/Big/ENT_Asteroid1338.entity_inst
/Main/Big/ENT_Asteroid1339.entity_inst
/Main/Big/ENT_Asteroid1340.entity_inst
/Main/Big/ENT_Asteroid1341.entity_inst
/Main/Big/ENT_Asteroid1342.entity_inst
/Main/Big/ENT_Asteroid1343.entity_inst
/Main/Big/ENT_Asteroid1344.entity_inst
/Main/Big/ENT_Asteroid1345.entity_inst
/Main/Big/ENT_Asteroid1346.entity_inst
/Main/Big/ENT_Asteroid1347.entity_inst
/Main/Big/ENT_Asteroid1348.entity_inst
/Main/Big/ENT_Asteroid1349.entity_inst
/Main/Big/ENT_Asteroid1350.entity_inst
/Main/Big/ENT_Asteroid1351.entity_inst
/Main/Big/ENT_Asteroid1352.entity_inst
/Main/Big/ENT_Asteroid1353.entity_inst
/Main/Big/ENT_Asteroid1354.entity_inst
/Main/Big/ENT_Asteroid1355.entity_inst
/Main/Big/ENT_Asteroid1356.entity_inst
/Main/Big/ENT_Asteroid1357.entity_inst
/Main/Big/ENT_Asteroid1358.entity_inst
/Main/Big/ENT_Asteroid1359.entity_inst
/Main/Big/ENT_Asteroid1360.entity_inst
/Main/Big/ENT_Asteroid1361.entity_inst
/Main/Big/ENT_Asteroid1362.entity_inst
/Main/Big/ENT_Asteroid1363.entity_inst
/Main/Big/ENT_Asteroid1364.entity_inst
/Main/Big/ENT_Asteroid1365.entity_inst
/Main/Big/ENT_Asteroid1366.entity_inst
/Main/Big/ENT_Asteroid1367.entity_inst
/Main/Big/ENT_Asteroid1368.entity_inst
/Main/Big/ENT_Asteroid1369.entity_inst
/Main/Big/ENT_Asteroid1370.entity_inst
/Main/Big/ENT_Asteroid1371.entity_inst
/Main/Big/ENT_Asteroid1372.entity_inst
/Main/Big/ENT_Asteroid1373.entity_inst
/Main/Big/ENT_Asteroid1374.entity_inst
/Main/Big/ENT_Asteroid1375.entity_inst
/Main/Big/ENT_Asteroid1376.entity_inst
/Main/Big/ENT_Asteroid1377.entity_inst
/Main/Big/ENT_Asteroid1378.entity_inst
/Main/Big/ENT_Asteroid1379.entity_inst
/Main/Big/ENT_Asteroid1380.entity_inst
/Main/Big/ENT_Asteroid1381.entity_inst
/Main/Big/ENT_Asteroid1382.entity_inst
/Main/Big/ENT_Asteroid1383.entity_inst
/Main/Big/ENT_Asteroid1384.entity_inst
/Main/Big/ENT_Asteroid1385.entity_inst
/Main/Big/ENT_Asteroid1386.entity_inst
/Main/Big/ENT_Asteroid1387.entity_inst
/Main/Big/ENT_Asteroid1388.entity_inst
/Main/Big/ENT_Asteroid1389.entity_inst
/Main/Big/ENT_Asteroid1390.entity_inst
/Main/Big/ENT_Asteroid1391.entity_inst
/Main/Big/ENT_Asteroid1392.entity_inst
/Main/Big/ENT_Asteroid1393.entity_inst
/Main/Big/ENT_Asteroid1394.entity_inst
/Main/Big/ENT_Asteroid1395.entity_inst
/Main/Big/ENT_Asteroid1396.entity_inst
/Main/Big/ENT_Asteroid1397.entity_inst
/Main/Big/ENT_Asteroid1398.entity_inst
/Main/Big/ENT_Asteroid1399.entity_inst
/Main/Big/ENT_Asteroid1400.entity_inst
/Main/Big/ENT_Asteroid1401.entity_inst
/Main/Big/ENT_Asteroid1402.entity_inst
/Main/Big/ENT_Asteroid1403.entity_inst
/Main/Big/ENT_Asteroid1404.entity_inst
/Main/Big/ENT_Asteroid1405.entity_inst
/Main/Big/ENT_Asteroid1406.entity_inst
/Main/Big/ENT_Asteroid1407.entity_inst
/Main/Big/ENT_Asteroid1408.entity_inst
/Main/Big/ENT_Asteroid1409.entity_inst
/Main/Big/ENT_Asteroid1410.entity_inst
/Main/Big/ENT_Asteroid1411.entity_inst
/Main/Big/ENT_Asteroid1412.entity_inst
/Main/Big/ENT_Asteroid1413.entity_inst
/Main/Big/ENT_Asteroid1414.entity_inst
/Main/Big/ENT_Asteroid1415.entity_inst
/Main/Big/ENT_Asteroid1416.entity_inst
/Main/Big/ENT_Asteroid1417.entity_inst
/Main/Big/ENT_Asteroid1418.entity_inst
/Main/Big/ENT_Asteroid1419.entity_inst
/Main/Big/ENT_Asteroid1420.entity_inst
/Main/Big/ENT_Asteroid1421.entity_inst
/Main/Big/ENT_Asteroid1422.entity_inst
/Main/Big/ENT_Asteroid1423.entity_inst
/Main/Big/ENT_Asteroid1424.entity_inst
/Main/Big/ENT_Asteroid1425.entity_inst
/Main/Big/ENT_Asteroid1426.entity_inst
/Main/Big/ENT_Asteroid1427.entity_inst
/Main/Big/ENT_Asteroid1428.entity_inst
/Main/Big/ENT_Asteroid1429.entity_inst
/Main/Big/ENT_Asteroid1430.entity_inst
/Main/Big/ENT_Asteroid1431.entity_inst
/Main/Big/ENT_Asteroid1432.entity_inst
/Main/Big/ENT_Asteroid1433.entity_inst
/Main/Big/ENT_Asteroid1434.entity_inst
/Main/Big/ENT_Asteroid1435.entity_inst
/Main/Big/ENT_Asteroid1436.entity_inst
/Main/Big/ENT_Asteroid1437.entity_inst
/Main/Big/ENT_Asteroid1438.entity_inst
/Main/Big/ENT_Asteroid1439.entity_inst
/Main/Big/ENT_Asteroid1440.entity_inst
/Main/Big/ENT_Asteroid1441.entity_inst
/Main/Big/ENT_Asteroid2442.entity_inst
/Main/Big/ENT_Asteroid2443.entity_inst
/Main/Big/ENT_Asteroid2444.entity_inst
/Main/Big/ENT_Asteroid2445.entity_inst
/Main/Big/ENT_Asteroid2446.entity_inst
/Main/Big/ENT_Asteroid2447.entity_inst
/Main/Big/ENT_Asteroid2448.entity_inst
/Main/Big/ENT_Asteroid2449.entity_inst
/Main/Big/ENT_Asteroid2450.entity_inst
/Main/Big/ENT_Asteroid2451.entity_inst
/Main/Big/ENT_Asteroid2452.entity_inst
/Main/Big/ENT_Asteroid2453.entity_inst
/Main/Big/ENT_Asteroid2454.entity_inst
/Main/Big/ENT_Asteroid2455.entity_inst
/Main/Big/ENT_Asteroid2456.entity_inst
/Main/Big/ENT_Asteroid2457.entity_inst
/Main/Big/ENT_Asteroid2458.entity_inst
/Main/Big/ENT_Asteroid2459.entity_inst
/Main/Big/ENT_Asteroid2460.entity_inst
/Main/Big/ENT_Asteroid2461.entity_inst
/Main/Big/ENT_Asteroid2462.entity_inst
/Main/Big/ENT_Asteroid2463.entity_inst
/Main/Big/ENT_Asteroid2464.entity_inst
/Main/Big/ENT_Asteroid2465.entity_inst
/Main/Big/ENT_Asteroid2466.entity_inst
/Main/Big/ENT_Asteroid2467.entity_inst
/Main/Big/ENT_Asteroid2468.entity_inst
/Main/Big/ENT_Asteroid2469.entity_inst
/Main/Big/ENT_Asteroid2470.entity_inst
/Main/Big/ENT_Asteroid2471.entity_inst
/Main/Big/ENT_Asteroid2472.entity_inst
/Main/Big/ENT_Asteroid2473.entity_inst
/Main/Big/ENT_Asteroid2474.entity_inst
/Main/Big/ENT_Asteroid2475.entity_inst
/Main/Big/ENT_Asteroid2476.entity_inst
/Main/Big/ENT_Asteroid2477.entity_inst
/Main/Big/ENT_Asteroid2478.entity_inst
/Main/Big/ENT_Asteroid2479.entity_inst
/Main/Big/ENT_Asteroid2480.entity_inst
/Main/Big/ENT_Asteroid2481.entity_inst
/Main/Big/ENT_Asteroid2482.entity_inst
/Main/Big/ENT_Asteroid2483.entity_inst
/Main/Big/ENT_Asteroid2484.entity_inst
/Main/Big/ENT_Asteroid2485.entity_inst
/Main/Big/ENT_Asteroid2486.entity_inst
/Main/Big/ENT_Asteroid2487.entity_inst
/Main/Big/ENT_Asteroid2488.entity_inst
/Main/Big/ENT_Asteroid2489.entity_inst
/Main/Big/ENT_Asteroid2490.entity_inst
/Main/Big/ENT_Asteroid2491.entity_inst
/Main/Big/ENT_Asteroid2492.entity_inst
/Main/Big/ENT_Asteroid2493.entity_inst
/Main/Big/ENT_Asteroid2494.entity_inst
/Main/Big/ENT_Asteroid2495.entity_inst
/Main/Big/ENT_Asteroid2496.entity_inst
/Main/Big/ENT_Asteroid2497.entity_inst
/Main/Big/ENT_Asteroid2498.entity_inst
/Main/Big/ENT_Asteroid2499.entity_inst
/Main/Big/ENT_Asteroid2500.entity_inst
/Main/Big/ENT_Asteroid2501.entity_inst
/Main/Big/ENT_Asteroid2502.entity_inst
/Main/Big/ENT_Asteroid2503.entity_inst
/Main/Big/ENT_Asteroid2504.entity_inst
/Main/Big/ENT_Asteroid2505.entity_inst
/Main/Big/ENT_Asteroid2506.entity_inst
/Main/Big/ENT_Asteroid2507.entity_inst
/Main/Big/ENT_Asteroid2508.entity_inst
/Main/Big/ENT_Asteroid2509.entity_inst
/Main/Big/ENT_Asteroid2510.entity_inst
/Main/Big/ENT_Asteroid2511.entity_inst
/Main/Big/ENT_Asteroid2512.entity_inst
/Main/Big/ENT_Asteroid2513.entity_inst
/Main/Big/ENT_Asteroid2514.entity_inst
/Main/Big/ENT_Asteroid2515.entity_inst
/Main/Big/ENT_Asteroid2516.entity_inst
/Main/Big/ENT_Asteroid2517.entity_inst
/Main/Big/ENT_Asteroid2518.entity_inst
/Main/Big/ENT_Asteroid2519.entity_inst
/Main/Big/ENT_Asteroid2520.entity_inst
/Main/Big/ENT_Asteroid2521.entity_inst
/Main/Big/ENT_Asteroid2522.entity_inst
/Main/Big/ENT_Asteroid2523.entity_inst
/Main/Big/ENT_Asteroid2524.entity_inst
/Main/Big/ENT_Asteroid2525.entity_inst
/Main/Big/ENT_Asteroid2526.entity_inst
/Main/Big/ENT_Asteroid2527.entity_inst
/Main/Big/ENT_Asteroid2528.entity_inst
/Main/Big/ENT_Asteroid2529.entity_inst
/Main/Big/ENT_Asteroid2530.entity_inst
/Main/Big/ENT_Asteroid2531.entity_inst
/Main/Big/ENT_Asteroid2532.entity_inst
/Main/Big/ENT_Asteroid2533.entity_inst
/Main/Big/ENT_Asteroid2534.entity_inst
/Main/Big/ENT_Asteroid2535.entity_inst
/Main/Big/ENT_Asteroid2536.entity_inst
/Main/Big/ENT_Asteroid2537.entity_inst
/Main/Big/ENT_Asteroid2538.entity_inst
/Main/Big/ENT_Asteroid2539.entity_inst
/Main/Big/ENT_Asteroid2540.entity_inst
/Main/Big/ENT_Asteroid2541.entity_inst
/Main/Big/ENT_Asteroid2542.entity_inst
/Main/Big/ENT_Asteroid2543.entity_inst
/Main/Big/ENT_Asteroid2544.entity_inst
/Main/Big/ENT_Asteroid2545.entity_inst
/Main/Big/ENT_Asteroid2546.entity_inst
/Main/Big/ENT_Asteroid2547.entity_inst
/Main/Big/ENT_Asteroid2548.entity_inst
/Main/Big/ENT_Asteroid2549.entity_inst
/Main/Big/ENT_Asteroid2550.entity_inst
/Main/Big/ENT_Asteroid2551.entity_inst
/Main/Big/ENT_Asteroid2552.entity_inst
/Main/Big/ENT_Asteroid2553.entity_inst
/Main/Big/ENT_Asteroid2554.entity_inst
/Main/Big/ENT_Asteroid2555.entity_inst
/Main/Big/ENT_Asteroid2556.entity_inst
/Main/Big/ENT_Asteroid2557.entity_inst
/Main/Big/ENT_Asteroid2558.entity_inst
/Main/Big/ENT_Asteroid2559.entity_inst
/Main/Big/ENT_Asteroid2560.entity_inst
/Main/Big/ENT_Asteroid2561.entity_inst
/Main/Big/ENT_Asteroid2562.entity_inst
/Main/Big/ENT_Asteroid2563.entity_inst
/Main/Big/ENT_Asteroid2564.entity_inst
/Main/Big/ENT_Asteroid2565.entity_inst
/Main/Big/ENT_Asteroid2566.entity_inst
/Main/Big/ENT_Asteroid2567.entity_inst
/Main/Big/ENT_Asteroid2568.entity_inst
/Main/Big/ENT_Asteroid2569.entity_inst
/Main/Big/ENT_Asteroid2570.entity_inst
/Main/Big/ENT_Asteroid2571.entity_inst
/Main/Big/ENT_Asteroid2572.entity_inst
/Main/Big/ENT_Asteroid2573.entity_inst
/Main/Big/ENT_Asteroid2574.entity_inst
/Main/Big/ENT_Asteroid2575.entity_inst
/Main/Big/ENT_Asteroid2576.entity_inst
/Main/Big/ENT_Asteroid2577.entity_inst
/Main/Big/ENT_Asteroid2578.entity_inst
/Main/Big/ENT_Asteroid2579.entity_inst
/Main/Big/ENT_Asteroid2580.entity_inst
/Main/Big/ENT_Asteroid2581.entity_inst
/Main/Big/ENT_Asteroid2582.entity_inst
/Main/Big/ENT_Asteroid2583.entity_inst
/Main/Big/ENT_Asteroid2584.entity_inst
/Main/Big/ENT_Asteroid2585.entity_inst
/Main/Big/ENT_Asteroid2586.entity_inst
/Main/Big/ENT_Asteroid2587.entity_inst
/Main/Big/ENT_Asteroid2588.entity_inst
/Main/Big/ENT_Asteroid2589.entity_inst
/Main/Big/ENT_Asteroid2590.entity_inst
/Main/Big/ENT_Asteroid2591.entity_inst
/Main/Big/ENT_Asteroid2592.entity_inst
/Main/Big/ENT_Asteroid2593.entity_inst
/Main/Big/ENT_Asteroid2594.entity_inst
/Main/Big/ENT_Asteroid2595.entity_inst
/Main/Big/ENT_Asteroid2596.entity_inst
/Main/Big/ENT_Asteroid2597.entity_inst
/Main/Big/ENT_Asteroid2598.entity_inst
/Main/Big/ENT_Asteroid2599.entity_inst
/Main/Big/ENT_Asteroid2600.entity_inst
/Main/Big/ENT_Asteroid2601.entity_inst
/Main/Big/ENT_Asteroid2602.entity_inst
/Main/Big/ENT_Asteroid2603.entity_inst
/Main/Big/ENT_Asteroid2604.entity_inst
/Main/Big/ENT_Asteroid2605.entity_inst
/Main/Big/ENT_Asteroid2606.entity_inst
/Main/Big/ENT_Asteroid2607.entity_inst
/Main/Big/ENT_Asteroid2608.entity_inst
/Main/Big/ENT_Asteroid2609.entity_inst
/Main/Big/ENT_Asteroid2610.entity_inst
/Main/Big/ENT_Asteroid2611.entity_inst
/Main/Big/ENT_Asteroid2612.entity_inst
/Main/Big/ENT_Asteroid2613.entity_inst
/Main/Big/ENT_Asteroid2614.entity_inst
/Main/Big/ENT_Asteroid2615.entity_inst
/Main/Big/ENT_Asteroid2616.entity_inst
/Main/Big/ENT_Asteroid2617.entity_inst
/Main/Big/ENT_Asteroid2618.entity_inst
/Main/Big/ENT_Asteroid2619.entity_inst
/Main/Big/ENT_Asteroid2620.entity_inst
/Main/Big/ENT_Asteroid2621.entity_inst
/Main/Big/ENT_Asteroid2622.entity_inst
/Main/Big/ENT_Asteroid2623.entity_inst
/Main/Big/ENT_Asteroid2624.entity_inst
/Main/Big/ENT_Asteroid2625.entity_inst
/Main/Big/ENT_Asteroid2626.entity_inst
/Main/Big/ENT_Asteroid2627.entity_inst
/Main/Big/ENT_Asteroid2628.entity_inst
/Main/Big/ENT_Asteroid2629.entity_inst
/Main/Big/ENT_Asteroid2630.entity_inst
/Main/Big/ENT_Asteroid2631.entity_inst
/Main/Big/ENT_Asteroid2632.entity_inst
/Main/Big/ENT_Asteroid2633.entity_inst
/Main/Big/ENT_Asteroid2634.entity_inst
/Main/Big/ENT_Asteroid2635.entity_inst
/Main/Big/ENT_Asteroid2636.entity_inst
/Main/Big/ENT_Asteroid2637.entity_inst
/Main/Big/ENT_Asteroid2638.entity_inst
/Main/Big/ENT_Asteroid2639.entity_inst
/Main/Big/ENT_Asteroid2640.entity_inst
/Main/Big/ENT_Asteroid2641.entity_inst
/Main/Big/ENT_Asteroid2642.entity_inst
/Main/Big/ENT_Asteroid2643.entity_inst
/Main/Big/ENT_Asteroid2644.entity_inst
/Main/Big/ENT_Asteroid2645.entity_inst
/Main/Big/ENT_Asteroid2646.entity_inst
/Main/Big/ENT_Asteroid2647.entity_inst
/Main/Big/ENT_Asteroid2648.entity_inst
/Main/Big/ENT_Asteroid2649.entity_inst
/Main/Big/ENT_Asteroid2650.entity_inst
/Main/Big/ENT_Asteroid2651.entity_inst
/Main/Big/ENT_Asteroid2652.entity_inst
/Main/Big/ENT_Asteroid2653.entity_inst
/Main/Big/ENT_Asteroid2654.entity_inst
/Main/Big/ENT_Asteroid2655.entity_inst
/Main/Big/ENT_Asteroid2656.entity_inst
/Main/Big/ENT_Asteroid2657.entity_inst
/Main/Big/ENT_Asteroid2658.entity_inst
/Main/Big/ENT_Asteroid2659.entity_inst
/Main/Big/ENT_Asteroid2660.entity_inst
/Main/Big/ENT_Asteroid2661.entity_inst
/Main/Big/ENT_Asteroid2662.entity_inst
/Main/Big/ENT_Asteroid2663.entity_inst
/Main/Big/ENT_Asteroid2664.entity_inst
/Main/Big/ENT_Asteroid2665.entity_inst
/Main/Big/ENT_Asteroid2666.entity_inst
/Main/Big/ENT_Asteroid2667.entity_inst
/Main/Big/ENT_Asteroid2668.entity_inst
/Main/Big/ENT_Asteroid2669.entity_inst
/Main/Big/ENT_Asteroid2670.entity_inst
/Main/Big/ENT_Asteroid2671.entity_inst
/Main/Big/ENT_Asteroid2672.entity_inst
/Main/Big/ENT_Asteroid2673.entity_inst
/Main/Big/ENT_Asteroid2674.entity_inst
/Main/Big/ENT_Asteroid2675.entity_inst
/Main/Big/ENT_Asteroid2676.entity_inst
/Main/Big/ENT_Asteroid2677.entity_inst
/Main/Big/ENT_Asteroid2678.entity_inst
/Main/Big/ENT_Asteroid2679.entity_inst
/Main/Big/ENT_Asteroid2680.entity_inst
/Main/Big/ENT_Asteroid2681.entity_inst
/Main/Big/ENT_Asteroid2682.entity_inst
/Main/Big/ENT_Asteroid2683.entity_inst
/Main/Big/ENT_Asteroid2684.entity_inst
/Main/Big/ENT_Asteroid2685.entity_inst
/Main/Big/ENT_Asteroid2686.entity_inst
/Main/Big/ENT_Asteroid2687.entity_inst
/Main/Big/ENT_Asteroid2688.entity_inst
/Main/Big/ENT_Asteroid2689.entity_inst
/Main/Big/ENT_Asteroid2690.entity_inst
/Main/Big/ENT_Asteroid2691.entity_inst
/Main/Big/ENT_Asteroid2692.entity_inst
/Main/Big/ENT_Asteroid2693.entity_inst
/Main/Big/ENT_Asteroid2694.entity_inst
/Main/Big/ENT_Asteroid2695.entity_inst
/Main/Big/ENT_Asteroid2696.entity_inst
/Main/Big/ENT_Asteroid2697.entity_inst
/Main/Big/ENT_Asteroid2698.entity_inst
/Main/Big/ENT_Asteroid2699.entity_inst
/Main/Big/ENT_Asteroid2700.entity_inst
/Main/Big/ENT_Asteroid2701.entity_inst
/Main/Big/ENT_Asteroid2702.entity_inst
/Main/Big/ENT_Asteroid2703.entity_inst
/Main/Big/ENT_Asteroid2704.entity_inst
/Main/Big/ENT_Asteroid2705.entity_inst
/Main/Big/ENT_Asteroid2706.entity_inst
/Main/Big/ENT_Asteroid2707.entity_inst
/Main/Big/ENT_Asteroid2708.entity_inst
/Main/Big/ENT_Asteroid2709.entity_inst
/Main/Big/ENT_Asteroid2710.entity_inst
/Main/Big/ENT_Asteroid2711.entity_inst
/Main/Big/ENT_Asteroid2712.entity_inst
/Main/Big/ENT_Asteroid2713.entity_inst
/Main/Big/ENT_Asteroid2714.entity_inst
/Main/Big/ENT_Asteroid2715.entity_inst
/Main/Big/ENT_Asteroid2716.entity_inst
/Main/Big/ENT_Asteroid2717.entity_inst
/Main/Big/ENT_Asteroid2718.entity_inst
/Main/Big/ENT_Asteroid2719.entity_inst
/Main/Big/ENT_Asteroid2720.entity_inst
/Main/Big/ENT_Asteroid2721.entity_inst
/Main/Big/ENT_Asteroid2722.entity_inst
/Main/Big/ENT_Asteroid2723.entity_inst
/Main/Big/ENT_Asteroid2724.entity_inst
/Main/Big/ENT_Asteroid2725.entity_inst
/Main/Big/ENT_Asteroid2726.entity_inst
/Main/Big/ENT_Asteroid2727.entity_inst
/Main/Big/ENT_Asteroid2728.entity_inst
/Main/Big/ENT_Asteroid2729.entity_inst
/Main/Big/ENT_Asteroid2730.entity_inst
/Main/Big/ENT_Asteroid2731.entity_inst
/Main/Big/ENT_Asteroid2732.entity_inst
/Main/Big/ENT_Asteroid2733.entity_inst
/Main/Big/ENT_Asteroid2734.entity_inst
/Main/Big/ENT_Asteroid2735.entity_inst
/Main/Big/ENT_Asteroid2736.entity_inst
/Main/Big/ENT_Asteroid2737.entity_inst
/Main/Big/ENT_Asteroid2738.entity_inst
/Main/Big/ENT_Asteroid2739.entity_inst
/Main/Big/ENT_Asteroid2740.entity_inst
/Main/Big/ENT_Asteroid2741.entity_inst
/Main/Big/ENT_Asteroid2742.entity_inst
/Main/Big/ENT_Asteroid2743.entity_inst
/Main/Big/ENT_Asteroid2744.entity_inst
/Main/Big/ENT_Asteroid2745.entity_inst
/Main/Big/ENT_Asteroid2746.entity_inst
/Main/Big/ENT_Asteroid2747.entity_inst
/Main/Big/ENT_Asteroid2748.entity_inst
/Main/Big/ENT_Asteroid2749.entity_inst
/Main/Big/ENT_Asteroid2750.entity_inst
/Main/Big/ENT_Asteroid2751.entity_inst
/Main/Big/ENT_Asteroid2752.entity_inst
/Main/Big/ENT_Asteroid2753.entity_inst
/Main/Big/ENT_Asteroid2754.entity_inst
/Main/Big/ENT_Asteroid2755.entity_inst
/Main/Big/ENT_Asteroid2756.entity_inst
/Main/Big/ENT_Asteroid2757.entity_inst
/Main/Big/ENT_Asteroid2758.entity_inst
/Main/Big/ENT_Asteroid2759.entity_inst
/Main/Big/ENT_Asteroid2760.entity_inst
/Main/Big/ENT_Asteroid2761.entity_inst
/Main/Big/ENT_Asteroid2762.entity_inst
/Main/Big/ENT_Asteroid2763.entity_inst
/Main/Big/ENT_Asteroid2764.entity_inst
/Main/Big/ENT_Asteroid2765.entity_inst
/Main/Big/ENT_Asteroid2766.entity_inst
/Main/Big/ENT_Asteroid2767.entity_inst
/Main/Big/ENT_Asteroid2768.entity_inst
/Main/Big/ENT_Asteroid2769.entity_inst
/Main/Big/ENT_Asteroid2770.entity_inst
/Main/Big/ENT_Asteroid2771.entity_inst
/Main/Big/ENT_Asteroid2772.entity_inst
/Main/Big/ENT_Asteroid2773.entity_inst
/Main/Big/ENT_Asteroid2774.entity_inst
/Main/Big/ENT_Asteroid2775.entity_inst
/Main/Big/ENT_Asteroid2776.entity_inst
/Main/Big/ENT_Asteroid2777.entity_inst
/Main/Big/ENT_Asteroid2778.entity_inst
/Main/Big/ENT_Asteroid2779.entity_inst
/Main/Big/ENT_Asteroid2780.entity_inst
/Main/Big/ENT_Asteroid2781.entity_inst
/Main/Big/ENT_Asteroid2782.entity_inst
/Main/Big/ENT_Asteroid2783.entity_inst
/Main/Big/ENT_Asteroid2784.entity_inst
/Main/Big/ENT_Asteroid2785.entity_inst
/Main/Big/ENT_Asteroid2786.entity_inst
/Main/Big/ENT_Asteroid2787.entity_inst
/Main/Big/ENT_Asteroid2788.entity_inst
/Main/Big/ENT_Asteroid2789.entity_inst
/Main/Big/ENT_Asteroid2790.entity_inst
/Main/Big/ENT_Asteroid2791.entity_inst
/Main/Big/ENT_Asteroid2792.entity_inst
/Main/Big/ENT_Asteroid2793.entity_inst
/Main/Big/ENT_Asteroid2794.entity_inst
/Main/Big/ENT_Asteroid2795.entity_inst
/Main/Big/ENT_Asteroid2796.entity_inst
/Main/Big/ENT_Asteroid2797.entity_inst
/Main/Big/ENT_Asteroid2798.entity_inst
/Main/Big/ENT_Asteroid2799.entity_inst
/Main/Big/ENT_Asteroid2800.entity_inst
/Main/Big/ENT_Asteroid2801.entity_inst
/Main/Big/ENT_Asteroid2802.entity_inst
/Main/Big/ENT_Asteroid2803.entity_inst
/Main/Big/ENT_Asteroid2804.entity_inst
/Main/Big/ENT_Asteroid2805.entity_inst
/Main/Big/ENT_Asteroid2806.entity_inst
/Main/Big/ENT_Asteroid2807.entity_inst
/Main/Big/ENT_Asteroid2808.entity_inst
/Main/Big/ENT_Asteroid2809.entity_inst
/Main/Big/ENT_Asteroid2810.entity_inst
/Main/Big/ENT_Asteroid2811.entity_inst
/Main/Big/ENT_Asteroid2812.entity_inst
/Main/Big/ENT_Asteroid2813.entity_inst
/Main/Big/ENT_Asteroid2814.entity_inst
/Main/Big/ENT_Asteroid2815.entity_inst
/Main/Big/ENT_Asteroid2816.entity_inst
/Main/Big/ENT_Asteroid2817.entity_inst
/Main/Big/ENT_Asteroid2818.entity_inst
/Main/Big/ENT_Asteroid2819.entity_inst
/Main/Big/ENT_Asteroid2820.entity_inst
/Main/Big/ENT_Asteroid2821.entity_inst
/Main/Big/ENT_Asteroid2822.entity_inst
/Main/Big/ENT_Asteroid2823.entity_inst
/Main/Big/ENT_Asteroid2824.entity_inst
/Main/Big/ENT_Asteroid2825.entity_inst
/Main/Big/ENT_Asteroid2826.entity_inst
/Main/Big/ENT_Asteroid2827.entity_inst
/Main/Big/ENT_Asteroid2828.entity_inst
/Main/Big/ENT_Asteroid2829.entity_inst
/Main/Big/ENT_Asteroid2830.entity_inst
/Main/Big/ENT_Asteroid2831.entity_inst
/Main/Big/ENT_Asteroid2832.entity_inst
/Main/Big/ENT_Asteroid2833.entity_inst
/Main/Big/ENT_Asteroid2834.entity_inst
/Main/Big/ENT_Asteroid2835.entity_inst
/Main/Big/ENT_Asteroid2836.entity_inst
/Main/Big/ENT_Asteroid2837.entity_inst
/Main/Big/ENT_Asteroid2838.entity_inst
/Main/Big/ENT_Asteroid2839.entity_inst
/Main/Big/ENT_Asteroid2840.entity_inst
/Main/Big/ENT_Asteroid2841.entity_inst
/Main/Big/ENT_Asteroid2842.entity_inst
/Main/Big/ENT_Asteroid2843.entity_inst
/Main/Big/ENT_Asteroid2844.entity_inst
/Main/Big/ENT_Asteroid2845.entity_inst
/Main/Big/ENT_Asteroid2846.entity_inst
/Main/Big/ENT_Asteroid2847.entity_inst
/Main/Big/ENT_Asteroid2848.entity_inst
/Main/Big/ENT_Asteroid2849.entity_inst
/Main/Big/ENT_Asteroid2850.entity_inst
/Main/Big/ENT_Asteroid2851.entity_inst
/Main/Big/ENT_Asteroid2852.entity_inst
/Main/Big/ENT_Asteroid2853.entity_inst
/Main/Big/ENT_Asteroid2854.entity_inst
/Main/Big/ENT_Asteroid2855.entity_inst
/Main/Big/ENT_Asteroid2856.entity_inst
/Main/Big/ENT_Asteroid2857.entity_inst
/Main/Big/ENT_Asteroid2858.entity_inst
/Main/Big/ENT_Asteroid2859.entity_inst
/Main/Big/ENT_Asteroid2860.entity_inst
/Main/Big/ENT_Asteroid2861.entity_inst
/Main/Big/ENT_Asteroid2862.entity_inst
/Main/Big/ENT_Asteroid2863.entity_inst
/Main/Big/ENT_Asteroid2864.entity_inst
/Main/Big/ENT_Asteroid2865.entity_inst
/Main/Big/ENT_Asteroid2866.entity_inst
/Main/Big/ENT_Asteroid2867.entity_inst
/Main/Big/ENT_Asteroid2868.entity_inst
/Main/Big/ENT_Asteroid2869.entity_inst
/Main/Big/ENT_Asteroid2870.entity_inst
/Main/Big/ENT_Asteroid2871.entity_inst
/Main/Big/ENT_Asteroid2872.entity_inst
/Main/Big/ENT_Asteroid2873.entity_inst
/Main/Big/ENT_Asteroid2874.entity_inst
/Main/Big/ENT_Asteroid2875.entity_inst
/Main/Big/ENT_Asteroid2876.entity_inst
/Main/Big/ENT_Asteroid2877.entity_inst
/Main/Big/ENT_Asteroid2878.entity_inst
/Main/Big/ENT_Asteroid2879.entity_inst
/Main/Big/ENT_Asteroid2880.entity_inst
/Main/Big/ENT_Asteroid2881.entity_inst
/Main/Big/ENT_Asteroid2882.entity_inst
/Main/Big/ENT_Asteroid2883.entity_inst
/Main/Big/ENT_Asteroid2884.entity_inst
/Main/Big/ENT_Asteroid2885.entity_inst
/Main/Big/ENT_Asteroid2886.entity_inst
/Main/Big/ENT_Asteroid2887.entity_inst
/Main/Big/ENT_Asteroid2888.entity_inst
/Main/Big/ENT_Asteroid2889.entity_inst
/Main/Big/ENT_Asteroid2890.entity_inst
/Main/Big/ENT_Asteroid2891.entity_inst
/Main/Big/ENT_Asteroid2892.entity_inst
/Main/Big/ENT_Asteroid1893.entity_inst
/Main/Big/ENT_Asteroid1894.entity_inst
/Main/Big/ENT_Asteroid1895.entity_inst
/Main/Big/ENT_Asteroid1896.entity_inst
/Main/Big/ENT_Asteroid1897.entity_inst
/Main/Big/ENT_Asteroid1898.entity_inst
/Main/Big/ENT_Asteroid1899.entity_inst
/Main/Big/ENT_Asteroid1900.entity_inst
/Main/Big/ENT_Asteroid1901.entity_inst
/Main/Big/ENT_Asteroid1902.entity_inst
/Main/Big/ENT_Asteroid1903.entity_inst
/Main/Big/ENT_Asteroid1904.entity_inst
/Main/Big/ENT_Asteroid1905.entity_inst
/Main/Big/ENT_Asteroid1906.entity_inst
/Main/Big/ENT_Asteroid1907.entity_inst
/Main/Big/ENT_Asteroid1908.entity_inst
/Main/Big/ENT_Asteroid1909.entity_inst
/Main/Big/ENT_Asteroid1910.entity_inst
/Main/Big/ENT_Asteroid1911.entity_inst
/Main/Big/ENT_Asteroid1912.entity_inst
/Main/Big/ENT_Asteroid1913.entity_inst
/Main/Big/ENT_Asteroid1914.entity_inst
/Main/Big/ENT_Asteroid1915.entity_inst
/Main/Big/ENT_Asteroid1916.entity_inst
/Main/Big/ENT_Asteroid1917.entity_inst
/Main/Big/ENT_Asteroid1918.entity_inst
/Main/Big/ENT_Asteroid1919.entity_inst
/Main/Big/ENT_Asteroid1920.entity_inst
/Main/Big/ENT_Asteroid1921.entity_inst
/Main/Big/ENT_Asteroid1922.entity_inst
/Main/Big/ENT_Asteroid1923.entity_inst
/Main/Big/ENT_Asteroid1924.entity_inst
/Main/Big/ENT_Asteroid1925.entity_inst
/Main/Big/ENT_Asteroid1926.entity_inst
/Main/Big/ENT_Asteroid1927.entity_inst
/Main/Big/ENT_Asteroid1928.entity_inst
/Main/Big/ENT_Asteroid1929.entity_inst
/Main/Big/ENT_Asteroid1930.entity_inst
/Main/Big/ENT_Asteroid1931.entity_inst
/Main/Big/ENT_Asteroid1932.entity_inst
/Main/Big/ENT_Asteroid1933.entity_inst
/Main/Big/ENT_Asteroid1934.entity_inst
/Main/Big/ENT_Asteroid1935.entity_inst
/Main/Big/ENT_Asteroid1936.entity_inst
/Main/Big/ENT_Asteroid1937.entity_inst
/Main/Big/ENT_Asteroid1938.entity_inst
/Main/Big/ENT_Asteroid1939.entity_inst
/Main/Big/ENT_Asteroid1940.entity_inst
/Main/Big/ENT_Asteroid1941.entity_inst
/Main/Big/ENT_Asteroid1942.entity_inst
/Main/Big/ENT_Asteroid1943.entity_inst
/Main/Big/ENT_Asteroid1944.entity_inst
/Main/Big/ENT_Asteroid1945.entity_inst
/Main/Big/ENT_Asteroid1946.entity_inst
/Main/Big/ENT_Asteroid1947.entity_inst
/Main/Big/ENT_Asteroid1948.entity_inst
/Main/Big/ENT_Asteroid1949.entity_inst
/Main/Big/ENT_Asteroid1950.entity_inst
/Main/Big/ENT_Asteroid1951.entity_inst
/Main/Big/ENT_Asteroid1952.entity_inst
/Main/Big/ENT_Asteroid1953.entity_inst
/Main/Big/ENT_Asteroid1954.entity_inst
/Main/Big/ENT_Asteroid1955.entity_inst
/Main/Big/ENT_Asteroid1956.entity_inst
/Main/Big/ENT_Asteroid1957.entity_inst
/Main/Big/ENT_Asteroid1958.entity_inst
/Main/Big/ENT_Asteroid1959.entity_inst
/Main/Big/ENT_Asteroid1960.entity_inst
/Main/Big/ENT_Asteroid1961.entity_inst
/Main/Big/ENT_Asteroid1962.entity_inst
/Main/Big/ENT_Asteroid1963.entity_inst
/Main/Big/ENT_Asteroid1964.entity_inst
/Main/Big/ENT_Asteroid1965.entity_inst
/Main/Big/ENT_Asteroid1966.entity_inst
/Main/Big/ENT_Asteroid1967.entity_inst
/Main/Big/ENT_Asteroid1968.entity_inst
/Main/Big/ENT_Asteroid1969.entity_inst
/Main/Big/ENT_Asteroid1970.entity_inst
/Main/Big/ENT_Asteroid1971.entity_inst
/Main/Big/ENT_Asteroid1972.entity_inst
/Main/Big/ENT_Asteroid1973.entity_inst
/Main/Big/ENT_Asteroid1974.entity_inst
/Main/Big/ENT_Asteroid1975.entity_inst
/Main/Big/ENT_Asteroid1976.entity_inst
/Main/Big/ENT_Asteroid1977.entity_inst
/Main/Big/ENT_Asteroid1978.entity_inst
/Main/Big/ENT_Asteroid1979.entity_inst
/Main/Big/ENT_Asteroid1980.entity_inst
/Main/Big/ENT_Asteroid1981.entity_inst
/Main/Big/ENT_Asteroid1982.entity_inst
/Main/Big/ENT_Asteroid1983.entity_inst
/Main/Big/ENT_Asteroid1984.entity_inst
/Main/Big/ENT_Asteroid1985.entity_inst
/Main/Big/ENT_Asteroid1986.entity_inst
/Main/Big/ENT_Asteroid1987.entity_inst
/Main/Big/ENT_Asteroid1988.entity_inst
/Main/Big/ENT_Asteroid1989.entity_inst
/Main/Big/ENT_Asteroid1990.entity_inst
/Main/Big/ENT_Asteroid1991.entity_inst
/Main/Big/ENT_Asteroid1992.entity_inst
/Main/Big/ENT_Asteroid1993.entity_inst
/Main/Big/ENT_Asteroid1994.entity_inst
/Main/Big/ENT_Asteroid1995.entity_inst
/Main/Big/ENT_Asteroid1996.entity_inst
/Main/Big/ENT_Asteroid1997.entity_inst
/Main/Big/ENT_Asteroid1998.entity_inst
/Main/Big/ENT_Asteroid1999.entity_inst
/Main/Big/ENT_Asteroid11000.entity_inst
/Main/Big/ENT_Asteroid11001.entity_inst
/Main/Big/ENT_Asteroid11002.entity_inst
/Main/Big/ENT_Asteroid11003.entity_inst
/Main/Big/ENT_Asteroid11004.entity_inst
/Main/Big/ENT_Asteroid11005.entity_inst
/Main/Big/ENT_Asteroid11006.entity_inst
/Main/Big/ENT_Asteroid11007.entity_inst
/Main/Big/ENT_Asteroid11008.entity_inst
/Main/Big/ENT_Asteroid11009.entity_inst
/Main/Big/ENT_Asteroid11010.entity_inst
/Main/Big/ENT_Asteroid11011.entity_inst
/Main/Big/ENT_Asteroid11012.entity_inst
/Main/Big/ENT_Asteroid11013.entity_inst
/Main/Big/ENT_Asteroid11014.entity_inst
/Main/Big/ENT_Asteroid11015.entity_inst
/Main/Big/ENT_Asteroid11016.entity_inst
/Main/Big/ENT_Asteroid11017.entity_inst
/Main/Big/ENT_Asteroid11018.entity_inst
/Main/Big/ENT_Asteroid11019.entity_inst
/Main/Big/ENT_Asteroid11020.entity_inst
/Main/Big/ENT_Asteroid11021.entity_inst
/Main/Big/ENT_Asteroid11022.entity_inst
/Main/Big/ENT_Asteroid11023.entity_inst
/Main/Big/ENT_Asteroid11024.entity_inst
/Main/Big/ENT_Asteroid11025.entity_inst
/Main/Big/ENT_Asteroid11026.entity_inst
/Main/Big/ENT_Asteroid11027.entity_inst
/Main/Big/ENT_Asteroid11028.entity_inst
/Main/Big/ENT_Asteroid11029.entity_inst
/Main/Big/ENT_Asteroid11030.entity_inst
/Main/Big/ENT_Asteroid11031.entity_inst
/Main/Big/ENT_Asteroid11032.entity_inst
/Main/Big/ENT_Asteroid11033.entity_inst
/Main/Big/ENT_Asteroid11034.entity_inst
/Main/Big/ENT_Asteroid11035.entity_inst
/Main/Big/ENT_Asteroid11036.entity_inst
/Main/Big/ENT_Asteroid11037.entity_inst
/Main/Big/ENT_Asteroid11038.entity_inst
/Main/Big/ENT_Asteroid11039.entity_inst
/Main/Big/ENT_Asteroid11040.entity_inst
/Main/Big/ENT_Asteroid11041.entity_inst
/Main/Big/ENT_Asteroid11042.entity_inst
/Main/Big/ENT_Asteroid11043.entity_inst
/Main/Big/ENT_Asteroid11044.entity_inst
/Main/Big/ENT_Asteroid11045.entity_inst
/Main/Big/ENT_Asteroid11046.entity_inst
/Main/Big/ENT_Asteroid11047.entity_inst
/Main/Big/ENT_Asteroid11048.entity_inst
/Main/Big/ENT_Asteroid11049.entity_inst
/Main/Big/ENT_Asteroid11050.entity_inst
/Main/Big/ENT_Asteroid11051.entity_inst
/Main/Big/ENT_Asteroid11052.entity_inst
/Main/Big/ENT_Asteroid11053.entity_inst
/Main/Big/ENT_Asteroid11054.entity_inst
/Main/Big/ENT_Asteroid11055.entity_inst
/Main/Big/ENT_Asteroid11056.entity_inst
/Main/Big/ENT_Asteroid11057.entity_inst
/Main/Big/ENT_Asteroid11058.entity_inst
/Main/Big/ENT_Asteroid11059.entity_inst
/Main/Big/ENT_Asteroid11060.entity_inst
/Main/Big/ENT_Asteroid11061.entity_inst
/Main/Big/ENT_Asteroid11062.entity_inst
/Main/Big/ENT_Asteroid11063.entity_inst
/Main/Big/ENT_Asteroid11064.entity_inst
/Main/Big/ENT_Asteroid11065.entity_inst
/Main/Big/ENT_Asteroid11066.entity_inst
/Main/Big/ENT_Asteroid11067.entity_inst
/Main/Big/ENT_Asteroid11068.entity_inst
/Main/Big/ENT_Asteroid11069.entity_inst
/Main/Big/ENT_Asteroid11070.entity_inst
/Main/Big/ENT_Asteroid11071.entity_inst
/Main/Big/ENT_Asteroid11072.entity_inst
/Main/Big/ENT_Asteroid11073.entity_inst
/Main/Big/ENT_Asteroid11074.entity_inst
/Main/Big/ENT_Asteroid11075.entity_inst
/Main/Big/ENT_Asteroid11076.entity_inst
/Main/Big/ENT_Asteroid11077.entity_inst
/Main/Big/ENT_Asteroid11078.entity_inst
/Main/Big/ENT_Asteroid11079.entity_inst
/Main/Big/ENT_Asteroid11080.entity_inst
/Main/Big/ENT_Asteroid11081.entity_inst
/Main/Big/ENT_Asteroid11082.entity_inst
/Main/Big/ENT_Asteroid11083.entity_inst
/Main/Big/ENT_Asteroid11084.entity_inst
/Main/Big/ENT_Asteroid11085.entity_inst
/Main/Big/ENT_Asteroid11086.entity_inst
/Main/Big/ENT_Asteroid11087.entity_inst
/Main/Big/ENT_Asteroid11088.entity_inst
/Main/Big/ENT_Asteroid11089.entity_inst
/Main/Big/ENT_Asteroid11090.entity_inst
/Main/Big/ENT_Asteroid11091.entity_inst
/Main/Big/ENT_Asteroid11092.entity_inst
/Main/Big/ENT_Asteroid11093.entity_inst
/Main/Big/ENT_Asteroid11094.entity_inst
/Main/Big/ENT_Asteroid11095.entity_inst
/Main/Big/ENT_Asteroid11096.entity_inst
/Main/Big/ENT_Asteroid11097.entity_inst
/Main/Big/ENT_Asteroid11098.entity_inst
/Main/Big/ENT_Asteroid11099.entity_inst
/Main/Big/ENT_Asteroid11100.entity_inst
/Main/Big/ENT_Asteroid11101.entity_inst
/Main/Big/ENT_Asteroid11102.entity_inst
/Main/Big/ENT_Asteroid11103.entity_inst
/Main/Big/ENT_Asteroid11104.entity_inst
/Main/Big/ENT_Asteroid11105.entity_inst
/Main/Big/ENT_Asteroid11106.entity_inst
/Main/Big/ENT_Asteroid11107.entity_inst
/Main/Big/ENT_Asteroid11108.entity_inst
/Main/Big/ENT_Asteroid11109.entity_inst
/Main/Big/ENT_Asteroid11110.entity_inst
/Main/Big/ENT_Asteroid11111.entity_inst
/Main/Big/ENT_Asteroid11112.entity_inst
/Main/Big/ENT_Asteroid11113.entity_inst
/Main/Big/ENT_Asteroid11114.entity_inst
/Main/Big/ENT_Asteroid11115.entity_inst
/Main/Big/ENT_Asteroid11116.entity_inst
/Main/Big/ENT_Asteroid11117.entity_inst
/Main/Big/ENT_Asteroid11118.entity_inst
/Main/Big/ENT_Asteroid11119.entity_inst
/Main/Big/ENT_Asteroid11120.entity_inst
/Main/Big/ENT_Asteroid11121.entity_inst
/Main/Big/ENT_Asteroid11122.entity_inst
/Main/Big/ENT_Asteroid11123.entity_inst
/Main/Big/ENT_Asteroid11124.entity_inst
/Main/Big/ENT_Asteroid11125.entity_inst
/Main/Big/ENT_Asteroid11126.entity_inst
/Main/Big/ENT_Asteroid11127.entity_inst
/Main/Big/ENT_Asteroid11128.entity_inst
/Main/Big/ENT_Asteroid11129.entity_inst
/Main/Big/ENT_Asteroid11130.entity_inst
/Main/Big/ENT_Asteroid11131.entity_inst
/Main/Big/ENT_Asteroid11132.entity_inst
/Main/Big/ENT_Asteroid11133.entity_inst
/Main/Big/ENT_Asteroid11134.entity_inst
/Main/Big/ENT_Asteroid11135.entity_inst
/Main/Big/ENT_Asteroid11136.entity_inst
/Main/Big/ENT_Asteroid11137.entity_inst
/Main/Big/ENT_Asteroid11138.entity_inst
/Main/Big/ENT_Asteroid11139.entity_inst
/Main/Big/ENT_Asteroid11140.entity_inst
/Main/Big/ENT_Asteroid11141.entity_inst
/Main/Big/ENT_Asteroid11142.entity_inst
/Main/Big/ENT_Asteroid11143.entity_inst
/Main/Big/ENT_Asteroid11144.entity_inst
/Main/Big/ENT_Asteroid11145.entity_inst
/Main/Big/ENT_Asteroid11146.entity_inst
/Main/Big/ENT_Asteroid11147.entity_inst
/Main/Big/ENT_Asteroid11148.entity_inst
/Main/Big/ENT_Asteroid11149.entity_inst
/Main/Big/ENT_Asteroid11150.entity_inst
/Main/Big/ENT_Asteroid11151.entity_inst
/Main/Big/ENT_Asteroid11152.entity_inst
/Main/Big/ENT_Asteroid11153.entity_inst
/Main/Big/ENT_Asteroid11154.entity_inst
/Main/Big/ENT_Asteroid11155.entity_inst
/Main/Big/ENT_Asteroid11156.entity_inst
/Main/Big/ENT_Asteroid11157.entity_inst
/Main/Big/ENT_Asteroid11158.entity_inst
/Main/Big/ENT_Asteroid11159.entity_inst
/Main/Big/ENT_Asteroid11160.entity_inst
/Main/Big/ENT_Asteroid11161.entity_inst
/Main/Big/ENT_Asteroid11162.entity_inst
/Main/Big/ENT_Asteroid11163.entity_inst
/Main/Big/ENT_Asteroid11164.entity_inst
/Main/Big/ENT_Asteroid11165.entity_inst
/Main/Big/ENT_Asteroid11166.entity_inst
/Main/Big/ENT_Asteroid11167.entity_inst
/Main/Big/ENT_Asteroid11168.entity_inst
/Main/Big/ENT_Asteroid11169.entity_inst
/Main/Big/ENT_Asteroid11170.entity_inst
/Main/Big/ENT_Asteroid11171.entity_inst
/Main/Big/ENT_Asteroid11172.entity_inst
/Main/Big/ENT_Asteroid11173.entity_inst
/Main/Big/ENT_Asteroid11174.entity_inst
/Main/Big/ENT_Asteroid11175.entity_inst
/Main/Big/ENT_Asteroid11176.entity_inst
/Main/Big/ENT_Asteroid11177.entity_inst
/Main/Big/ENT_Asteroid11178.entity_inst
/Main/Big/ENT_Asteroid11179.entity_inst
/Main/Big/ENT_Asteroid11180.entity_inst
/Main/Big/ENT_Asteroid11181.entity_inst
/Main/Big/ENT_Asteroid11182.entity_inst
/Main/Big/ENT_Asteroid11183.entity_inst
/Main/Big/ENT_Asteroid11184.entity_inst
/Main/Big/ENT_Asteroid11185.entity_inst
/Main/Big/ENT_Asteroid11186.entity_inst
/Main/Big/ENT_Asteroid11187.entity_inst
/Main/Big/ENT_Asteroid11188.entity_inst
/Main/Big/ENT_Asteroid11189.entity_inst
/Main/Big/ENT_Asteroid11190.entity_inst
/Main/Big/ENT_Asteroid11191.entity_inst
/Main/Big/ENT_Asteroid11192.entity_inst
/Main/Big/ENT_Asteroid11193.entity_inst
/Main/Big/ENT_Asteroid11194.entity_inst
/Main/Big/ENT_Asteroid11195.entity_inst
/Main/Big/ENT_Asteroid11196.entity_inst
/Main/Big/ENT_Asteroid11197.entity_inst
/Main/Big/ENT_Asteroid11198.entity_inst
/Main/Big/ENT_Asteroid11199.entity_inst
/Main/Big/ENT_Asteroid11200.entity_inst
/Main/Big/ENT_Asteroid11201.entity_inst
/Main/Big/ENT_Asteroid11202.entity_inst
/Main/Big/ENT_Asteroid11203.entity_inst
/Main/Big/ENT_Asteroid11204.entity_inst
/Main/Big/ENT_Asteroid11205.entity_inst
/Main/Big/ENT_Asteroid11206.entity_inst
/Main/Big/ENT_Asteroid11207.entity_inst
/Main/Big/ENT_Asteroid11208.entity_inst
/Main/Big/ENT_Asteroid11209.entity_inst
/Main/Big/ENT_Asteroid11210.entity_inst
/Main/Big/ENT_Asteroid11211.entity_inst
/Main/Big/ENT_Asteroid11212.entity_inst
/Main/Big/ENT_Asteroid11213.entity_inst
/Main/Big/ENT_Asteroid11214.entity_inst
/Main/Big/ENT_Asteroid11215.entity_inst
/Main/Big/ENT_Asteroid11216.entity_inst
/Main/Big/ENT_Asteroid11217.entity_inst
/Main/Big/ENT_Asteroid11218.entity_inst
/Main/Big/ENT_Asteroid11219.entity_inst
/Main/Big/ENT_Asteroid11220.entity_inst
/Main/Big/ENT_Asteroid11221.entity_inst
/Main/Big/ENT_Asteroid11222.entity_inst
/Main/Big/ENT_Asteroid11223.entity_inst
/Main/Big/ENT_Asteroid11224.entity_inst
/Main/Big/ENT_Asteroid11225.entity_inst
/Main/Big/ENT_Asteroid11226.entity_inst
/Main/Big/ENT_Asteroid11227.entity_inst
/Main/Big/ENT_Asteroid11228.entity_inst
/Main/Big/ENT_Asteroid11229.entity_inst
/Main/Big/ENT_Asteroid11230.entity_inst
/Main/Big/ENT_Asteroid11231.entity_inst
/Main/Big/ENT_Asteroid11232.entity_inst
/Main/Big/ENT_Asteroid11233.entity_inst
/Main/Big/ENT_Asteroid11234.entity_inst
/Main/Big/ENT_Asteroid11235.entity_inst
/Main/Big/ENT_Asteroid11236.entity_inst
/Main/Big/ENT_Asteroid11237.entity_inst
/Main/Big/ENT_Asteroid11238.entity_inst
/Main/Big/ENT_Asteroid11239.entity_inst
/Main/Big/ENT_Asteroid11240.entity_inst
/Main/Big/ENT_Asteroid11241.entity_inst
/Main/Big/ENT_Asteroid11242.entity_inst
/Main/Big/ENT_Asteroid11243.entity_inst
/Main/Big/ENT_Asteroid11244.entity_inst
/Main/Big/ENT_Asteroid11245.entity_inst
/Main/Big/ENT_Asteroid11246.entity_inst
/Main/Big/ENT_Asteroid11247.entity_inst
/Main/Big/ENT_Asteroid11248.entity_inst
/Main/Big/ENT_Asteroid11249.entity_inst
/Main/Big/ENT_Asteroid11250.entity_inst
/Main/Big/ENT_Asteroid11251.entity_inst
/Main/Big/ENT_Asteroid11252.entity_inst
/Main/Big/ENT_Asteroid11253.entity_inst
/Main/Big/ENT_Asteroid11254.entity_inst
/Main/Big/ENT_Asteroid11255.entity_inst
/Main/Big/ENT_Asteroid11256.entity_inst
/Main/Big/ENT_Asteroid11257.entity_inst
/Main/Big/ENT_Asteroid11258.entity_inst
/Main/Big/ENT_Asteroid11259.entity_inst
/Main/Big/ENT_Asteroid11260.entity_inst
/Main/Big/ENT_Asteroid11261.entity_inst
/Main/Big/ENT_Asteroid11262.entity_inst
/Main/Big/ENT_Asteroid11263.entity_inst
/Main/Big/ENT_Asteroid11264.entity_inst
/Main/Big/ENT_Asteroid11265.entity_inst
/Main/Big/ENT_Asteroid11266.entity_inst
/Main/Big/ENT_Asteroid11267.entity_inst
/Main/Big/ENT_Asteroid11268.entity_inst
/Main/Big/ENT_Asteroid11269.entity_inst
/Main/Big/ENT_Asteroid11270.entity_inst
/Main/Big/ENT_Asteroid11271.entity_inst
/Main/Big/ENT_Asteroid11272.entity_inst
/Main/Big/ENT_Asteroid11273.entity_inst
/Main/Big/ENT_Asteroid11274.entity_inst
/Main/Big/ENT_Asteroid11275.entity_inst
/Main/Big/ENT_Asteroid11276.entity_inst
/Main/Big/ENT_Asteroid11277.entity_inst
/Main/Big/ENT_Asteroid11278.entity_inst
/Main/Big/ENT_Asteroid11279.entity_inst
/Main/Big/ENT_Asteroid11280.entity_inst
/Main/Big/ENT_Asteroid11281.entity_inst
/Main/Big/ENT_Asteroid11282.entity_inst
/Main/Big/ENT_Asteroid11283.entity_inst
/Main/Big/ENT_Asteroid11284.entity_inst
/Main/Big/ENT_Asteroid11285.entity_inst
/Main/Big/ENT_Asteroid11286.entity_inst
/Main/Big/ENT_Asteroid11287.entity_inst
/Main/Big/ENT_Asteroid11288.entity_inst
/Main/Big/ENT_Asteroid11289.entity_inst
/Main/Big/ENT_Asteroid11290.entity_inst
/Main/Big/ENT_Asteroid11291.entity_inst
/Main/Big/ENT_Asteroid11292.entity_inst
/Main/Big/ENT_Asteroid11293.entity_inst
/Main/Big/ENT_Asteroid11294.entity_inst
/Main/Big/ENT_Asteroid11295.entity_inst
/Main/Big/ENT_Asteroid11296.entity_inst
/Main/Big/ENT_Asteroid11297.entity_inst
/Main/Big/ENT_Asteroid11298.entity_inst
/Main/Big/ENT_Asteroid11299.entity_inst
/Main/Big/ENT_Asteroid11300.entity_inst
/Main/Big/ENT_Asteroid11301.entity_inst
/Main/Big/ENT_Asteroid11302.entity_inst
/Main/Big/ENT_Asteroid11303.entity_inst
/Main/Big/ENT_Asteroid11304.entity_inst
/Main/Big/ENT_Asteroid11305.entity_inst
/Main/Big/ENT_Asteroid11306.entity_inst
/Main/Big/ENT_Asteroid11307.entity_inst
/Main/Big/ENT_Asteroid11308.entity_inst
/Main/Big/ENT_Asteroid11309.entity_inst
/Main/Big/ENT_Asteroid11310.entity_inst
/Main/Big/ENT_Asteroid11311.entity_inst
/Main/Big/ENT_Asteroid11312.entity_inst
/Main/Big/ENT_Asteroid11313.entity_inst
/Main/Big/ENT_Asteroid11314.entity_inst
/Main/Big/ENT_Asteroid11315.entity_inst
/Main/Big/ENT_Asteroid11316.entity_inst
/Main/Big/ENT_Asteroid11317.entity_inst
/Main/Big/ENT_Asteroid11318.entity_inst
/Main/Big/ENT_Asteroid11319.entity_inst
/Main/Big/ENT_Asteroid11320.entity_inst
/Main/Big/ENT_Asteroid11321.entity_inst
/Main/Big/ENT_Asteroid11322.entity_inst
/Main/Big/ENT_Asteroid11323.entity_inst
/Main/Big/ENT_Asteroid11324.entity_inst
/Main/Big/ENT_Asteroid11325.entity_inst
/Main/Big/ENT_Asteroid11326.entity_inst
/Main/Big/ENT_Asteroid11327.entity_inst
/Main/Big/ENT_Asteroid11328.entity_inst
/Main/Big/ENT_Asteroid11329.entity_inst
/Main/Big/ENT_Asteroid11330.entity_inst
/Main/Big/ENT_Asteroid11331.entity_inst
/Main/Big/ENT_Asteroid11332.entity_inst
/Main/Big/ENT_Asteroid11333.entity_inst
/Main/Big/ENT_Asteroid11334.entity_inst
/Main/Big/ENT_Asteroid11335.entity_inst
/Main/Big/ENT_Asteroid11336.entity_inst
/Main/Big/ENT_Asteroid11337.entity_inst
/Main/Big/ENT_Asteroid11338.entity_inst
/Main/Big/ENT_Asteroid11339.entity_inst
/Main/Big/ENT_Asteroid11340.entity_inst
/Main/Big/ENT_Asteroid11341.entity_inst
/Main/Big/ENT_Asteroid11342.entity_inst
/Main/Big/ENT_Asteroid11343.entity_inst
/Main/Big/ENT_Asteroid11344.entity_inst
/Main/Big/ENT_Asteroid11345.entity_inst
/Main/Big/ENT_Asteroid11346.entity_inst
/Main/Big/ENT_Asteroid11347.entity_inst
/Main/Big/ENT_Asteroid11348.entity_inst
/Main/Big/ENT_Asteroid11349.entity_inst
/Main/Big/ENT_Asteroid11350.entity_inst
/Main/Big/ENT_Asteroid11351.entity_inst
/Main/Big/ENT_Asteroid11352.entity_inst
/Main/Big/ENT_Asteroid11353.entity_inst
/Main/Big/ENT_Asteroid11354.entity_inst
/Main/Big/ENT_LadaiZhigyulai11355.entity_inst
/Main/Big/ENT_TestBaseDD1357.entity_inst
/Main/Big/ENT_TestBaseDD1358.entity_inst
