/Main/BigTest/ENT_NewBase0.entity_inst
/Main/BigTest/ENT_NewBase1.entity_inst
/Main/BigTest/ENT_LadaiGhadzel12.entity_inst
/Main/BigTest/ENT_LadaiGhadzel13.entity_inst
/Main/BigTest/ENT_LadaiGhadzel14.entity_inst
/Main/BigTest/ENT_LadaiGhadzel15.entity_inst
/Main/BigTest/ENT_LadaiGhadzel16.entity_inst
/Main/BigTest/ENT_LadaiGhadzel17.entity_inst
/Main/BigTest/ENT_LadaiGhadzel18.entity_inst
/Main/BigTest/ENT_LadaiGhadzel19.entity_inst
/Main/BigTest/ENT_LadaiGhadzel110.entity_inst
/Main/BigTest/ENT_LadaiGhadzel111.entity_inst
/Main/BigTest/ENT_LadaiGhadzel112.entity_inst
/Main/BigTest/ENT_LadaiGhadzel113.entity_inst
/Main/BigTest/ENT_LadaiGhadzel114.entity_inst
/Main/BigTest/ENT_LadaiGhadzel115.entity_inst
/Main/BigTest/ENT_LadaiGhadzel116.entity_inst
/Main/BigTest/ENT_LadaiGhadzel117.entity_inst
/Main/BigTest/ENT_NewBase18.entity_inst
/Main/BigTest/ENT_NewBase19.entity_inst
/Main/BigTest/ENT_LadaiNeuva121.entity_inst
/Main/BigTest/ENT_LadaiGhadzel122.entity_inst
/Main/BigTest/ENT_LadaiGhadzel123.entity_inst
/Main/BigTest/ENT_LadaiGhadzel124.entity_inst
/Main/BigTest/ENT_LadaiGhadzel125.entity_inst
/Main/BigTest/ENT_LadaiGhadzel126.entity_inst
/Main/BigTest/ENT_LadaiGhadzel127.entity_inst
/Main/BigTest/ENT_LadaiGhadzel128.entity_inst
/Main/BigTest/ENT_LadaiGhadzel129.entity_inst
/Main/BigTest/ENT_LadaiGhadzel130.entity_inst
/Main/BigTest/ENT_LadaiGhadzel131.entity_inst
/Main/BigTest/ENT_LadaiGhadzel132.entity_inst
/Main/BigTest/ENT_LadaiGhadzel133.entity_inst
/Main/BigTest/ENT_LadaiGhadzel134.entity_inst
/Main/BigTest/ENT_LadaiGhadzel135.entity_inst
/Main/BigTest/ENT_LadaiGhadzel136.entity_inst
/Main/BigTest/ENT_LadaiGhadzel137.entity_inst
/Main/BigTest/ENT_LadaiGhadzel138.entity_inst
/Main/BigTest/ENT_LadaiGhadzel139.entity_inst
/Main/BigTest/ENT_LadaiGhadzel140.entity_inst
/Main/BigTest/ENT_LadaiGhadzel141.entity_inst
/Main/BigTest/ENT_LadaiGhadzel142.entity_inst
/Main/BigTest/ENT_LadaiGhadzel143.entity_inst
/Main/BigTest/ENT_LadaiGhadzel144.entity_inst
/Main/BigTest/ENT_LadaiGhadzel145.entity_inst
/Main/BigTest/ENT_LadaiGhadzel146.entity_inst
/Main/BigTest/ENT_LadaiGhadzel147.entity_inst
/Main/BigTest/ENT_LadaiGhadzel148.entity_inst
/Main/BigTest/ENT_LadaiGhadzel149.entity_inst
/Main/BigTest/ENT_LadaiGhadzel150.entity_inst
/Main/BigTest/ENT_LadaiGhadzel151.entity_inst
/Main/BigTest/ENT_LadaiGhadzel152.entity_inst
/Main/BigTest/ENT_LadaiGhadzel153.entity_inst
/Main/BigTest/ENT_LadaiGhadzel154.entity_inst
/Main/BigTest/ENT_LadaiGhadzel155.entity_inst
/Main/BigTest/ENT_LadaiGhadzel156.entity_inst
/Main/BigTest/ENT_LadaiGhadzel157.entity_inst
/Main/BigTest/ENT_LadaiGhadzel158.entity_inst
/Main/BigTest/ENT_LadaiGhadzel159.entity_inst
/Main/BigTest/ENT_LadaiGhadzel160.entity_inst
/Main/BigTest/ENT_LadaiGhadzel161.entity_inst
/Main/BigTest/ENT_LadaiGhadzel162.entity_inst
/Main/BigTest/ENT_LadaiGhadzel163.entity_inst
/Main/BigTest/ENT_LadaiGhadzel164.entity_inst
/Main/BigTest/ENT_LadaiGhadzel165.entity_inst
/Main/BigTest/ENT_NewBase66.entity_inst
/Main/BigTest/ENT_NewBase67.entity_inst
/Main/BigTest/ENT_NewBase68.entity_inst
/Main/BigTest/ENT_NewBase69.entity_inst
/Main/BigTest/ENT_NewBase70.entity_inst
/Main/BigTest/ENT_NewBase71.entity_inst
/Main/BigTest/ENT_NewBase72.entity_inst
/Main/BigTest/ENT_NewBase73.entity_inst
/Main/BigTest/ENT_NewBase74.entity_inst
/Main/BigTest/ENT_NewBase75.entity_inst
/Main/BigTest/ENT_NewBase76.entity_inst
/Main/BigTest/ENT_NewBase77.entity_inst
/Main/BigTest/ENT_NewBase78.entity_inst
/Main/BigTest/ENT_NewBase79.entity_inst
/Main/BigTest/ENT_NewBase80.entity_inst
/Main/BigTest/ENT_NewBase81.entity_inst
/Main/BigTest/ENT_NewBase82.entity_inst
/Main/BigTest/ENT_NewBase83.entity_inst
/Main/BigTest/ENT_LadaiGhadzel184.entity_inst
/Main/BigTest/ENT_LadaiGhadzel185.entity_inst
/Main/BigTest/ENT_LadaiGhadzel186.entity_inst
/Main/BigTest/ENT_LadaiGhadzel187.entity_inst
/Main/BigTest/ENT_LadaiGhadzel188.entity_inst
/Main/BigTest/ENT_LadaiGhadzel189.entity_inst
/Main/BigTest/ENT_LadaiGhadzel190.entity_inst
/Main/BigTest/ENT_LadaiGhadzel191.entity_inst
/Main/BigTest/ENT_LadaiGhadzel192.entity_inst
/Main/BigTest/ENT_LadaiGhadzel193.entity_inst
/Main/BigTest/ENT_LadaiGhadzel194.entity_inst
/Main/BigTest/ENT_LadaiGhadzel195.entity_inst
/Main/BigTest/ENT_LadaiGhadzel196.entity_inst
/Main/BigTest/ENT_LadaiGhadzel197.entity_inst
/Main/BigTest/ENT_LadaiGhadzel198.entity_inst
/Main/BigTest/ENT_LadaiGhadzel199.entity_inst
/Main/BigTest/ENT_LadaiGhadzel1100.entity_inst
/Main/BigTest/ENT_LadaiGhadzel1101.entity_inst
/Main/BigTest/ENT_LadaiGhadzel1102.entity_inst
/Main/BigTest/ENT_LadaiGhadzel1103.entity_inst
/Main/BigTest/ENT_LadaiGhadzel1104.entity_inst
/Main/BigTest/ENT_LadaiGhadzel1105.entity_inst
/Main/BigTest/ENT_LadaiGhadzel1106.entity_inst
/Main/BigTest/ENT_LadaiGhadzel1107.entity_inst
/Main/BigTest/ENT_LadaiGhadzel1108.entity_inst
/Main/BigTest/ENT_LadaiGhadzel1109.entity_inst
/Main/BigTest/ENT_LadaiGhadzel1110.entity_inst
/Main/BigTest/ENT_LadaiGhadzel1111.entity_inst
/Main/BigTest/ENT_LadaiGhadzel1112.entity_inst
/Main/BigTest/ENT_LadaiGhadzel1113.entity_inst
/Main/BigTest/ENT_LadaiGhadzel1114.entity_inst
/Main/BigTest/ENT_LadaiGhadzel1115.entity_inst
/Main/BigTest/ENT_LadaiGhadzel1116.entity_inst
/Main/BigTest/ENT_LadaiGhadzel1117.entity_inst
/Main/BigTest/ENT_LadaiGhadzel1118.entity_inst
/Main/BigTest/ENT_LadaiGhadzel1119.entity_inst
/Main/BigTest/ENT_LadaiGhadzel1120.entity_inst
/Main/BigTest/ENT_LadaiGhadzel1121.entity_inst
/Main/BigTest/ENT_LadaiGhadzel1122.entity_inst
/Main/BigTest/ENT_LadaiGhadzel1123.entity_inst
/Main/BigTest/ENT_LadaiGhadzel1124.entity_inst
/Main/BigTest/ENT_LadaiGhadzel1125.entity_inst
/Main/BigTest/ENT_LadaiGhadzel1126.entity_inst
/Main/BigTest/ENT_LadaiGhadzel1127.entity_inst
/Main/BigTest/ENT_LadaiGhadzel1128.entity_inst
/Main/BigTest/ENT_LadaiGhadzel1129.entity_inst
/Main/BigTest/ENT_LadaiGhadzel1130.entity_inst
/Main/BigTest/ENT_LadaiGhadzel1131.entity_inst
/Main/BigTest/ENT_LadaiGhadzel1132.entity_inst
/Main/BigTest/ENT_LadaiGhadzel1133.entity_inst
/Main/BigTest/ENT_LadaiGhadzel1134.entity_inst
/Main/BigTest/ENT_LadaiGhadzel1135.entity_inst
/Main/BigTest/ENT_LadaiGhadzel1136.entity_inst
/Main/BigTest/ENT_LadaiGhadzel1137.entity_inst
/Main/BigTest/ENT_LadaiGhadzel1138.entity_inst
/Main/BigTest/ENT_LadaiGhadzel1139.entity_inst
/Main/BigTest/ENT_LadaiGhadzel1140.entity_inst
/Main/BigTest/ENT_LadaiGhadzel1141.entity_inst
/Main/BigTest/ENT_LadaiGhadzel1142.entity_inst
/Main/BigTest/ENT_LadaiGhadzel1143.entity_inst
/Main/BigTest/ENT_LadaiGhadzel1144.entity_inst
/Main/BigTest/ENT_LadaiGhadzel1145.entity_inst
/Main/BigTest/ENT_LadaiGhadzel1146.entity_inst
/Main/BigTest/ENT_LadaiGhadzel1147.entity_inst
/Main/BigTest/ENT_LadaiGhadzel1148.entity_inst
/Main/BigTest/ENT_LadaiGhadzel1149.entity_inst
/Main/BigTest/ENT_LadaiGhadzel1150.entity_inst
/Main/BigTest/ENT_LadaiGhadzel1151.entity_inst
/Main/BigTest/ENT_LadaiGhadzel1152.entity_inst
/Main/BigTest/ENT_LadaiGhadzel1153.entity_inst
/Main/BigTest/ENT_LadaiGhadzel1154.entity_inst
/Main/BigTest/ENT_LadaiGhadzel1155.entity_inst
/Main/BigTest/ENT_LadaiGhadzel1156.entity_inst
/Main/BigTest/ENT_LadaiGhadzel1157.entity_inst
/Main/BigTest/ENT_LadaiGhadzel1158.entity_inst
/Main/BigTest/ENT_LadaiGhadzel1159.entity_inst
/Main/BigTest/ENT_LadaiGhadzel1160.entity_inst
/Main/BigTest/ENT_LadaiGhadzel1161.entity_inst
/Main/BigTest/ENT_LadaiGhadzel1162.entity_inst
/Main/BigTest/ENT_LadaiGhadzel1163.entity_inst
/Main/BigTest/ENT_LadaiGhadzel1164.entity_inst
/Main/BigTest/ENT_LadaiGhadzel1165.entity_inst
/Main/BigTest/ENT_LadaiGhadzel1166.entity_inst
/Main/BigTest/ENT_LadaiGhadzel1167.entity_inst
/Main/BigTest/ENT_LadaiGhadzel1168.entity_inst
/Main/BigTest/ENT_LadaiGhadzel1169.entity_inst
/Main/BigTest/ENT_LadaiGhadzel1170.entity_inst
/Main/BigTest/ENT_LadaiGhadzel1171.entity_inst
/Main/BigTest/ENT_LadaiNeuva1172.entity_inst
/Main/BigTest/ENT_LadaiZhigyulai1173.entity_inst
/Main/BigTest/ENT_LadaiZhigyulai1174.entity_inst
/Main/BigTest/ENT_LadaiZhigyulai1175.entity_inst
/Main/BigTest/ENT_LadaiZhigyulai1176.entity_inst
/Main/BigTest/ENT_LadaiZhigyulai1177.entity_inst
/Main/BigTest/ENT_LadaiZhigyulai1178.entity_inst
/Main/BigTest/ENT_LadaiZhigyulai1179.entity_inst
/Main/BigTest/ENT_LadaiZhigyulai1180.entity_inst
/Main/BigTest/ENT_LadaiZhigyulai1181.entity_inst
/Main/BigTest/ENT_LadaiZhigyulai1182.entity_inst
/Main/BigTest/ENT_LadaiZhigyulai1183.entity_inst
/Main/BigTest/ENT_LadaiNeuva1184.entity_inst
