/Main/Empty/ENT_Asteroid12485.entity_inst
/Main/Empty/ENT_Asteroid12484.entity_inst
/Main/Empty/ENT_Asteroid12483.entity_inst
/Main/Empty/ENT_Asteroid12482.entity_inst
/Main/Empty/ENT_Asteroid12481.entity_inst
/Main/Empty/ENT_Asteroid12480.entity_inst
/Main/Empty/ENT_Asteroid12479.entity_inst
/Main/Empty/ENT_Asteroid12478.entity_inst
/Main/Empty/ENT_Asteroid12477.entity_inst
/Main/Empty/ENT_Asteroid12476.entity_inst
/Main/Empty/ENT_Asteroid12475.entity_inst
/Main/Empty/ENT_Asteroid12474.entity_inst
/Main/Empty/ENT_Asteroid12473.entity_inst
/Main/Empty/ENT_Asteroid12472.entity_inst
/Main/Empty/ENT_Asteroid12471.entity_inst
/Main/Empty/ENT_Asteroid12470.entity_inst
/Main/Empty/ENT_Asteroid12469.entity_inst
/Main/Empty/ENT_Asteroid32468.entity_inst
/Main/Empty/ENT_Asteroid32467.entity_inst
/Main/Empty/ENT_Asteroid32466.entity_inst
/Main/Empty/ENT_Asteroid32465.entity_inst
/Main/Empty/ENT_Asteroid32464.entity_inst
/Main/Empty/ENT_Asteroid32463.entity_inst
/Main/Empty/ENT_Asteroid32462.entity_inst
/Main/Empty/ENT_Asteroid32461.entity_inst
/Main/Empty/ENT_Asteroid32460.entity_inst
/Main/Empty/ENT_Asteroid32459.entity_inst
/Main/Empty/ENT_Asteroid32458.entity_inst
/Main/Empty/ENT_Asteroid32457.entity_inst
/Main/Empty/ENT_Asteroid32456.entity_inst
/Main/Empty/ENT_Asteroid32455.entity_inst
/Main/Empty/ENT_Asteroid32454.entity_inst
/Main/Empty/ENT_Asteroid32453.entity_inst
/Main/Empty/ENT_Asteroid32452.entity_inst
/Main/Empty/ENT_Asteroid32451.entity_inst
/Main/Empty/ENT_Asteroid32450.entity_inst
/Main/Empty/ENT_Asteroid32449.entity_inst
/Main/Empty/ENT_Asteroid32448.entity_inst
/Main/Empty/ENT_Asteroid32447.entity_inst
/Main/Empty/ENT_Asteroid32446.entity_inst
/Main/Empty/ENT_Asteroid32445.entity_inst
/Main/Empty/ENT_Asteroid32444.entity_inst
/Main/Empty/ENT_Asteroid32443.entity_inst
/Main/Empty/ENT_Asteroid32442.entity_inst
/Main/Empty/ENT_Asteroid32441.entity_inst
/Main/Empty/ENT_Asteroid32440.entity_inst
/Main/Empty/ENT_Asteroid32439.entity_inst
/Main/Empty/ENT_Asteroid32438.entity_inst
/Main/Empty/ENT_Asteroid32437.entity_inst
/Main/Empty/ENT_Asteroid32436.entity_inst
/Main/Empty/ENT_Asteroid32435.entity_inst
/Main/Empty/ENT_Asteroid32434.entity_inst
/Main/Empty/ENT_Asteroid32433.entity_inst
/Main/Empty/ENT_Asteroid32432.entity_inst
/Main/Empty/ENT_Asteroid32431.entity_inst
/Main/Empty/ENT_Asteroid32430.entity_inst
/Main/Empty/ENT_Asteroid32429.entity_inst
/Main/Empty/ENT_Asteroid32428.entity_inst
/Main/Empty/ENT_Asteroid32427.entity_inst
/Main/Empty/ENT_Asteroid32426.entity_inst
/Main/Empty/ENT_Asteroid32425.entity_inst
/Main/Empty/ENT_Asteroid32424.entity_inst
/Main/Empty/ENT_Asteroid32423.entity_inst
/Main/Empty/ENT_Asteroid32422.entity_inst
/Main/Empty/ENT_Asteroid32421.entity_inst
/Main/Empty/ENT_Asteroid32420.entity_inst
/Main/Empty/ENT_Asteroid32419.entity_inst
/Main/Empty/ENT_Asteroid32418.entity_inst
/Main/Empty/ENT_Asteroid32417.entity_inst
/Main/Empty/ENT_Asteroid32416.entity_inst
/Main/Empty/ENT_Asteroid32415.entity_inst
/Main/Empty/ENT_Asteroid32414.entity_inst
/Main/Empty/ENT_Asteroid32413.entity_inst
/Main/Empty/ENT_Asteroid32412.entity_inst
/Main/Empty/ENT_Asteroid32411.entity_inst
/Main/Empty/ENT_Asteroid32410.entity_inst
/Main/Empty/ENT_Asteroid32409.entity_inst
/Main/Empty/ENT_Asteroid32408.entity_inst
/Main/Empty/ENT_Asteroid32407.entity_inst
/Main/Empty/ENT_Asteroid32406.entity_inst
/Main/Empty/ENT_Asteroid32405.entity_inst
/Main/Empty/ENT_Asteroid32404.entity_inst
/Main/Empty/ENT_Asteroid32403.entity_inst
/Main/Empty/ENT_Asteroid32402.entity_inst
/Main/Empty/ENT_Asteroid32401.entity_inst
/Main/Empty/ENT_Asteroid32400.entity_inst
/Main/Empty/ENT_Asteroid32399.entity_inst
/Main/Empty/ENT_Asteroid32398.entity_inst
/Main/Empty/ENT_Asteroid32397.entity_inst
/Main/Empty/ENT_Asteroid32396.entity_inst
/Main/Empty/ENT_Asteroid32395.entity_inst
/Main/Empty/ENT_Asteroid32394.entity_inst
/Main/Empty/ENT_Asteroid32393.entity_inst
/Main/Empty/ENT_Asteroid32392.entity_inst
/Main/Empty/ENT_Asteroid32391.entity_inst
/Main/Empty/ENT_Asteroid32390.entity_inst
/Main/Empty/ENT_Asteroid32389.entity_inst
/Main/Empty/ENT_Asteroid32388.entity_inst
/Main/Empty/ENT_Asteroid32387.entity_inst
/Main/Empty/ENT_Asteroid32386.entity_inst
/Main/Empty/ENT_Asteroid32385.entity_inst
/Main/Empty/ENT_Asteroid32384.entity_inst
/Main/Empty/ENT_Asteroid32383.entity_inst
/Main/Empty/ENT_Asteroid32382.entity_inst
/Main/Empty/ENT_Asteroid32381.entity_inst
/Main/Empty/ENT_Asteroid32380.entity_inst
/Main/Empty/ENT_Asteroid32379.entity_inst
/Main/Empty/ENT_Asteroid32378.entity_inst
/Main/Empty/ENT_Asteroid32377.entity_inst
/Main/Empty/ENT_Asteroid32376.entity_inst
/Main/Empty/ENT_Asteroid32375.entity_inst
/Main/Empty/ENT_Asteroid32374.entity_inst
/Main/Empty/ENT_Asteroid32373.entity_inst
/Main/Empty/ENT_Asteroid32372.entity_inst
/Main/Empty/ENT_Asteroid32371.entity_inst
/Main/Empty/ENT_Asteroid32370.entity_inst
/Main/Empty/ENT_Asteroid32369.entity_inst
/Main/Empty/ENT_Asteroid32368.entity_inst
/Main/Empty/ENT_Asteroid32367.entity_inst
/Main/Empty/ENT_Asteroid32366.entity_inst
/Main/Empty/ENT_Asteroid32365.entity_inst
/Main/Empty/ENT_Asteroid32364.entity_inst
/Main/Empty/ENT_Asteroid32363.entity_inst
/Main/Empty/ENT_Asteroid32362.entity_inst
/Main/Empty/ENT_Asteroid32361.entity_inst
/Main/Empty/ENT_Asteroid32360.entity_inst
/Main/Empty/ENT_Asteroid32359.entity_inst
/Main/Empty/ENT_Asteroid32358.entity_inst
/Main/Empty/ENT_Asteroid32357.entity_inst
/Main/Empty/ENT_Asteroid32356.entity_inst
/Main/Empty/ENT_Asteroid32355.entity_inst
/Main/Empty/ENT_Asteroid32354.entity_inst
/Main/Empty/ENT_Asteroid32353.entity_inst
/Main/Empty/ENT_Asteroid32352.entity_inst
/Main/Empty/ENT_Asteroid32351.entity_inst
/Main/Empty/ENT_Asteroid32350.entity_inst
/Main/Empty/ENT_Asteroid32349.entity_inst
/Main/Empty/ENT_Asteroid32348.entity_inst
/Main/Empty/ENT_Asteroid32347.entity_inst
/Main/Empty/ENT_Asteroid32346.entity_inst
/Main/Empty/ENT_Asteroid32345.entity_inst
/Main/Empty/ENT_Asteroid32344.entity_inst
/Main/Empty/ENT_Asteroid32343.entity_inst
/Main/Empty/ENT_Asteroid32342.entity_inst
/Main/Empty/ENT_Asteroid32341.entity_inst
/Main/Empty/ENT_Asteroid32340.entity_inst
/Main/Empty/ENT_Asteroid32339.entity_inst
/Main/Empty/ENT_Asteroid32338.entity_inst
/Main/Empty/ENT_Asteroid32337.entity_inst
/Main/Empty/ENT_Asteroid32336.entity_inst
/Main/Empty/ENT_Asteroid32335.entity_inst
/Main/Empty/ENT_Asteroid32334.entity_inst
/Main/Empty/ENT_Asteroid32333.entity_inst
/Main/Empty/ENT_Asteroid32332.entity_inst
/Main/Empty/ENT_Asteroid32331.entity_inst
/Main/Empty/ENT_Asteroid32330.entity_inst
/Main/Empty/ENT_Asteroid32329.entity_inst
/Main/Empty/ENT_Asteroid32328.entity_inst
/Main/Empty/ENT_Asteroid32327.entity_inst
/Main/Empty/ENT_Asteroid32326.entity_inst
/Main/Empty/ENT_Asteroid32325.entity_inst
/Main/Empty/ENT_Asteroid32324.entity_inst
/Main/Empty/ENT_Asteroid32323.entity_inst
/Main/Empty/ENT_Asteroid32322.entity_inst
/Main/Empty/ENT_Asteroid32321.entity_inst
/Main/Empty/ENT_Asteroid32320.entity_inst
/Main/Empty/ENT_Asteroid32319.entity_inst
/Main/Empty/ENT_Asteroid32318.entity_inst
/Main/Empty/ENT_Asteroid32317.entity_inst
/Main/Empty/ENT_Asteroid32316.entity_inst
/Main/Empty/ENT_Asteroid32315.entity_inst
/Main/Empty/ENT_Asteroid22314.entity_inst
/Main/Empty/ENT_Asteroid22313.entity_inst
/Main/Empty/ENT_Asteroid22312.entity_inst
/Main/Empty/ENT_Asteroid22311.entity_inst
/Main/Empty/ENT_Asteroid22310.entity_inst
/Main/Empty/ENT_Asteroid22309.entity_inst
/Main/Empty/ENT_Asteroid22308.entity_inst
/Main/Empty/ENT_Asteroid22307.entity_inst
/Main/Empty/ENT_Asteroid22306.entity_inst
/Main/Empty/ENT_Asteroid22305.entity_inst
/Main/Empty/ENT_Asteroid22304.entity_inst
/Main/Empty/ENT_Asteroid22303.entity_inst
/Main/Empty/ENT_Asteroid22302.entity_inst
/Main/Empty/ENT_Asteroid22301.entity_inst
/Main/Empty/ENT_Asteroid22300.entity_inst
/Main/Empty/ENT_Asteroid22299.entity_inst
/Main/Empty/ENT_Asteroid22298.entity_inst
/Main/Empty/ENT_Asteroid22297.entity_inst
/Main/Empty/ENT_Asteroid22296.entity_inst
/Main/Empty/ENT_Asteroid22295.entity_inst
/Main/Empty/ENT_Asteroid22294.entity_inst
/Main/Empty/ENT_Asteroid22293.entity_inst
/Main/Empty/ENT_Asteroid22292.entity_inst
/Main/Empty/ENT_Asteroid22291.entity_inst
/Main/Empty/ENT_Asteroid22290.entity_inst
/Main/Empty/ENT_Asteroid22289.entity_inst
/Main/Empty/ENT_Asteroid22288.entity_inst
/Main/Empty/ENT_Asteroid22287.entity_inst
/Main/Empty/ENT_Asteroid22286.entity_inst
/Main/Empty/ENT_Asteroid22285.entity_inst
/Main/Empty/ENT_Asteroid22284.entity_inst
/Main/Empty/ENT_Asteroid22283.entity_inst
/Main/Empty/ENT_Asteroid22282.entity_inst
/Main/Empty/ENT_Asteroid22281.entity_inst
/Main/Empty/ENT_Asteroid22280.entity_inst
/Main/Empty/ENT_Asteroid22279.entity_inst
/Main/Empty/ENT_Asteroid22278.entity_inst
/Main/Empty/ENT_Asteroid22277.entity_inst
/Main/Empty/ENT_Asteroid22276.entity_inst
/Main/Empty/ENT_Asteroid22275.entity_inst
/Main/Empty/ENT_Asteroid22274.entity_inst
/Main/Empty/ENT_Asteroid22273.entity_inst
/Main/Empty/ENT_Asteroid22272.entity_inst
/Main/Empty/ENT_Asteroid22271.entity_inst
/Main/Empty/ENT_Asteroid22270.entity_inst
/Main/Empty/ENT_Asteroid22269.entity_inst
/Main/Empty/ENT_Asteroid22268.entity_inst
/Main/Empty/ENT_Asteroid22267.entity_inst
/Main/Empty/ENT_Asteroid22266.entity_inst
/Main/Empty/ENT_Asteroid22265.entity_inst
/Main/Empty/ENT_Asteroid22264.entity_inst
/Main/Empty/ENT_Asteroid22263.entity_inst
/Main/Empty/ENT_Asteroid22262.entity_inst
/Main/Empty/ENT_Asteroid22261.entity_inst
/Main/Empty/ENT_Asteroid22260.entity_inst
/Main/Empty/ENT_Asteroid22259.entity_inst
/Main/Empty/ENT_Asteroid22258.entity_inst
/Main/Empty/ENT_Asteroid22257.entity_inst
/Main/Empty/ENT_Asteroid22256.entity_inst
/Main/Empty/ENT_Asteroid22255.entity_inst
/Main/Empty/ENT_Asteroid22254.entity_inst
/Main/Empty/ENT_Asteroid22253.entity_inst
/Main/Empty/ENT_Asteroid22252.entity_inst
/Main/Empty/ENT_Asteroid22251.entity_inst
/Main/Empty/ENT_Asteroid22250.entity_inst
/Main/Empty/ENT_Asteroid22249.entity_inst
/Main/Empty/ENT_Asteroid22248.entity_inst
/Main/Empty/ENT_Asteroid22247.entity_inst
/Main/Empty/ENT_Asteroid22246.entity_inst
/Main/Empty/ENT_Asteroid22245.entity_inst
/Main/Empty/ENT_Asteroid22244.entity_inst
/Main/Empty/ENT_Asteroid22243.entity_inst
/Main/Empty/ENT_Asteroid22242.entity_inst
/Main/Empty/ENT_Asteroid22241.entity_inst
/Main/Empty/ENT_Asteroid22240.entity_inst
/Main/Empty/ENT_Asteroid22239.entity_inst
/Main/Empty/ENT_Asteroid22238.entity_inst
/Main/Empty/ENT_Asteroid22237.entity_inst
/Main/Empty/ENT_Asteroid22236.entity_inst
/Main/Empty/ENT_Asteroid22235.entity_inst
/Main/Empty/ENT_Asteroid22234.entity_inst
/Main/Empty/ENT_Asteroid22233.entity_inst
/Main/Empty/ENT_Asteroid22232.entity_inst
/Main/Empty/ENT_Asteroid22231.entity_inst
/Main/Empty/ENT_Asteroid22230.entity_inst
/Main/Empty/ENT_Asteroid22229.entity_inst
/Main/Empty/ENT_Asteroid22228.entity_inst
/Main/Empty/ENT_Asteroid22227.entity_inst
/Main/Empty/ENT_Asteroid22226.entity_inst
/Main/Empty/ENT_Asteroid22225.entity_inst
/Main/Empty/ENT_Asteroid22224.entity_inst
/Main/Empty/ENT_Asteroid22223.entity_inst
/Main/Empty/ENT_Asteroid22222.entity_inst
/Main/Empty/ENT_Asteroid22221.entity_inst
/Main/Empty/ENT_Asteroid22220.entity_inst
/Main/Empty/ENT_Asteroid22219.entity_inst
/Main/Empty/ENT_Asteroid22218.entity_inst
/Main/Empty/ENT_Asteroid22217.entity_inst
/Main/Empty/ENT_Asteroid22216.entity_inst
/Main/Empty/ENT_Asteroid22215.entity_inst
/Main/Empty/ENT_Asteroid22214.entity_inst
/Main/Empty/ENT_Asteroid22213.entity_inst
/Main/Empty/ENT_Asteroid22212.entity_inst
/Main/Empty/ENT_Asteroid22211.entity_inst
/Main/Empty/ENT_Asteroid22210.entity_inst
/Main/Empty/ENT_Asteroid22209.entity_inst
/Main/Empty/ENT_Asteroid22208.entity_inst
/Main/Empty/ENT_Asteroid22207.entity_inst
/Main/Empty/ENT_Asteroid22206.entity_inst
/Main/Empty/ENT_Asteroid22205.entity_inst
/Main/Empty/ENT_Asteroid22204.entity_inst
/Main/Empty/ENT_Asteroid22203.entity_inst
/Main/Empty/ENT_Asteroid22202.entity_inst
/Main/Empty/ENT_Asteroid22201.entity_inst
/Main/Empty/ENT_Asteroid22200.entity_inst
/Main/Empty/ENT_Asteroid22199.entity_inst
/Main/Empty/ENT_Asteroid22198.entity_inst
/Main/Empty/ENT_Asteroid22197.entity_inst
/Main/Empty/ENT_Asteroid22196.entity_inst
/Main/Empty/ENT_Asteroid22195.entity_inst
/Main/Empty/ENT_Asteroid22194.entity_inst
/Main/Empty/ENT_Asteroid22193.entity_inst
/Main/Empty/ENT_Asteroid22192.entity_inst
/Main/Empty/ENT_Asteroid22191.entity_inst
/Main/Empty/ENT_Asteroid22190.entity_inst
/Main/Empty/ENT_Asteroid22189.entity_inst
/Main/Empty/ENT_Asteroid22188.entity_inst
/Main/Empty/ENT_Asteroid22187.entity_inst
/Main/Empty/ENT_Asteroid22186.entity_inst
/Main/Empty/ENT_Asteroid22185.entity_inst
/Main/Empty/ENT_Asteroid22184.entity_inst
/Main/Empty/ENT_Asteroid22183.entity_inst
/Main/Empty/ENT_Asteroid22182.entity_inst
/Main/Empty/ENT_Asteroid22181.entity_inst
/Main/Empty/ENT_Asteroid22180.entity_inst
/Main/Empty/ENT_Asteroid22179.entity_inst
/Main/Empty/ENT_Asteroid22178.entity_inst
/Main/Empty/ENT_Asteroid22177.entity_inst
/Main/Empty/ENT_Asteroid22176.entity_inst
/Main/Empty/ENT_Asteroid22175.entity_inst
/Main/Empty/ENT_Asteroid22174.entity_inst
/Main/Empty/ENT_Asteroid22173.entity_inst
/Main/Empty/ENT_Asteroid22172.entity_inst
/Main/Empty/ENT_Asteroid22171.entity_inst
/Main/Empty/ENT_Asteroid22170.entity_inst
/Main/Empty/ENT_Asteroid22169.entity_inst
/Main/Empty/ENT_Asteroid22168.entity_inst
/Main/Empty/ENT_Asteroid22167.entity_inst
/Main/Empty/ENT_Asteroid22166.entity_inst
/Main/Empty/ENT_Asteroid22165.entity_inst
/Main/Empty/ENT_Asteroid22164.entity_inst
/Main/Empty/ENT_Asteroid22163.entity_inst
/Main/Empty/ENT_Asteroid22162.entity_inst
/Main/Empty/ENT_Asteroid22161.entity_inst
/Main/Empty/ENT_Asteroid22160.entity_inst
/Main/Empty/ENT_Asteroid22159.entity_inst
/Main/Empty/ENT_Asteroid22158.entity_inst
/Main/Empty/ENT_Asteroid22157.entity_inst
/Main/Empty/ENT_Asteroid22156.entity_inst
/Main/Empty/ENT_Asteroid22155.entity_inst
/Main/Empty/ENT_Asteroid22154.entity_inst
/Main/Empty/ENT_Asteroid22153.entity_inst
/Main/Empty/ENT_Asteroid22152.entity_inst
/Main/Empty/ENT_Asteroid22151.entity_inst
/Main/Empty/ENT_Asteroid22150.entity_inst
/Main/Empty/ENT_Asteroid22149.entity_inst
/Main/Empty/ENT_Asteroid22148.entity_inst
/Main/Empty/ENT_Asteroid22147.entity_inst
/Main/Empty/ENT_Asteroid22146.entity_inst
/Main/Empty/ENT_Asteroid22145.entity_inst
/Main/Empty/ENT_Asteroid22144.entity_inst
/Main/Empty/ENT_Asteroid22143.entity_inst
/Main/Empty/ENT_Asteroid22142.entity_inst
/Main/Empty/ENT_Asteroid22141.entity_inst
/Main/Empty/ENT_Asteroid22140.entity_inst
/Main/Empty/ENT_Asteroid22139.entity_inst
/Main/Empty/ENT_Asteroid22138.entity_inst
/Main/Empty/ENT_Asteroid22137.entity_inst
/Main/Empty/ENT_Asteroid22136.entity_inst
/Main/Empty/ENT_Asteroid22135.entity_inst
/Main/Empty/ENT_Asteroid22134.entity_inst
/Main/Empty/ENT_Asteroid22133.entity_inst
/Main/Empty/ENT_Asteroid22132.entity_inst
/Main/Empty/ENT_Asteroid22131.entity_inst
/Main/Empty/ENT_Asteroid22130.entity_inst
/Main/Empty/ENT_Asteroid22129.entity_inst
/Main/Empty/ENT_Asteroid22128.entity_inst
/Main/Empty/ENT_Asteroid22127.entity_inst
/Main/Empty/ENT_Asteroid22126.entity_inst
/Main/Empty/ENT_Asteroid22125.entity_inst
/Main/Empty/ENT_Asteroid22124.entity_inst
/Main/Empty/ENT_Asteroid22123.entity_inst
/Main/Empty/ENT_Asteroid22122.entity_inst
/Main/Empty/ENT_Asteroid22121.entity_inst
/Main/Empty/ENT_Asteroid22120.entity_inst
/Main/Empty/ENT_Asteroid22119.entity_inst
/Main/Empty/ENT_Asteroid22118.entity_inst
/Main/Empty/ENT_Asteroid22117.entity_inst
/Main/Empty/ENT_Asteroid22116.entity_inst
/Main/Empty/ENT_Asteroid22115.entity_inst
/Main/Empty/ENT_Asteroid22114.entity_inst
/Main/Empty/ENT_Asteroid22113.entity_inst
/Main/Empty/ENT_Asteroid22112.entity_inst
/Main/Empty/ENT_Asteroid22111.entity_inst
/Main/Empty/ENT_Asteroid22110.entity_inst
/Main/Empty/ENT_Asteroid22109.entity_inst
/Main/Empty/ENT_Asteroid22108.entity_inst
/Main/Empty/ENT_Asteroid22107.entity_inst
/Main/Empty/ENT_Asteroid22106.entity_inst
/Main/Empty/ENT_Asteroid22105.entity_inst
/Main/Empty/ENT_Asteroid22104.entity_inst
/Main/Empty/ENT_Asteroid22103.entity_inst
/Main/Empty/ENT_Asteroid22102.entity_inst
/Main/Empty/ENT_Asteroid22101.entity_inst
/Main/Empty/ENT_Asteroid22100.entity_inst
/Main/Empty/ENT_Asteroid22099.entity_inst
/Main/Empty/ENT_Asteroid22098.entity_inst
/Main/Empty/ENT_Asteroid22097.entity_inst
/Main/Empty/ENT_Asteroid22096.entity_inst
/Main/Empty/ENT_Asteroid22095.entity_inst
/Main/Empty/ENT_Asteroid22094.entity_inst
/Main/Empty/ENT_Asteroid22093.entity_inst
/Main/Empty/ENT_Asteroid22092.entity_inst
/Main/Empty/ENT_Asteroid22091.entity_inst
/Main/Empty/ENT_Asteroid22090.entity_inst
/Main/Empty/ENT_Asteroid22089.entity_inst
/Main/Empty/ENT_Asteroid22088.entity_inst
/Main/Empty/ENT_Asteroid22087.entity_inst
/Main/Empty/ENT_Asteroid22086.entity_inst
/Main/Empty/ENT_Asteroid22085.entity_inst
/Main/Empty/ENT_Asteroid22084.entity_inst
/Main/Empty/ENT_Asteroid22083.entity_inst
/Main/Empty/ENT_Asteroid22082.entity_inst
/Main/Empty/ENT_Asteroid22081.entity_inst
/Main/Empty/ENT_Asteroid22080.entity_inst
/Main/Empty/ENT_Asteroid22079.entity_inst
/Main/Empty/ENT_Asteroid22078.entity_inst
/Main/Empty/ENT_Asteroid22077.entity_inst
/Main/Empty/ENT_Asteroid22076.entity_inst
/Main/Empty/ENT_Asteroid22075.entity_inst
/Main/Empty/ENT_Asteroid22074.entity_inst
/Main/Empty/ENT_Asteroid22073.entity_inst
/Main/Empty/ENT_Asteroid22072.entity_inst
/Main/Empty/ENT_Asteroid22071.entity_inst
/Main/Empty/ENT_Asteroid22070.entity_inst
/Main/Empty/ENT_Asteroid22069.entity_inst
/Main/Empty/ENT_Asteroid22068.entity_inst
/Main/Empty/ENT_Asteroid22067.entity_inst
/Main/Empty/ENT_Asteroid22066.entity_inst
/Main/Empty/ENT_Asteroid22065.entity_inst
/Main/Empty/ENT_Asteroid22064.entity_inst
/Main/Empty/ENT_Asteroid22063.entity_inst
/Main/Empty/ENT_Asteroid22062.entity_inst
/Main/Empty/ENT_Asteroid22061.entity_inst
/Main/Empty/ENT_Asteroid22060.entity_inst
/Main/Empty/ENT_Asteroid22059.entity_inst
/Main/Empty/ENT_Asteroid22058.entity_inst
/Main/Empty/ENT_Asteroid22057.entity_inst
/Main/Empty/ENT_Asteroid22056.entity_inst
/Main/Empty/ENT_Asteroid22055.entity_inst
/Main/Empty/ENT_Asteroid22054.entity_inst
/Main/Empty/ENT_Asteroid22053.entity_inst
/Main/Empty/ENT_Asteroid22052.entity_inst
/Main/Empty/ENT_Asteroid22051.entity_inst
/Main/Empty/ENT_Asteroid22050.entity_inst
/Main/Empty/ENT_Asteroid22049.entity_inst
/Main/Empty/ENT_Asteroid22048.entity_inst
/Main/Empty/ENT_Asteroid22047.entity_inst
/Main/Empty/ENT_Asteroid22046.entity_inst
/Main/Empty/ENT_Asteroid22045.entity_inst
/Main/Empty/ENT_Asteroid22044.entity_inst
/Main/Empty/ENT_Asteroid22043.entity_inst
/Main/Empty/ENT_Asteroid22042.entity_inst
/Main/Empty/ENT_Asteroid22041.entity_inst
/Main/Empty/ENT_Asteroid22040.entity_inst
/Main/Empty/ENT_Asteroid22039.entity_inst
/Main/Empty/ENT_Asteroid22038.entity_inst
/Main/Empty/ENT_Asteroid12486.entity_inst
/Main/Empty/ENT_Asteroid12487.entity_inst
/Main/Empty/ENT_Asteroid12488.entity_inst
/Main/Empty/ENT_Asteroid12489.entity_inst
/Main/Empty/ENT_Asteroid12490.entity_inst
/Main/Empty/ENT_Asteroid12491.entity_inst
/Main/Empty/ENT_Asteroid12492.entity_inst
/Main/Empty/ENT_Asteroid12493.entity_inst
/Main/Empty/ENT_Asteroid12494.entity_inst
/Main/Empty/ENT_Asteroid12495.entity_inst
/Main/Empty/ENT_Asteroid12496.entity_inst
/Main/Empty/ENT_Asteroid12497.entity_inst
/Main/Empty/ENT_Asteroid12498.entity_inst
/Main/Empty/ENT_Asteroid12499.entity_inst
/Main/Empty/ENT_Asteroid12500.entity_inst
/Main/Empty/ENT_Asteroid12501.entity_inst
/Main/Empty/ENT_Asteroid12502.entity_inst
/Main/Empty/ENT_Asteroid12503.entity_inst
/Main/Empty/ENT_Asteroid12504.entity_inst
/Main/Empty/ENT_Asteroid12505.entity_inst
/Main/Empty/ENT_Asteroid12506.entity_inst
/Main/Empty/ENT_Asteroid12507.entity_inst
/Main/Empty/ENT_Asteroid12508.entity_inst
/Main/Empty/ENT_Asteroid12509.entity_inst
/Main/Empty/ENT_Asteroid12510.entity_inst
/Main/Empty/ENT_Asteroid12511.entity_inst
/Main/Empty/ENT_Asteroid12512.entity_inst
/Main/Empty/ENT_Asteroid12513.entity_inst
/Main/Empty/ENT_Asteroid12514.entity_inst
/Main/Empty/ENT_Asteroid12515.entity_inst
/Main/Empty/ENT_Asteroid12516.entity_inst
/Main/Empty/ENT_Asteroid12517.entity_inst
/Main/Empty/ENT_Asteroid12518.entity_inst
/Main/Empty/ENT_Asteroid12519.entity_inst
/Main/Empty/ENT_Asteroid12520.entity_inst
/Main/Empty/ENT_Asteroid12521.entity_inst
/Main/Empty/ENT_Asteroid12522.entity_inst
/Main/Empty/ENT_Asteroid12523.entity_inst
/Main/Empty/ENT_Asteroid12524.entity_inst
/Main/Empty/ENT_Asteroid12525.entity_inst
/Main/Empty/ENT_Asteroid12526.entity_inst
/Main/Empty/ENT_Asteroid12527.entity_inst
/Main/Empty/ENT_Asteroid12528.entity_inst
/Main/Empty/ENT_Asteroid12529.entity_inst
/Main/Empty/ENT_Asteroid12530.entity_inst
/Main/Empty/ENT_Asteroid12531.entity_inst
/Main/Empty/ENT_Asteroid12532.entity_inst
/Main/Empty/ENT_Asteroid12533.entity_inst
/Main/Empty/ENT_Asteroid12534.entity_inst
/Main/Empty/ENT_Asteroid12535.entity_inst
/Main/Empty/ENT_Asteroid12536.entity_inst
/Main/Empty/ENT_Asteroid12537.entity_inst
/Main/Empty/ENT_Asteroid12538.entity_inst
/Main/Empty/ENT_Asteroid12539.entity_inst
/Main/Empty/ENT_Asteroid12540.entity_inst
/Main/Empty/ENT_Asteroid12541.entity_inst
/Main/Empty/ENT_Asteroid12542.entity_inst
/Main/Empty/ENT_Asteroid12543.entity_inst
/Main/Empty/ENT_Asteroid12544.entity_inst
/Main/Empty/ENT_Asteroid12545.entity_inst
/Main/Empty/ENT_Asteroid12546.entity_inst
/Main/Empty/ENT_Asteroid12547.entity_inst
/Main/Empty/ENT_Asteroid12548.entity_inst
/Main/Empty/ENT_Asteroid12549.entity_inst
/Main/Empty/ENT_Asteroid12550.entity_inst
/Main/Empty/ENT_Asteroid12551.entity_inst
/Main/Empty/ENT_Asteroid12552.entity_inst
/Main/Empty/ENT_Asteroid12553.entity_inst
/Main/Empty/ENT_Asteroid12554.entity_inst
/Main/Empty/ENT_Asteroid12555.entity_inst
/Main/Empty/ENT_Asteroid12556.entity_inst
/Main/Empty/ENT_Asteroid12557.entity_inst
/Main/Empty/ENT_Asteroid12558.entity_inst
/Main/Empty/ENT_Asteroid12559.entity_inst
/Main/Empty/ENT_Asteroid12560.entity_inst
/Main/Empty/ENT_Asteroid12561.entity_inst
/Main/Empty/ENT_Asteroid12562.entity_inst
/Main/Empty/ENT_Asteroid12563.entity_inst
/Main/Empty/ENT_Asteroid12564.entity_inst
/Main/Empty/ENT_Asteroid12565.entity_inst
/Main/Empty/ENT_Asteroid12566.entity_inst
/Main/Empty/ENT_Asteroid12567.entity_inst
/Main/Empty/ENT_Asteroid12568.entity_inst
/Main/Empty/ENT_Asteroid12569.entity_inst
/Main/Empty/ENT_Asteroid12570.entity_inst
/Main/Empty/ENT_Asteroid12571.entity_inst
/Main/Empty/ENT_Asteroid12572.entity_inst
/Main/Empty/ENT_Asteroid12573.entity_inst
/Main/Empty/ENT_Asteroid12574.entity_inst
/Main/Empty/ENT_Asteroid12575.entity_inst
/Main/Empty/ENT_Asteroid12576.entity_inst
/Main/Empty/ENT_Asteroid12577.entity_inst
/Main/Empty/ENT_Asteroid12578.entity_inst
/Main/Empty/ENT_Asteroid12579.entity_inst
/Main/Empty/ENT_Asteroid12580.entity_inst
/Main/Empty/ENT_Asteroid12581.entity_inst
/Main/Empty/ENT_Asteroid12582.entity_inst
/Main/Empty/ENT_Asteroid12583.entity_inst
/Main/Empty/ENT_Asteroid12584.entity_inst
/Main/Empty/ENT_Asteroid12585.entity_inst
/Main/Empty/ENT_Asteroid12586.entity_inst
/Main/Empty/ENT_Asteroid12587.entity_inst
/Main/Empty/ENT_Asteroid12588.entity_inst
/Main/Empty/ENT_Asteroid12589.entity_inst
/Main/Empty/ENT_Asteroid12590.entity_inst
/Main/Empty/ENT_Asteroid12591.entity_inst
/Main/Empty/ENT_Asteroid12592.entity_inst
/Main/Empty/ENT_Asteroid12593.entity_inst
/Main/Empty/ENT_Asteroid12594.entity_inst
/Main/Empty/ENT_Asteroid12595.entity_inst
/Main/Empty/ENT_Asteroid12596.entity_inst
/Main/Empty/ENT_Asteroid12597.entity_inst
/Main/Empty/ENT_Asteroid12598.entity_inst
/Main/Empty/ENT_Asteroid12599.entity_inst
/Main/Empty/ENT_Asteroid12600.entity_inst
/Main/Empty/ENT_Asteroid22601.entity_inst
/Main/Empty/ENT_Asteroid22602.entity_inst
/Main/Empty/ENT_Asteroid22603.entity_inst
/Main/Empty/ENT_Asteroid22604.entity_inst
/Main/Empty/ENT_Asteroid22605.entity_inst
/Main/Empty/ENT_Asteroid22606.entity_inst
/Main/Empty/ENT_Asteroid22607.entity_inst
/Main/Empty/ENT_Asteroid22608.entity_inst
/Main/Empty/ENT_Asteroid22609.entity_inst
/Main/Empty/ENT_Asteroid22610.entity_inst
/Main/Empty/ENT_Asteroid22611.entity_inst
/Main/Empty/ENT_Asteroid22612.entity_inst
/Main/Empty/ENT_Asteroid22613.entity_inst
/Main/Empty/ENT_Asteroid22614.entity_inst
/Main/Empty/ENT_Asteroid22615.entity_inst
/Main/Empty/ENT_Asteroid22616.entity_inst
/Main/Empty/ENT_Asteroid22617.entity_inst
/Main/Empty/ENT_Asteroid22618.entity_inst
/Main/Empty/ENT_Asteroid22619.entity_inst
/Main/Empty/ENT_Asteroid22620.entity_inst
/Main/Empty/ENT_Asteroid22621.entity_inst
/Main/Empty/ENT_Asteroid22622.entity_inst
/Main/Empty/ENT_Asteroid22623.entity_inst
/Main/Empty/ENT_Asteroid22624.entity_inst
/Main/Empty/ENT_Asteroid22625.entity_inst
/Main/Empty/ENT_Asteroid22626.entity_inst
/Main/Empty/ENT_Asteroid22627.entity_inst
/Main/Empty/ENT_Asteroid22628.entity_inst
/Main/Empty/ENT_Asteroid22629.entity_inst
/Main/Empty/ENT_Asteroid22630.entity_inst
/Main/Empty/ENT_Asteroid22631.entity_inst
/Main/Empty/ENT_Asteroid22632.entity_inst
/Main/Empty/ENT_Asteroid22633.entity_inst
/Main/Empty/ENT_Asteroid22634.entity_inst
/Main/Empty/ENT_Asteroid22635.entity_inst
/Main/Empty/ENT_Asteroid22636.entity_inst
/Main/Empty/ENT_Asteroid22637.entity_inst
/Main/Empty/ENT_Asteroid22638.entity_inst
/Main/Empty/ENT_Asteroid22639.entity_inst
/Main/Empty/ENT_Asteroid22640.entity_inst
/Main/Empty/ENT_Asteroid22641.entity_inst
/Main/Empty/ENT_Asteroid22642.entity_inst
/Main/Empty/ENT_Asteroid22643.entity_inst
/Main/Empty/ENT_Asteroid22644.entity_inst
/Main/Empty/ENT_Asteroid22645.entity_inst
/Main/Empty/ENT_Asteroid22646.entity_inst
/Main/Empty/ENT_Asteroid22647.entity_inst
/Main/Empty/ENT_Asteroid22648.entity_inst
/Main/Empty/ENT_Asteroid22649.entity_inst
/Main/Empty/ENT_Asteroid22650.entity_inst
/Main/Empty/ENT_Asteroid22651.entity_inst
/Main/Empty/ENT_Asteroid22652.entity_inst
/Main/Empty/ENT_Asteroid22653.entity_inst
/Main/Empty/ENT_Asteroid22654.entity_inst
/Main/Empty/ENT_Asteroid22655.entity_inst
/Main/Empty/ENT_Asteroid22656.entity_inst
/Main/Empty/ENT_Asteroid22657.entity_inst
/Main/Empty/ENT_Asteroid22658.entity_inst
/Main/Empty/ENT_Asteroid22659.entity_inst
/Main/Empty/ENT_Asteroid22660.entity_inst
/Main/Empty/ENT_Asteroid22661.entity_inst
/Main/Empty/ENT_Asteroid22662.entity_inst
/Main/Empty/ENT_Asteroid22663.entity_inst
/Main/Empty/ENT_Asteroid22664.entity_inst
/Main/Empty/ENT_Asteroid22665.entity_inst
/Main/Empty/ENT_Asteroid22666.entity_inst
/Main/Empty/ENT_Asteroid22667.entity_inst
/Main/Empty/ENT_Asteroid22668.entity_inst
/Main/Empty/ENT_Asteroid22669.entity_inst
/Main/Empty/ENT_Asteroid22670.entity_inst
/Main/Empty/ENT_Asteroid22671.entity_inst
/Main/Empty/ENT_Asteroid22672.entity_inst
/Main/Empty/ENT_Asteroid22673.entity_inst
/Main/Empty/ENT_Asteroid22674.entity_inst
/Main/Empty/ENT_Asteroid22675.entity_inst
/Main/Empty/ENT_Asteroid22676.entity_inst
/Main/Empty/ENT_Asteroid22677.entity_inst
/Main/Empty/ENT_Asteroid22678.entity_inst
/Main/Empty/ENT_Asteroid22679.entity_inst
/Main/Empty/ENT_Asteroid22680.entity_inst
/Main/Empty/ENT_Asteroid22681.entity_inst
/Main/Empty/ENT_Asteroid22682.entity_inst
/Main/Empty/ENT_Asteroid22683.entity_inst
/Main/Empty/ENT_Asteroid22684.entity_inst
/Main/Empty/ENT_Asteroid22685.entity_inst
/Main/Empty/ENT_Asteroid22686.entity_inst
/Main/Empty/ENT_Asteroid22687.entity_inst
/Main/Empty/ENT_Asteroid22688.entity_inst
/Main/Empty/ENT_Asteroid22689.entity_inst
/Main/Empty/ENT_Asteroid22690.entity_inst
/Main/Empty/ENT_Asteroid22691.entity_inst
/Main/Empty/ENT_Asteroid22692.entity_inst
/Main/Empty/ENT_Asteroid22693.entity_inst
/Main/Empty/ENT_Asteroid22694.entity_inst
/Main/Empty/ENT_Asteroid22695.entity_inst
/Main/Empty/ENT_Asteroid22696.entity_inst
/Main/Empty/ENT_Asteroid22697.entity_inst
/Main/Empty/ENT_Asteroid22698.entity_inst
/Main/Empty/ENT_Asteroid22699.entity_inst
/Main/Empty/ENT_Asteroid22700.entity_inst
/Main/Empty/ENT_Asteroid22701.entity_inst
/Main/Empty/ENT_Asteroid22702.entity_inst
/Main/Empty/ENT_Asteroid22703.entity_inst
/Main/Empty/ENT_Asteroid22704.entity_inst
/Main/Empty/ENT_Asteroid22705.entity_inst
/Main/Empty/ENT_Asteroid22706.entity_inst
/Main/Empty/ENT_Asteroid22707.entity_inst
/Main/Empty/ENT_Asteroid22708.entity_inst
/Main/Empty/ENT_Asteroid22709.entity_inst
/Main/Empty/ENT_Asteroid22710.entity_inst
/Main/Empty/ENT_Asteroid22711.entity_inst
/Main/Empty/ENT_Asteroid22712.entity_inst
/Main/Empty/ENT_Asteroid22713.entity_inst
/Main/Empty/ENT_Asteroid22714.entity_inst
/Main/Empty/ENT_Asteroid22715.entity_inst
/Main/Empty/ENT_Asteroid22716.entity_inst
/Main/Empty/ENT_Asteroid22717.entity_inst
/Main/Empty/ENT_Asteroid22718.entity_inst
/Main/Empty/ENT_Asteroid22719.entity_inst
/Main/Empty/ENT_Asteroid22720.entity_inst
/Main/Empty/ENT_Asteroid22721.entity_inst
/Main/Empty/ENT_Asteroid22722.entity_inst
/Main/Empty/ENT_Asteroid22723.entity_inst
/Main/Empty/ENT_Asteroid22724.entity_inst
/Main/Empty/ENT_Asteroid22725.entity_inst
/Main/Empty/ENT_Asteroid22726.entity_inst
/Main/Empty/ENT_Asteroid22727.entity_inst
/Main/Empty/ENT_Asteroid22728.entity_inst
/Main/Empty/ENT_Asteroid22729.entity_inst
/Main/Empty/ENT_Asteroid22730.entity_inst
/Main/Empty/ENT_Asteroid22731.entity_inst
/Main/Empty/ENT_Asteroid22732.entity_inst
/Main/Empty/ENT_NewBase2733.entity_inst
/Main/Empty/ENT_YoungMeBase2734.entity_inst
/Main/Empty/ENT_2735.entity_inst
/Main/Empty/ENT_2736.entity_inst
/Main/Empty/ENT_2737.entity_inst
/Main/Empty/ENT_TestBaseDD2738.entity_inst
/Main/Empty/ENT_TestBaseDD2739.entity_inst
/Main/Empty/ENT_Asteroid32740.entity_inst
/Main/Empty/ENT_Asteroid32741.entity_inst
/Main/Empty/ENT_Asteroid32742.entity_inst
/Main/Empty/ENT_Asteroid32743.entity_inst
/Main/Empty/ENT_Asteroid32744.entity_inst
/Main/Empty/ENT_Asteroid32745.entity_inst
/Main/Empty/ENT_Asteroid32746.entity_inst
/Main/Empty/ENT_Asteroid32747.entity_inst
/Main/Empty/ENT_Asteroid32748.entity_inst
/Main/Empty/ENT_Asteroid32749.entity_inst
/Main/Empty/ENT_Asteroid32750.entity_inst
/Main/Empty/ENT_Asteroid32751.entity_inst
/Main/Empty/ENT_Asteroid32752.entity_inst
/Main/Empty/ENT_Asteroid32753.entity_inst
/Main/Empty/ENT_Asteroid32754.entity_inst
/Main/Empty/ENT_Asteroid32755.entity_inst
/Main/Empty/ENT_Asteroid32756.entity_inst
/Main/Empty/ENT_Asteroid32757.entity_inst
/Main/Empty/ENT_Asteroid32758.entity_inst
/Main/Empty/ENT_Asteroid32759.entity_inst
/Main/Empty/ENT_Asteroid32760.entity_inst
/Main/Empty/ENT_Asteroid32761.entity_inst
/Main/Empty/ENT_Asteroid32762.entity_inst
/Main/Empty/ENT_Asteroid32763.entity_inst
/Main/Empty/ENT_Asteroid32764.entity_inst
/Main/Empty/ENT_Asteroid32765.entity_inst
/Main/Empty/ENT_Asteroid32766.entity_inst
/Main/Empty/ENT_Asteroid32767.entity_inst
/Main/Empty/ENT_Asteroid32768.entity_inst
/Main/Empty/ENT_Asteroid32769.entity_inst
/Main/Empty/ENT_Asteroid32770.entity_inst
/Main/Empty/ENT_Asteroid32771.entity_inst
/Main/Empty/ENT_Asteroid32772.entity_inst
/Main/Empty/ENT_Asteroid32773.entity_inst
/Main/Empty/ENT_Asteroid32774.entity_inst
/Main/Empty/ENT_Asteroid32775.entity_inst
/Main/Empty/ENT_Asteroid32776.entity_inst
/Main/Empty/ENT_Asteroid32777.entity_inst
/Main/Empty/ENT_Asteroid32778.entity_inst
/Main/Empty/ENT_Asteroid32779.entity_inst
/Main/Empty/ENT_Asteroid32780.entity_inst
/Main/Empty/ENT_Asteroid32781.entity_inst
/Main/Empty/ENT_Asteroid32782.entity_inst
/Main/Empty/ENT_Asteroid32783.entity_inst
/Main/Empty/ENT_Asteroid32784.entity_inst
/Main/Empty/ENT_Asteroid32785.entity_inst
/Main/Empty/ENT_Asteroid32786.entity_inst
/Main/Empty/ENT_Asteroid32787.entity_inst
/Main/Empty/ENT_Asteroid32788.entity_inst
/Main/Empty/ENT_Asteroid32789.entity_inst
/Main/Empty/ENT_Asteroid32790.entity_inst
/Main/Empty/ENT_Asteroid32791.entity_inst
/Main/Empty/ENT_Asteroid32792.entity_inst
/Main/Empty/ENT_Asteroid32793.entity_inst
/Main/Empty/ENT_Asteroid32794.entity_inst
/Main/Empty/ENT_Asteroid32795.entity_inst
/Main/Empty/ENT_Asteroid32796.entity_inst
/Main/Empty/ENT_Asteroid32797.entity_inst
/Main/Empty/ENT_Asteroid32798.entity_inst
/Main/Empty/ENT_Asteroid32799.entity_inst
/Main/Empty/ENT_Asteroid32800.entity_inst
/Main/Empty/ENT_Asteroid32801.entity_inst
/Main/Empty/ENT_Asteroid32802.entity_inst
/Main/Empty/ENT_Asteroid32803.entity_inst
/Main/Empty/ENT_Asteroid32804.entity_inst
/Main/Empty/ENT_Asteroid32805.entity_inst
/Main/Empty/ENT_Asteroid32806.entity_inst
/Main/Empty/ENT_Asteroid32807.entity_inst
/Main/Empty/ENT_Asteroid32808.entity_inst
/Main/Empty/ENT_Asteroid32809.entity_inst
/Main/Empty/ENT_Asteroid32810.entity_inst
/Main/Empty/ENT_Asteroid32811.entity_inst
/Main/Empty/ENT_Asteroid32812.entity_inst
/Main/Empty/ENT_Asteroid32813.entity_inst
/Main/Empty/ENT_Asteroid32814.entity_inst
/Main/Empty/ENT_Asteroid32815.entity_inst
/Main/Empty/ENT_Asteroid32816.entity_inst
/Main/Empty/ENT_VolkenagWaizer2817.entity_inst
/Main/Empty/ENT_VolkenagWaizer2818.entity_inst
/Main/Empty/ENT_VolkenagWaizer2819.entity_inst
/Main/Empty/ENT_VolkenagWaizer2820.entity_inst
/Main/Empty/ENT_VolkenagWaizer2821.entity_inst
/Main/Empty/ENT_VolkenagWaizer2822.entity_inst
/Main/Empty/ENT_VolkenagWaizer2823.entity_inst
/Main/Empty/ENT_VolkenagWaizer2824.entity_inst
/Main/Empty/ENT_VolkenagWaizer2825.entity_inst
/Main/Empty/ENT_VolkenagWaizer2826.entity_inst
/Main/Empty/ENT_VolkenagWaizer2827.entity_inst
/Main/Empty/ENT_VolkenagWaizer2828.entity_inst
/Main/Empty/ENT_VolkenagRaiger2829.entity_inst
/Main/Empty/ENT_VolkenagRaiger2830.entity_inst
/Main/Empty/ENT_VolkenagRaiger2831.entity_inst
/Main/Empty/ENT_LadaiNeuva12832.entity_inst
/Main/Empty/ENT_LadaiNeuva12833.entity_inst
/Main/Empty/ENT_LadaiNeuva12834.entity_inst
/Main/Empty/ENT_LadaiNeuva12835.entity_inst
/Main/Empty/ENT_LadaiNeuva12836.entity_inst
/Main/Empty/ENT_LadaiNeuva12837.entity_inst
/Main/Empty/ENT_LadaiZhigyulai12838.entity_inst
/Main/Empty/ENT_LadaiZhigyulai12839.entity_inst
/Main/Empty/ENT_LadaiZhigyulai12840.entity_inst
