/Main/GateTest/ENT_677.entity_inst
/Main/GateTest/ENT_chtonic678.entity_inst
/Main/GateTest/ENT_chtonic679.entity_inst
/Main/GateTest/ENT_chtonic680.entity_inst
/Main/GateTest/ENT_chtonic681.entity_inst
/Main/GateTest/ENT_chtonic682.entity_inst
/Main/GateTest/ENT_chtonic683.entity_inst
/Main/GateTest/ENT_chtonic684.entity_inst
/Main/GateTest/ENT_chtonic685.entity_inst
/Main/GateTest/ENT_chtonic686.entity_inst
/Main/GateTest/ENT_chtonic687.entity_inst
/Main/GateTest/ENT_chtonic688.entity_inst
/Main/GateTest/ENT_chtonic689.entity_inst
/Main/GateTest/ENT_chtonic690.entity_inst
/Main/GateTest/ENT_chtonic691.entity_inst
/Main/GateTest/ENT_chtonic692.entity_inst
/Main/GateTest/ENT_chtonic693.entity_inst
/Main/GateTest/ENT_chtonic694.entity_inst
/Main/GateTest/ENT_chtonic695.entity_inst
/Main/GateTest/ENT_chtonic696.entity_inst
/Main/GateTest/ENT_chtonic697.entity_inst
/Main/GateTest/ENT_chtonic698.entity_inst
/Main/GateTest/ENT_chtonic699.entity_inst
/Main/GateTest/ENT_chtonic700.entity_inst
/Main/GateTest/ENT_chtonic701.entity_inst
/Main/GateTest/ENT_chtonic702.entity_inst
/Main/GateTest/ENT_chtonic703.entity_inst
/Main/GateTest/ENT_chtonic704.entity_inst
/Main/GateTest/ENT_chtonic705.entity_inst
/Main/GateTest/ENT_chtonic706.entity_inst
/Main/GateTest/ENT_chtonic707.entity_inst
/Main/GateTest/ENT_chtonic708.entity_inst
/Main/GateTest/ENT_chtonic709.entity_inst
/Main/GateTest/ENT_chtonic710.entity_inst
/Main/GateTest/ENT_chtonic711.entity_inst
/Main/GateTest/ENT_chtonic712.entity_inst
/Main/GateTest/ENT_chtonic713.entity_inst
/Main/GateTest/ENT_chtonic714.entity_inst
/Main/GateTest/ENT_chtonic715.entity_inst
/Main/GateTest/ENT_chtonic716.entity_inst
/Main/GateTest/ENT_chtonic717.entity_inst
/Main/GateTest/ENT_chtonic718.entity_inst
/Main/GateTest/ENT_chtonic719.entity_inst
/Main/GateTest/ENT_chtonic720.entity_inst
/Main/GateTest/ENT_chtonic721.entity_inst
/Main/GateTest/ENT_chtonic722.entity_inst
/Main/GateTest/ENT_chtonic723.entity_inst
/Main/GateTest/ENT_Chtonic724.entity_inst
/Main/GateTest/ENT_Chtonic725.entity_inst
/Main/GateTest/ENT_Chtonic726.entity_inst
/Main/GateTest/ENT_Chtonic727.entity_inst
/Main/GateTest/ENT_Chtonic728.entity_inst
