/Main/GateTest2//ENT_51.entity_inst
/Main/GateTest2//ENT_YoungMeBase52.entity_inst
/Main/GateTest2//ENT_YoungMeBase53.entity_inst
/Main/GateTest2//ENT_Asteroid33.entity_inst
/Main/GateTest2//ENT_Asteroid34.entity_inst
/Main/GateTest2//ENT_Asteroid35.entity_inst
/Main/GateTest2//ENT_Asteroid36.entity_inst
/Main/GateTest2//ENT_Asteroid37.entity_inst
/Main/GateTest2//ENT_Asteroid38.entity_inst
/Main/GateTest2//ENT_Asteroid39.entity_inst
/Main/GateTest2//ENT_Asteroid310.entity_inst
/Main/GateTest2//ENT_Asteroid311.entity_inst
/Main/GateTest2//ENT_Asteroid312.entity_inst
/Main/GateTest2//ENT_Asteroid313.entity_inst
/Main/GateTest2//ENT_Asteroid314.entity_inst
/Main/GateTest2//ENT_Asteroid315.entity_inst
/Main/GateTest2//ENT_Asteroid316.entity_inst
/Main/GateTest2//ENT_Asteroid317.entity_inst
/Main/GateTest2//ENT_Asteroid318.entity_inst
/Main/GateTest2//ENT_Asteroid319.entity_inst
/Main/GateTest2//ENT_Asteroid320.entity_inst
/Main/GateTest2//ENT_Asteroid321.entity_inst
/Main/GateTest2//ENT_Asteroid322.entity_inst
/Main/GateTest2//ENT_Asteroid323.entity_inst
/Main/GateTest2//ENT_Asteroid324.entity_inst
/Main/GateTest2//ENT_Asteroid325.entity_inst
/Main/GateTest2//ENT_Asteroid326.entity_inst
/Main/GateTest2//ENT_Asteroid327.entity_inst
/Main/GateTest2//ENT_Asteroid328.entity_inst
/Main/GateTest2//ENT_Asteroid329.entity_inst
/Main/GateTest2//ENT_Asteroid330.entity_inst
/Main/GateTest2//ENT_Asteroid331.entity_inst
/Main/GateTest2//ENT_Asteroid332.entity_inst
/Main/GateTest2//ENT_Asteroid333.entity_inst
/Main/GateTest2//ENT_Asteroid334.entity_inst
/Main/GateTest2//ENT_Asteroid335.entity_inst
/Main/GateTest2//ENT_Asteroid336.entity_inst
/Main/GateTest2//ENT_Asteroid337.entity_inst
/Main/GateTest2//ENT_Asteroid338.entity_inst
/Main/GateTest2//ENT_Asteroid339.entity_inst
/Main/GateTest2//ENT_Asteroid340.entity_inst
/Main/GateTest2//ENT_Asteroid341.entity_inst
/Main/GateTest2//ENT_Asteroid342.entity_inst
/Main/GateTest2//ENT_Asteroid343.entity_inst
/Main/GateTest2//ENT_Asteroid344.entity_inst
/Main/GateTest2//ENT_Asteroid345.entity_inst
/Main/GateTest2//ENT_Asteroid346.entity_inst
/Main/GateTest2//ENT_Asteroid347.entity_inst
/Main/GateTest2//ENT_Asteroid348.entity_inst
/Main/GateTest2//ENT_Asteroid349.entity_inst
/Main/GateTest2//ENT_Asteroid350.entity_inst
/Main/GateTest2//ENT_Asteroid351.entity_inst
/Main/GateTest2//ENT_Asteroid352.entity_inst
/Main/GateTest2//ENT_Asteroid353.entity_inst
/Main/GateTest2//ENT_Asteroid354.entity_inst
/Main/GateTest2//ENT_Asteroid355.entity_inst
/Main/GateTest2//ENT_Asteroid356.entity_inst
/Main/GateTest2//ENT_Asteroid357.entity_inst
/Main/GateTest2//ENT_Asteroid358.entity_inst
/Main/GateTest2//ENT_Asteroid359.entity_inst
/Main/GateTest2//ENT_Asteroid360.entity_inst
/Main/GateTest2//ENT_Asteroid361.entity_inst
/Main/GateTest2//ENT_Asteroid362.entity_inst
/Main/GateTest2//ENT_Asteroid363.entity_inst
/Main/GateTest2//ENT_Asteroid364.entity_inst
/Main/GateTest2//ENT_Asteroid365.entity_inst
/Main/GateTest2//ENT_Asteroid366.entity_inst
/Main/GateTest2//ENT_Asteroid367.entity_inst
/Main/GateTest2//ENT_Asteroid368.entity_inst
/Main/GateTest2//ENT_LadaiNeuva169.entity_inst
/Main/GateTest2//ENT_LadaiNeuva170.entity_inst
/Main/GateTest2//ENT_LadaiNeuva171.entity_inst
