/Main/GateTest2/ENT_51.entity_inst
/Main/GateTest2/ENT_YoungMeBase52.entity_inst
/Main/GateTest2/ENT_YoungMeBase53.entity_inst
/Main/GateTest2/ENT_Asteroid354.entity_inst
/Main/GateTest2/ENT_Asteroid355.entity_inst
/Main/GateTest2/ENT_Asteroid356.entity_inst
/Main/GateTest2/ENT_Asteroid357.entity_inst
/Main/GateTest2/ENT_Asteroid358.entity_inst
/Main/GateTest2/ENT_Asteroid359.entity_inst
/Main/GateTest2/ENT_Asteroid360.entity_inst
/Main/GateTest2/ENT_Asteroid361.entity_inst
/Main/GateTest2/ENT_Asteroid362.entity_inst
/Main/GateTest2/ENT_Asteroid363.entity_inst
/Main/GateTest2/ENT_Asteroid364.entity_inst
/Main/GateTest2/ENT_Asteroid365.entity_inst
/Main/GateTest2/ENT_Asteroid366.entity_inst
/Main/GateTest2/ENT_Asteroid367.entity_inst
/Main/GateTest2/ENT_Asteroid368.entity_inst
/Main/GateTest2/ENT_Asteroid369.entity_inst
/Main/GateTest2/ENT_Asteroid370.entity_inst
/Main/GateTest2/ENT_Asteroid371.entity_inst
/Main/GateTest2/ENT_Asteroid372.entity_inst
/Main/GateTest2/ENT_Asteroid373.entity_inst
/Main/GateTest2/ENT_Asteroid374.entity_inst
/Main/GateTest2/ENT_Asteroid375.entity_inst
/Main/GateTest2/ENT_Asteroid376.entity_inst
/Main/GateTest2/ENT_Asteroid377.entity_inst
/Main/GateTest2/ENT_Asteroid378.entity_inst
/Main/GateTest2/ENT_Asteroid379.entity_inst
/Main/GateTest2/ENT_Asteroid380.entity_inst
/Main/GateTest2/ENT_Asteroid381.entity_inst
/Main/GateTest2/ENT_Asteroid382.entity_inst
/Main/GateTest2/ENT_Asteroid383.entity_inst
/Main/GateTest2/ENT_Asteroid384.entity_inst
/Main/GateTest2/ENT_Asteroid385.entity_inst
/Main/GateTest2/ENT_Asteroid386.entity_inst
/Main/GateTest2/ENT_Asteroid387.entity_inst
/Main/GateTest2/ENT_Asteroid388.entity_inst
/Main/GateTest2/ENT_Asteroid389.entity_inst
/Main/GateTest2/ENT_Asteroid390.entity_inst
/Main/GateTest2/ENT_Asteroid391.entity_inst
/Main/GateTest2/ENT_Asteroid392.entity_inst
/Main/GateTest2/ENT_Asteroid393.entity_inst
/Main/GateTest2/ENT_Asteroid394.entity_inst
/Main/GateTest2/ENT_Asteroid395.entity_inst
/Main/GateTest2/ENT_Asteroid396.entity_inst
/Main/GateTest2/ENT_Asteroid397.entity_inst
/Main/GateTest2/ENT_Asteroid398.entity_inst
/Main/GateTest2/ENT_Asteroid399.entity_inst
/Main/GateTest2/ENT_Asteroid3100.entity_inst
/Main/GateTest2/ENT_Asteroid3101.entity_inst
/Main/GateTest2/ENT_Asteroid3102.entity_inst
/Main/GateTest2/ENT_Asteroid3103.entity_inst
/Main/GateTest2/ENT_Asteroid3104.entity_inst
/Main/GateTest2/ENT_Asteroid3105.entity_inst
/Main/GateTest2/ENT_Asteroid3106.entity_inst
/Main/GateTest2/ENT_Asteroid3107.entity_inst
/Main/GateTest2/ENT_Asteroid3108.entity_inst
/Main/GateTest2/ENT_Asteroid3109.entity_inst
/Main/GateTest2/ENT_Asteroid3110.entity_inst
/Main/GateTest2/ENT_Asteroid3111.entity_inst
/Main/GateTest2/ENT_Asteroid3112.entity_inst
/Main/GateTest2/ENT_Asteroid3113.entity_inst
/Main/GateTest2/ENT_Asteroid3114.entity_inst
/Main/GateTest2/ENT_Asteroid3115.entity_inst
/Main/GateTest2/ENT_Asteroid3116.entity_inst
/Main/GateTest2/ENT_Asteroid3117.entity_inst
/Main/GateTest2/ENT_Asteroid3118.entity_inst
/Main/GateTest2/ENT_Asteroid3119.entity_inst
