/Main/OldBase_ls//ENT_NewBase2462.entity_inst
/Main/OldBase_ls//ENT_Asteroid1_vbig2464.entity_inst
/Main/OldBase_ls//ENT_Asteroid1_vbig2465.entity_inst
/Main/OldBase_ls//ENT_Asteroid1_vbig2466.entity_inst
/Main/OldBase_ls//ENT_Asteroid1_vbig2467.entity_inst
/Main/OldBase_ls//ENT_Asteroid1_vbig2468.entity_inst
/Main/OldBase_ls//ENT_Asteroid1_vbig2469.entity_inst
/Main/OldBase_ls//ENT_Asteroid1_vbig2470.entity_inst
/Main/OldBase_ls//ENT_Asteroid1_vbig2471.entity_inst
/Main/OldBase_ls//ENT_Asteroid1_vbig2472.entity_inst
/Main/OldBase_ls//ENT_Asteroid1_vbig2473.entity_inst
/Main/OldBase_ls//ENT_Asteroid1_vbig2474.entity_inst
/Main/OldBase_ls//ENT_Asteroid1_vbig2475.entity_inst
/Main/OldBase_ls//ENT_Asteroid1_vbig2476.entity_inst
/Main/OldBase_ls//ENT_Asteroid1_vbig2477.entity_inst
/Main/OldBase_ls//ENT_Asteroid1_vbig2478.entity_inst
/Main/OldBase_ls//ENT_Asteroid1_vbig2479.entity_inst
/Main/OldBase_ls//ENT_Asteroid1_vbig2480.entity_inst
/Main/OldBase_ls//ENT_Asteroid1_vbig2481.entity_inst
/Main/OldBase_ls//ENT_Asteroid1_vbig2482.entity_inst
/Main/OldBase_ls//ENT_Asteroid1_vbig2483.entity_inst
/Main/OldBase_ls//ENT_Asteroid1_vbig2484.entity_inst
/Main/OldBase_ls//ENT_Asteroid1_vbig2485.entity_inst
/Main/OldBase_ls//ENT_Asteroid1_big2486.entity_inst
/Main/OldBase_ls//ENT_Asteroid1_big2487.entity_inst
/Main/OldBase_ls//ENT_Asteroid1_big2488.entity_inst
/Main/OldBase_ls//ENT_Asteroid1_big2489.entity_inst
/Main/OldBase_ls//ENT_Asteroid1_big2490.entity_inst
/Main/OldBase_ls//ENT_Asteroid1_big2491.entity_inst
/Main/OldBase_ls//ENT_Asteroid1_big2492.entity_inst
/Main/OldBase_ls//ENT_Asteroid1_big2493.entity_inst
/Main/OldBase_ls//ENT_Asteroid1_big2494.entity_inst
/Main/OldBase_ls//ENT_Asteroid1_big2495.entity_inst
/Main/OldBase_ls//ENT_Asteroid1_big2496.entity_inst
/Main/OldBase_ls//ENT_Asteroid1_big2497.entity_inst
/Main/OldBase_ls//ENT_Asteroid1_big2498.entity_inst
/Main/OldBase_ls//ENT_Asteroid1_big2499.entity_inst
/Main/OldBase_ls//ENT_Asteroid1_big2500.entity_inst
/Main/OldBase_ls//ENT_Asteroid1_big2501.entity_inst
/Main/OldBase_ls//ENT_Asteroid1_big2502.entity_inst
/Main/OldBase_ls//ENT_Asteroid1_big2503.entity_inst
/Main/OldBase_ls//ENT_Asteroid1_big2504.entity_inst
/Main/OldBase_ls//ENT_Asteroid1_big2505.entity_inst
/Main/OldBase_ls//ENT_Asteroid1_big2506.entity_inst
/Main/OldBase_ls//ENT_Asteroid1_big2507.entity_inst
/Main/OldBase_ls//ENT_Asteroid1_big2508.entity_inst
/Main/OldBase_ls//ENT_Asteroid1_big2509.entity_inst
/Main/OldBase_ls//ENT_Asteroid1_big2510.entity_inst
/Main/OldBase_ls//ENT_Asteroid1_big2511.entity_inst
/Main/OldBase_ls//ENT_Asteroid1_big2512.entity_inst
/Main/OldBase_ls//ENT_Asteroid1_big2513.entity_inst
/Main/OldBase_ls//ENT_Asteroid1_big2514.entity_inst
/Main/OldBase_ls//ENT_Asteroid1_big2515.entity_inst
/Main/OldBase_ls//ENT_Asteroid1_big2516.entity_inst
/Main/OldBase_ls//ENT_Asteroid1_big2517.entity_inst
/Main/OldBase_ls//ENT_Asteroid1_big2518.entity_inst
/Main/OldBase_ls//ENT_Asteroid1_big2519.entity_inst
/Main/OldBase_ls//ENT_Asteroid1_big2520.entity_inst
/Main/OldBase_ls//ENT_Asteroid1_big2521.entity_inst
/Main/OldBase_ls//ENT_Asteroid1_big2522.entity_inst
/Main/OldBase_ls//ENT_Asteroid1_big2523.entity_inst
/Main/OldBase_ls//ENT_Asteroid1_big2524.entity_inst
/Main/OldBase_ls//ENT_Asteroid1_big2525.entity_inst
/Main/OldBase_ls//ENT_Asteroid1_big2526.entity_inst
/Main/OldBase_ls//ENT_Asteroid1_big2527.entity_inst
/Main/OldBase_ls//ENT_Asteroid1_big2528.entity_inst
/Main/OldBase_ls//ENT_Asteroid1_big2529.entity_inst
/Main/OldBase_ls//ENT_Asteroid1_big2530.entity_inst
/Main/OldBase_ls//ENT_Asteroid1_big2531.entity_inst
/Main/OldBase_ls//ENT_Asteroid1_big2532.entity_inst
/Main/OldBase_ls//ENT_Asteroid1_big2533.entity_inst
/Main/OldBase_ls//ENT_Asteroid1_big2534.entity_inst
/Main/OldBase_ls//ENT_Asteroid1_vbig2535.entity_inst
/Main/OldBase_ls//ENT_Asteroid1_vbig2536.entity_inst
/Main/OldBase_ls//ENT_Asteroid1_vbig2537.entity_inst
/Main/OldBase_ls//ENT_Asteroid1_vbig2538.entity_inst
/Main/OldBase_ls//ENT_Asteroid1_vbig2539.entity_inst
/Main/OldBase_ls//ENT_Asteroid1_vbig2540.entity_inst
/Main/OldBase_ls//ENT_Asteroid1_vbig2541.entity_inst
/Main/OldBase_ls//ENT_Asteroid1_vbig2542.entity_inst
/Main/OldBase_ls//ENT_Asteroid1_vbig2543.entity_inst
/Main/OldBase_ls//ENT_Asteroid1_vbig2544.entity_inst
/Main/OldBase_ls//ENT_Asteroid1_vbig2545.entity_inst
/Main/OldBase_ls//ENT_Asteroid1_big2546.entity_inst
/Main/OldBase_ls//ENT_Asteroid1_big2547.entity_inst
/Main/OldBase_ls//ENT_Asteroid1_big2548.entity_inst
/Main/OldBase_ls//ENT_Asteroid1_big2549.entity_inst
/Main/OldBase_ls//ENT_Asteroid1_big2550.entity_inst
/Main/OldBase_ls//ENT_Asteroid1_big2551.entity_inst
/Main/OldBase_ls//ENT_Asteroid1_big2552.entity_inst
/Main/OldBase_ls//ENT_Asteroid1_big2553.entity_inst
/Main/OldBase_ls//ENT_Asteroid1_big2554.entity_inst
/Main/OldBase_ls//ENT_Asteroid1_big2555.entity_inst
/Main/OldBase_ls//ENT_Asteroid1_big2556.entity_inst
/Main/OldBase_ls//ENT_Asteroid1_big2557.entity_inst
/Main/OldBase_ls//ENT_Asteroid1_big2558.entity_inst
/Main/OldBase_ls//ENT_Asteroid1_big2559.entity_inst
/Main/OldBase_ls//ENT_Asteroid1_big2560.entity_inst
/Main/OldBase_ls//ENT_Asteroid1_big2561.entity_inst
/Main/OldBase_ls//ENT_Asteroid1_big2562.entity_inst
/Main/OldBase_ls//ENT_Asteroid1_big2563.entity_inst
/Main/OldBase_ls//ENT_Asteroid1_big2564.entity_inst
/Main/OldBase_ls//ENT_Asteroid1_big2565.entity_inst
/Main/OldBase_ls//ENT_Asteroid1_big2566.entity_inst
/Main/OldBase_ls//ENT_Asteroid1_big2567.entity_inst
/Main/OldBase_ls//ENT_Asteroid1_big2568.entity_inst
/Main/OldBase_ls//ENT_Asteroid1_big2569.entity_inst
/Main/OldBase_ls//ENT_Asteroid1_big2570.entity_inst
/Main/OldBase_ls//ENT_Asteroid1_big2571.entity_inst
/Main/OldBase_ls//ENT_Asteroid1_big2572.entity_inst
/Main/OldBase_ls//ENT_Asteroid1_big2573.entity_inst
/Main/OldBase_ls//ENT_Asteroid1_big2574.entity_inst
/Main/OldBase_ls//ENT_Asteroid1_big2575.entity_inst
/Main/OldBase_ls//ENT_Asteroid1_big2576.entity_inst
/Main/OldBase_ls//ENT_Asteroid1_big2577.entity_inst
/Main/OldBase_ls//ENT_Asteroid1_big2578.entity_inst
/Main/OldBase_ls//ENT_Asteroid1_big2579.entity_inst
/Main/OldBase_ls//ENT_Asteroid1_big2580.entity_inst
/Main/OldBase_ls//ENT_Asteroid1_big2581.entity_inst
/Main/OldBase_ls//ENT_Asteroid1_big2582.entity_inst
/Main/OldBase_ls//ENT_Asteroid1_big2583.entity_inst
/Main/OldBase_ls//ENT_Asteroid1_big2584.entity_inst
/Main/OldBase_ls//ENT_Asteroid1_big2585.entity_inst
/Main/OldBase_ls//ENT_Asteroid1_big2586.entity_inst
/Main/OldBase_ls//ENT_Asteroid22676.entity_inst
/Main/OldBase_ls//ENT_Asteroid22677.entity_inst
/Main/OldBase_ls//ENT_StartPortal2591.entity_inst
/Main/OldBase_ls//ENT_Asteroid22592.entity_inst
/Main/OldBase_ls//ENT_Asteroid22593.entity_inst
/Main/OldBase_ls//ENT_Asteroid22594.entity_inst
/Main/OldBase_ls//ENT_Asteroid22595.entity_inst
/Main/OldBase_ls//ENT_Asteroid22596.entity_inst
/Main/OldBase_ls//ENT_Asteroid22597.entity_inst
/Main/OldBase_ls//ENT_Asteroid22598.entity_inst
/Main/OldBase_ls//ENT_Asteroid22599.entity_inst
/Main/OldBase_ls//ENT_Asteroid22600.entity_inst
/Main/OldBase_ls//ENT_Asteroid12622.entity_inst
/Main/OldBase_ls//ENT_Asteroid12621.entity_inst
/Main/OldBase_ls//ENT_Asteroid12620.entity_inst
/Main/OldBase_ls//ENT_Asteroid22604.entity_inst
/Main/OldBase_ls//ENT_Asteroid22605.entity_inst
/Main/OldBase_ls//ENT_Asteroid22606.entity_inst
/Main/OldBase_ls//ENT_Asteroid22607.entity_inst
/Main/OldBase_ls//ENT_Asteroid12623.entity_inst
/Main/OldBase_ls//ENT_Asteroid12625.entity_inst
/Main/OldBase_ls//ENT_Asteroid22610.entity_inst
/Main/OldBase_ls//ENT_Asteroid12627.entity_inst
/Main/OldBase_ls//ENT_Asteroid12624.entity_inst
/Main/OldBase_ls//ENT_Asteroid22613.entity_inst
/Main/OldBase_ls//ENT_Asteroid12626.entity_inst
/Main/OldBase_ls//ENT_Asteroid22615.entity_inst
/Main/OldBase_ls//ENT_Asteroid22616.entity_inst
/Main/OldBase_ls//ENT_Asteroid22617.entity_inst
/Main/OldBase_ls//ENT_Asteroid22618.entity_inst
/Main/OldBase_ls//ENT_Asteroid12628.entity_inst
/Main/OldBase_ls//ENT_HKFactoryBroken33204.entity_inst
/Main/OldBase_ls//ENT_Asteroid12630.entity_inst
/Main/OldBase_ls//ENT_Asteroid12631.entity_inst
/Main/OldBase_ls//ENT_Asteroid12632.entity_inst
/Main/OldBase_ls//ENT_Asteroid12633.entity_inst
/Main/OldBase_ls//ENT_Asteroid12634.entity_inst
/Main/OldBase_ls//ENT_Asteroid12635.entity_inst
/Main/OldBase_ls//ENT_Asteroid12636.entity_inst
/Main/OldBase_ls//ENT_Asteroid12637.entity_inst
/Main/OldBase_ls//ENT_Asteroid12638.entity_inst
/Main/OldBase_ls//ENT_Asteroid12639.entity_inst
/Main/OldBase_ls//ENT_Asteroid12640.entity_inst
/Main/OldBase_ls//ENT_Asteroid12641.entity_inst
/Main/OldBase_ls//ENT_Asteroid12642.entity_inst
/Main/OldBase_ls//ENT_Asteroid12643.entity_inst
/Main/OldBase_ls//ENT_Asteroid12644.entity_inst
/Main/OldBase_ls//ENT_Asteroid12645.entity_inst
/Main/OldBase_ls//ENT_Asteroid12646.entity_inst
/Main/OldBase_ls//ENT_Asteroid12647.entity_inst
/Main/OldBase_ls//ENT_Asteroid12648.entity_inst
/Main/OldBase_ls//ENT_Asteroid12649.entity_inst
/Main/OldBase_ls//ENT_Asteroid22650.entity_inst
/Main/OldBase_ls//ENT_Asteroid22651.entity_inst
/Main/OldBase_ls//ENT_Asteroid22652.entity_inst
/Main/OldBase_ls//ENT_Asteroid22653.entity_inst
/Main/OldBase_ls//ENT_Asteroid22654.entity_inst
/Main/OldBase_ls//ENT_Asteroid22655.entity_inst
/Main/OldBase_ls//ENT_Asteroid22656.entity_inst
/Main/OldBase_ls//ENT_Asteroid22657.entity_inst
/Main/OldBase_ls//ENT_Asteroid22658.entity_inst
/Main/OldBase_ls//ENT_Asteroid22659.entity_inst
/Main/OldBase_ls//ENT_Asteroid22660.entity_inst
/Main/OldBase_ls//ENT_Asteroid22661.entity_inst
/Main/OldBase_ls//ENT_Asteroid22662.entity_inst
/Main/OldBase_ls//ENT_Asteroid22663.entity_inst
/Main/OldBase_ls//ENT_Asteroid22664.entity_inst
/Main/OldBase_ls//ENT_Asteroid22665.entity_inst
/Main/OldBase_ls//ENT_Asteroid22666.entity_inst
/Main/OldBase_ls//ENT_Asteroid22667.entity_inst
/Main/OldBase_ls//ENT_Asteroid22668.entity_inst
/Main/OldBase_ls//ENT_Asteroid22669.entity_inst
/Main/OldBase_ls//ENT_Asteroid22670.entity_inst
/Main/OldBase_ls//ENT_Asteroid22671.entity_inst
/Main/OldBase_ls//ENT_Asteroid22672.entity_inst
/Main/OldBase_ls//ENT_HKFactoryBroken3203.entity_inst
/Main/OldBase_ls//ENT_Asteroid22674.entity_inst
/Main/OldBase_ls//ENT_Asteroid22675.entity_inst
/Main/OldBase_ls//ENT_Asteroid22678.entity_inst
/Main/OldBase_ls//ENT_Asteroid22679.entity_inst
/Main/OldBase_ls//ENT_Asteroid22680.entity_inst
/Main/OldBase_ls//ENT_Asteroid32681.entity_inst
/Main/OldBase_ls//ENT_Asteroid32682.entity_inst
/Main/OldBase_ls//ENT_Asteroid32683.entity_inst
/Main/OldBase_ls//ENT_Asteroid32684.entity_inst
/Main/OldBase_ls//ENT_Asteroid32685.entity_inst
/Main/OldBase_ls//ENT_Asteroid32686.entity_inst
/Main/OldBase_ls//ENT_Asteroid32687.entity_inst
/Main/OldBase_ls//ENT_Asteroid32688.entity_inst
/Main/OldBase_ls//ENT_OldBase12761.entity_inst
/Main/OldBase_ls//ENT_Asteroid32690.entity_inst
/Main/OldBase_ls//ENT_Asteroid32691.entity_inst
/Main/OldBase_ls//ENT_Asteroid32692.entity_inst
/Main/OldBase_ls//ENT_Asteroid42693.entity_inst
/Main/OldBase_ls//ENT_Asteroid42694.entity_inst
/Main/OldBase_ls//ENT_Asteroid42695.entity_inst
/Main/OldBase_ls//ENT_Asteroid42696.entity_inst
/Main/OldBase_ls//ENT_Asteroid42697.entity_inst
/Main/OldBase_ls//ENT_Asteroid42698.entity_inst
/Main/OldBase_ls//ENT_Asteroid42699.entity_inst
/Main/OldBase_ls//ENT_Asteroid42703.entity_inst
/Main/OldBase_ls//ENT_Asteroid42704.entity_inst
/Main/OldBase_ls//ENT_Asteroid42705.entity_inst
/Main/OldBase_ls//ENT_Asteroid42706.entity_inst
/Main/OldBase_ls//ENT_Asteroid42707.entity_inst
/Main/OldBase_ls//ENT_OldBase12762.entity_inst
/Main/OldBase_ls//ENT_Asteroid42709.entity_inst
/Main/OldBase_ls//ENT_Asteroid42710.entity_inst
/Main/OldBase_ls//ENT_Asteroid42711.entity_inst
/Main/OldBase_ls//ENT_Asteroid42712.entity_inst
/Main/OldBase_ls//ENT_Asteroid42713.entity_inst
/Main/OldBase_ls//ENT_Asteroid42714.entity_inst
/Main/OldBase_ls//ENT_Asteroid42715.entity_inst
/Main/OldBase_ls//ENT_Asteroid42716.entity_inst
/Main/OldBase_ls//ENT_Asteroid42717.entity_inst
/Main/OldBase_ls//ENT_Asteroid42718.entity_inst
/Main/OldBase_ls//ENT_Asteroid42719.entity_inst
/Main/OldBase_ls//ENT_Asteroid42720.entity_inst
/Main/OldBase_ls//ENT_Asteroid12721.entity_inst
/Main/OldBase_ls//ENT_Asteroid12722.entity_inst
/Main/OldBase_ls//ENT_Asteroid12723.entity_inst
/Main/OldBase_ls//ENT_Asteroid12724.entity_inst
/Main/OldBase_ls//ENT_Asteroid12725.entity_inst
/Main/OldBase_ls//ENT_Asteroid12726.entity_inst
/Main/OldBase_ls//ENT_Asteroid12727.entity_inst
/Main/OldBase_ls//ENT_Asteroid12728.entity_inst
/Main/OldBase_ls//ENT_Asteroid12729.entity_inst
/Main/OldBase_ls//ENT_Asteroid12730.entity_inst
/Main/OldBase_ls//ENT_Asteroid12731.entity_inst
/Main/OldBase_ls//ENT_Asteroid12732.entity_inst
/Main/OldBase_ls//ENT_Asteroid12733.entity_inst
/Main/OldBase_ls//ENT_Asteroid12734.entity_inst
/Main/OldBase_ls//ENT_Asteroid12735.entity_inst
/Main/OldBase_ls//ENT_Asteroid12736.entity_inst
/Main/OldBase_ls//ENT_Asteroid12737.entity_inst
/Main/OldBase_ls//ENT_Asteroid12738.entity_inst
/Main/OldBase_ls//ENT_Asteroid12739.entity_inst
/Main/OldBase_ls//ENT_Asteroid12740.entity_inst
/Main/OldBase_ls//ENT_Asteroid12741.entity_inst
/Main/OldBase_ls//ENT_Asteroid12742.entity_inst
/Main/OldBase_ls//ENT_Asteroid12743.entity_inst
/Main/OldBase_ls//ENT_Asteroid12744.entity_inst
/Main/OldBase_ls//ENT_Asteroid12746.entity_inst
/Main/OldBase_ls//ENT_OldBase12747.entity_inst
/Main/OldBase_ls//ENT_OldBase12748.entity_inst
/Main/OldBase_ls//ENT_HKFactoryBroken23205.entity_inst
/Main/OldBase_ls//ENT_OldBase12750.entity_inst
/Main/OldBase_ls//ENT_OldBase12751.entity_inst
/Main/OldBase_ls//ENT_OldBase12752.entity_inst
/Main/OldBase_ls//ENT_OldBase12753.entity_inst
/Main/OldBase_ls//ENT_OldBase12754.entity_inst
/Main/OldBase_ls//ENT_OldBase12755.entity_inst
/Main/OldBase_ls//ENT_OldBase12756.entity_inst
/Main/OldBase_ls//ENT_OldBase12757.entity_inst
/Main/OldBase_ls//ENT_OldBase12758.entity_inst
/Main/OldBase_ls//ENT_OldBase12759.entity_inst
/Main/OldBase_ls//ENT_OldBase12760.entity_inst
/Main/OldBase_ls//ENT_OldBase12763.entity_inst
/Main/OldBase_ls//ENT_OldBase12764.entity_inst
/Main/OldBase_ls//ENT_OldBase32765.entity_inst
/Main/OldBase_ls//ENT_OldBase32766.entity_inst
/Main/OldBase_ls//ENT_OldBase32767.entity_inst
/Main/OldBase_ls//ENT_OldBase32768.entity_inst
/Main/OldBase_ls//ENT_OldBase32769.entity_inst
/Main/OldBase_ls//ENT_OldBase32770.entity_inst
/Main/OldBase_ls//ENT_OldBase32771.entity_inst
/Main/OldBase_ls//ENT_OldBase32772.entity_inst
/Main/OldBase_ls//ENT_OldBase32773.entity_inst
/Main/OldBase_ls//ENT_OldBase32774.entity_inst
/Main/OldBase_ls//ENT_OldBase32775.entity_inst
/Main/OldBase_ls//ENT_OldBase32776.entity_inst
/Main/OldBase_ls//ENT_OldBase32777.entity_inst
/Main/OldBase_ls//ENT_OldBase32778.entity_inst
/Main/OldBase_ls//ENT_OldBase32779.entity_inst
/Main/OldBase_ls//ENT_OldBase32780.entity_inst
/Main/OldBase_ls//ENT_OldBase32781.entity_inst
/Main/OldBase_ls//ENT_OldBase32782.entity_inst
/Main/OldBase_ls//ENT_OldBase52783.entity_inst
/Main/OldBase_ls//ENT_OldBase52784.entity_inst
/Main/OldBase_ls//ENT_OldBase52785.entity_inst
/Main/OldBase_ls//ENT_OldBase52786.entity_inst
/Main/OldBase_ls//ENT_OldBase52787.entity_inst
/Main/OldBase_ls//ENT_OldBase52788.entity_inst
/Main/OldBase_ls//ENT_OldBase52789.entity_inst
/Main/OldBase_ls//ENT_OldBase52790.entity_inst
/Main/OldBase_ls//ENT_OldBase52791.entity_inst
/Main/OldBase_ls//ENT_OldBase52792.entity_inst
/Main/OldBase_ls//ENT_OldBase52793.entity_inst
/Main/OldBase_ls//ENT_OldBase52794.entity_inst
/Main/OldBase_ls//ENT_OldBase52795.entity_inst
/Main/OldBase_ls//ENT_OldBase52796.entity_inst
/Main/OldBase_ls//ENT_OldBase52797.entity_inst
/Main/OldBase_ls//ENT_Asteroid42798.entity_inst
/Main/OldBase_ls//ENT_Asteroid42799.entity_inst
/Main/OldBase_ls//ENT_Asteroid42800.entity_inst
/Main/OldBase_ls//ENT_Asteroid42801.entity_inst
/Main/OldBase_ls//ENT_Asteroid42802.entity_inst
/Main/OldBase_ls//ENT_Asteroid42803.entity_inst
/Main/OldBase_ls//ENT_Asteroid42804.entity_inst
/Main/OldBase_ls//ENT_Asteroid42805.entity_inst
/Main/OldBase_ls//ENT_Asteroid42806.entity_inst
/Main/OldBase_ls//ENT_Asteroid42808.entity_inst
/Main/OldBase_ls//ENT_Asteroid42812.entity_inst
/Main/OldBase_ls//ENT_Asteroid42813.entity_inst
/Main/OldBase_ls//ENT_Asteroid42814.entity_inst
/Main/OldBase_ls//ENT_Asteroid42815.entity_inst
/Main/OldBase_ls//ENT_Asteroid42816.entity_inst
/Main/OldBase_ls//ENT_Asteroid42817.entity_inst
/Main/OldBase_ls//ENT_Asteroid42818.entity_inst
/Main/OldBase_ls//ENT_Asteroid42819.entity_inst
/Main/OldBase_ls//ENT_Asteroid42820.entity_inst
/Main/OldBase_ls//ENT_Asteroid42821.entity_inst
/Main/OldBase_ls//ENT_Asteroid42822.entity_inst
/Main/OldBase_ls//ENT_Asteroid42823.entity_inst
/Main/OldBase_ls//ENT_Asteroid42824.entity_inst
/Main/OldBase_ls//ENT_Asteroid42825.entity_inst
/Main/OldBase_ls//ENT_Asteroid42826.entity_inst
/Main/OldBase_ls//ENT_Asteroid42827.entity_inst
/Main/OldBase_ls//ENT_Asteroid42828.entity_inst
/Main/OldBase_ls//ENT_Asteroid42829.entity_inst
/Main/OldBase_ls//ENT_Asteroid42830.entity_inst
/Main/OldBase_ls//ENT_Asteroid42831.entity_inst
/Main/OldBase_ls//ENT_Asteroid42832.entity_inst
/Main/OldBase_ls//ENT_Asteroid42833.entity_inst
/Main/OldBase_ls//ENT_Asteroid42834.entity_inst
/Main/OldBase_ls//ENT_Asteroid42835.entity_inst
/Main/OldBase_ls//ENT_Asteroid42836.entity_inst
/Main/OldBase_ls//ENT_Asteroid42837.entity_inst
/Main/OldBase_ls//ENT_Asteroid42838.entity_inst
/Main/OldBase_ls//ENT_Asteroid42839.entity_inst
/Main/OldBase_ls//ENT_Asteroid42840.entity_inst
/Main/OldBase_ls//ENT_Asteroid42841.entity_inst
/Main/OldBase_ls//ENT_Asteroid42842.entity_inst
/Main/OldBase_ls//ENT_Asteroid42843.entity_inst
/Main/OldBase_ls//ENT_Asteroid42844.entity_inst
/Main/OldBase_ls//ENT_Asteroid42845.entity_inst
/Main/OldBase_ls//ENT_Asteroid42846.entity_inst
/Main/OldBase_ls//ENT_Asteroid42847.entity_inst
/Main/OldBase_ls//ENT_Asteroid42848.entity_inst
/Main/OldBase_ls//ENT_Asteroid42849.entity_inst
/Main/OldBase_ls//ENT_Asteroid42850.entity_inst
/Main/OldBase_ls//ENT_Asteroid42851.entity_inst
/Main/OldBase_ls//ENT_Asteroid42852.entity_inst
/Main/OldBase_ls//ENT_Asteroid42853.entity_inst
/Main/OldBase_ls//ENT_Asteroid42854.entity_inst
/Main/OldBase_ls//ENT_Asteroid42855.entity_inst
/Main/OldBase_ls//ENT_Asteroid42856.entity_inst
/Main/OldBase_ls//ENT_Asteroid42857.entity_inst
/Main/OldBase_ls//ENT_Asteroid42858.entity_inst
/Main/OldBase_ls//ENT_Asteroid42859.entity_inst
/Main/OldBase_ls//ENT_Asteroid42860.entity_inst
/Main/OldBase_ls//ENT_Asteroid42861.entity_inst
/Main/OldBase_ls//ENT_Asteroid42862.entity_inst
/Main/OldBase_ls//ENT_Asteroid42863.entity_inst
/Main/OldBase_ls//ENT_Asteroid42864.entity_inst
/Main/OldBase_ls//ENT_Asteroid42865.entity_inst
/Main/OldBase_ls//ENT_Asteroid42866.entity_inst
/Main/OldBase_ls//ENT_Asteroid42867.entity_inst
/Main/OldBase_ls//ENT_Asteroid42868.entity_inst
/Main/OldBase_ls//ENT_Asteroid42869.entity_inst
/Main/OldBase_ls//ENT_Asteroid42870.entity_inst
/Main/OldBase_ls//ENT_Asteroid42871.entity_inst
/Main/OldBase_ls//ENT_Asteroid42872.entity_inst
/Main/OldBase_ls//ENT_Asteroid42873.entity_inst
/Main/OldBase_ls//ENT_Asteroid42874.entity_inst
/Main/OldBase_ls//ENT_Asteroid42875.entity_inst
/Main/OldBase_ls//ENT_Asteroid42876.entity_inst
/Main/OldBase_ls//ENT_Asteroid42877.entity_inst
/Main/OldBase_ls//ENT_Asteroid42878.entity_inst
/Main/OldBase_ls//ENT_Asteroid42879.entity_inst
/Main/OldBase_ls//ENT_Asteroid42881.entity_inst
/Main/OldBase_ls//ENT_Asteroid42882.entity_inst
/Main/OldBase_ls//ENT_Asteroid42883.entity_inst
/Main/OldBase_ls//ENT_Asteroid42884.entity_inst
/Main/OldBase_ls//ENT_Asteroid42885.entity_inst
/Main/OldBase_ls//ENT_Asteroid42886.entity_inst
/Main/OldBase_ls//ENT_Asteroid42887.entity_inst
/Main/OldBase_ls//ENT_Asteroid42888.entity_inst
/Main/OldBase_ls//ENT_Asteroid42889.entity_inst
/Main/OldBase_ls//ENT_Asteroid42890.entity_inst
/Main/OldBase_ls//ENT_Asteroid42892.entity_inst
/Main/OldBase_ls//ENT_Asteroid42893.entity_inst
/Main/OldBase_ls//ENT_Asteroid42894.entity_inst
/Main/OldBase_ls//ENT_Asteroid42895.entity_inst
/Main/OldBase_ls//ENT_Asteroid32896.entity_inst
/Main/OldBase_ls//ENT_Asteroid32897.entity_inst
/Main/OldBase_ls//ENT_Asteroid32898.entity_inst
/Main/OldBase_ls//ENT_Asteroid32899.entity_inst
/Main/OldBase_ls//ENT_Asteroid32900.entity_inst
/Main/OldBase_ls//ENT_Asteroid32901.entity_inst
/Main/OldBase_ls//ENT_Asteroid32902.entity_inst
/Main/OldBase_ls//ENT_Asteroid32903.entity_inst
/Main/OldBase_ls//ENT_Asteroid32904.entity_inst
/Main/OldBase_ls//ENT_Asteroid32905.entity_inst
/Main/OldBase_ls//ENT_Asteroid32906.entity_inst
/Main/OldBase_ls//ENT_Asteroid32907.entity_inst
/Main/OldBase_ls//ENT_Asteroid32908.entity_inst
/Main/OldBase_ls//ENT_Asteroid32909.entity_inst
/Main/OldBase_ls//ENT_Asteroid32910.entity_inst
/Main/OldBase_ls//ENT_Asteroid32911.entity_inst
/Main/OldBase_ls//ENT_Asteroid32912.entity_inst
/Main/OldBase_ls//ENT_Asteroid32913.entity_inst
/Main/OldBase_ls//ENT_Asteroid32914.entity_inst
/Main/OldBase_ls//ENT_Asteroid32915.entity_inst
/Main/OldBase_ls//ENT_Asteroid32916.entity_inst
/Main/OldBase_ls//ENT_Asteroid32917.entity_inst
/Main/OldBase_ls//ENT_Asteroid32918.entity_inst
/Main/OldBase_ls//ENT_Asteroid32919.entity_inst
/Main/OldBase_ls//ENT_Asteroid32920.entity_inst
/Main/OldBase_ls//ENT_Asteroid32921.entity_inst
/Main/OldBase_ls//ENT_Asteroid32922.entity_inst
/Main/OldBase_ls//ENT_Asteroid32923.entity_inst
/Main/OldBase_ls//ENT_Asteroid32924.entity_inst
/Main/OldBase_ls//ENT_Asteroid32925.entity_inst
/Main/OldBase_ls//ENT_Asteroid32926.entity_inst
/Main/OldBase_ls//ENT_Asteroid32927.entity_inst
/Main/OldBase_ls//ENT_Asteroid32928.entity_inst
/Main/OldBase_ls//ENT_Asteroid32929.entity_inst
/Main/OldBase_ls//ENT_Asteroid32930.entity_inst
/Main/OldBase_ls//ENT_Asteroid32931.entity_inst
/Main/OldBase_ls//ENT_Asteroid32932.entity_inst
/Main/OldBase_ls//ENT_Asteroid32933.entity_inst
/Main/OldBase_ls//ENT_Asteroid32934.entity_inst
/Main/OldBase_ls//ENT_Asteroid32935.entity_inst
/Main/OldBase_ls//ENT_Asteroid32936.entity_inst
/Main/OldBase_ls//ENT_Asteroid32937.entity_inst
/Main/OldBase_ls//ENT_Asteroid32938.entity_inst
/Main/OldBase_ls//ENT_Asteroid12939.entity_inst
/Main/OldBase_ls//ENT_Asteroid12940.entity_inst
/Main/OldBase_ls//ENT_Asteroid12941.entity_inst
/Main/OldBase_ls//ENT_Asteroid12942.entity_inst
/Main/OldBase_ls//ENT_Asteroid12943.entity_inst
/Main/OldBase_ls//ENT_Asteroid12944.entity_inst
/Main/OldBase_ls//ENT_Asteroid12945.entity_inst
/Main/OldBase_ls//ENT_Asteroid12946.entity_inst
/Main/OldBase_ls//ENT_Asteroid12947.entity_inst
/Main/OldBase_ls//ENT_Asteroid12948.entity_inst
/Main/OldBase_ls//ENT_Asteroid12949.entity_inst
/Main/OldBase_ls//ENT_Asteroid12950.entity_inst
/Main/OldBase_ls//ENT_Asteroid12951.entity_inst
/Main/OldBase_ls//ENT_Asteroid12952.entity_inst
/Main/OldBase_ls//ENT_Asteroid12953.entity_inst
/Main/OldBase_ls//ENT_Asteroid12954.entity_inst
/Main/OldBase_ls//ENT_Asteroid12956.entity_inst
/Main/OldBase_ls//ENT_Asteroid12957.entity_inst
/Main/OldBase_ls//ENT_Asteroid12958.entity_inst
/Main/OldBase_ls//ENT_Asteroid12959.entity_inst
/Main/OldBase_ls//ENT_Asteroid12960.entity_inst
/Main/OldBase_ls//ENT_Asteroid12961.entity_inst
/Main/OldBase_ls//ENT_Asteroid12962.entity_inst
/Main/OldBase_ls//ENT_Asteroid12963.entity_inst
/Main/OldBase_ls//ENT_Asteroid12964.entity_inst
/Main/OldBase_ls//ENT_Asteroid12965.entity_inst
/Main/OldBase_ls//ENT_Asteroid12966.entity_inst
/Main/OldBase_ls//ENT_Asteroid12967.entity_inst
/Main/OldBase_ls//ENT_Asteroid12968.entity_inst
/Main/OldBase_ls//ENT_Asteroid12969.entity_inst
/Main/OldBase_ls//ENT_Asteroid12970.entity_inst
/Main/OldBase_ls//ENT_Asteroid12971.entity_inst
/Main/OldBase_ls//ENT_Asteroid12972.entity_inst
/Main/OldBase_ls//ENT_Asteroid12973.entity_inst
/Main/OldBase_ls//ENT_Asteroid12974.entity_inst
/Main/OldBase_ls//ENT_Asteroid12975.entity_inst
/Main/OldBase_ls//ENT_HKDecor12976.entity_inst
/Main/OldBase_ls//ENT_HKDecor12977.entity_inst
/Main/OldBase_ls//ENT_HKDecor12978.entity_inst
/Main/OldBase_ls//ENT_HKDecor12979.entity_inst
/Main/OldBase_ls//ENT_HKDecor12980.entity_inst
/Main/OldBase_ls//ENT_HKDecor12981.entity_inst
/Main/OldBase_ls//ENT_HKDecor12982.entity_inst
/Main/OldBase_ls//ENT_HKDecor12983.entity_inst
/Main/OldBase_ls//ENT_HKDecor12984.entity_inst
/Main/OldBase_ls//ENT_HKDecor12985.entity_inst
/Main/OldBase_ls//ENT_HKDecor12988.entity_inst
/Main/OldBase_ls//ENT_HKDecor12989.entity_inst
/Main/OldBase_ls//ENT_HKDecor12990.entity_inst
/Main/OldBase_ls//ENT_HKDecor12991.entity_inst
/Main/OldBase_ls//ENT_HKDecor12992.entity_inst
/Main/OldBase_ls//ENT_HKDecor12993.entity_inst
/Main/OldBase_ls//ENT_HKDecor12994.entity_inst
/Main/OldBase_ls//ENT_HKDecor12995.entity_inst
/Main/OldBase_ls//ENT_HKDecor12996.entity_inst
/Main/OldBase_ls//ENT_HKDecor12997.entity_inst
/Main/OldBase_ls//ENT_HKDecor12998.entity_inst
/Main/OldBase_ls//ENT_HKDecor12999.entity_inst
/Main/OldBase_ls//ENT_HKDecor13000.entity_inst
/Main/OldBase_ls//ENT_HKDecor13001.entity_inst
/Main/OldBase_ls//ENT_HKDecor13002.entity_inst
/Main/OldBase_ls//ENT_HKDecor13003.entity_inst
/Main/OldBase_ls//ENT_HKDecor13004.entity_inst
/Main/OldBase_ls//ENT_HKDecor13006.entity_inst
/Main/OldBase_ls//ENT_HKDecor13007.entity_inst
/Main/OldBase_ls//ENT_HKDecor13008.entity_inst
/Main/OldBase_ls//ENT_HKDecor13009.entity_inst
/Main/OldBase_ls//ENT_HKDecor13010.entity_inst
/Main/OldBase_ls//ENT_HKDecor13011.entity_inst
/Main/OldBase_ls//ENT_HKDecor13012.entity_inst
/Main/OldBase_ls//ENT_HKDecor13013.entity_inst
/Main/OldBase_ls//ENT_HKDecor13014.entity_inst
/Main/OldBase_ls//ENT_HKdecor23015.entity_inst
/Main/OldBase_ls//ENT_HKdecor23016.entity_inst
/Main/OldBase_ls//ENT_HKdecor23017.entity_inst
/Main/OldBase_ls//ENT_HKdecor23018.entity_inst
/Main/OldBase_ls//ENT_HKdecor23019.entity_inst
/Main/OldBase_ls//ENT_HKdecor23020.entity_inst
/Main/OldBase_ls//ENT_HKdecor23021.entity_inst
/Main/OldBase_ls//ENT_HKdecor23022.entity_inst
/Main/OldBase_ls//ENT_HKdecor23023.entity_inst
/Main/OldBase_ls//ENT_HKFactoryBroken23209.entity_inst
/Main/OldBase_ls//ENT_HKdecor23025.entity_inst
/Main/OldBase_ls//ENT_HKdecor23026.entity_inst
/Main/OldBase_ls//ENT_HKdecor23027.entity_inst
/Main/OldBase_ls//ENT_HKdecor33028.entity_inst
/Main/OldBase_ls//ENT_HKdecor33029.entity_inst
/Main/OldBase_ls//ENT_HKdecor33030.entity_inst
/Main/OldBase_ls//ENT_HKdecor33031.entity_inst
/Main/OldBase_ls//ENT_HKdecor33032.entity_inst
/Main/OldBase_ls//ENT_HKFactoryBroken3208.entity_inst
/Main/OldBase_ls//ENT_HKdecor33034.entity_inst
/Main/OldBase_ls//ENT_Ancient23062.entity_inst
/Main/OldBase_ls//ENT_HKdecor33036.entity_inst
/Main/OldBase_ls//ENT_HKdecor33037.entity_inst
/Main/OldBase_ls//ENT_HKdecor33038.entity_inst
/Main/OldBase_ls//ENT_HKdecor33039.entity_inst
/Main/OldBase_ls//ENT_HKdecor33040.entity_inst
/Main/OldBase_ls//ENT_HKdecor33041.entity_inst
/Main/OldBase_ls//ENT_Ancient3_big3042.entity_inst
/Main/OldBase_ls//ENT_Ancient3_big3043.entity_inst
/Main/OldBase_ls//ENT_Ancient3_big3044.entity_inst
/Main/OldBase_ls//ENT_Ancient43045.entity_inst
/Main/OldBase_ls//ENT_Ancient43046.entity_inst
/Main/OldBase_ls//ENT_Ancient43047.entity_inst
/Main/OldBase_ls//ENT_Ancient43048.entity_inst
/Main/OldBase_ls//ENT_Ancient43049.entity_inst
/Main/OldBase_ls//ENT_Ancient43050.entity_inst
/Main/OldBase_ls//ENT_Ancient43051.entity_inst
/Main/OldBase_ls//ENT_Ancient43052.entity_inst
/Main/OldBase_ls//ENT_Ancient43053.entity_inst
/Main/OldBase_ls//ENT_Ancient43054.entity_inst
/Main/OldBase_ls//ENT_Ancient43055.entity_inst
/Main/OldBase_ls//ENT_Ancient43056.entity_inst
/Main/OldBase_ls//ENT_Ancient43057.entity_inst
/Main/OldBase_ls//ENT_Ancient43058.entity_inst
/Main/OldBase_ls//ENT_Ancient43059.entity_inst
/Main/OldBase_ls//ENT_Ancient23060.entity_inst
/Main/OldBase_ls//ENT_Ancient23061.entity_inst
/Main/OldBase_ls//ENT_Ancient23063.entity_inst
/Main/OldBase_ls//ENT_Ancient23064.entity_inst
/Main/OldBase_ls//ENT_Ancient23065.entity_inst
/Main/OldBase_ls//ENT_Ancient13066.entity_inst
/Main/OldBase_ls//ENT_Ancient13067.entity_inst
/Main/OldBase_ls//ENT_Ancient13068.entity_inst
/Main/OldBase_ls//ENT_Ancient13069.entity_inst
/Main/OldBase_ls//ENT_Ancient13070.entity_inst
/Main/OldBase_ls//ENT_Ancient13071.entity_inst
/Main/OldBase_ls//ENT_Ancient13072.entity_inst
/Main/OldBase_ls//ENT_Ancient13073.entity_inst
/Main/OldBase_ls//ENT_Ancient13074.entity_inst
/Main/OldBase_ls//ENT_OldBase13075.entity_inst
/Main/OldBase_ls//ENT_OldBase13076.entity_inst
/Main/OldBase_ls//ENT_OldBase13077.entity_inst
/Main/OldBase_ls//ENT_OldBase13078.entity_inst
/Main/OldBase_ls//ENT_OldBase13079.entity_inst
/Main/OldBase_ls//ENT_OldBase33082.entity_inst
/Main/OldBase_ls//ENT_OldBase33083.entity_inst
/Main/OldBase_ls//ENT_OldBase33084.entity_inst
/Main/OldBase_ls//ENT_OldBase33085.entity_inst
/Main/OldBase_ls//ENT_OldBase33086.entity_inst
/Main/OldBase_ls//ENT_OldBase33087.entity_inst
/Main/OldBase_ls//ENT_OldBase33088.entity_inst
/Main/OldBase_ls//ENT_OldBase33089.entity_inst
/Main/OldBase_ls//ENT_OldBase33090.entity_inst
/Main/OldBase_ls//ENT_OldBase33091.entity_inst
/Main/OldBase_ls//ENT_OldBase33092.entity_inst
/Main/OldBase_ls//ENT_OldBase33093.entity_inst
/Main/OldBase_ls//ENT_OldBase43094.entity_inst
/Main/OldBase_ls//ENT_OldBase43095.entity_inst
/Main/OldBase_ls//ENT_OldBase43096.entity_inst
/Main/OldBase_ls//ENT_OldBase43097.entity_inst
/Main/OldBase_ls//ENT_OldBase43098.entity_inst
/Main/OldBase_ls//ENT_OldBase43099.entity_inst
/Main/OldBase_ls//ENT_Asteroid43100.entity_inst
/Main/OldBase_ls//ENT_Asteroid43101.entity_inst
/Main/OldBase_ls//ENT_Asteroid43102.entity_inst
/Main/OldBase_ls//ENT_Asteroid43103.entity_inst
/Main/OldBase_ls//ENT_Asteroid43104.entity_inst
/Main/OldBase_ls//ENT_Asteroid43105.entity_inst
/Main/OldBase_ls//ENT_Asteroid43106.entity_inst
/Main/OldBase_ls//ENT_Asteroid43107.entity_inst
/Main/OldBase_ls//ENT_Asteroid43108.entity_inst
/Main/OldBase_ls//ENT_Asteroid43109.entity_inst
/Main/OldBase_ls//ENT_Asteroid43110.entity_inst
/Main/OldBase_ls//ENT_Asteroid1_big3111.entity_inst
/Main/OldBase_ls//ENT_Asteroid1_vbig3112.entity_inst
/Main/OldBase_ls//ENT_Asteroid1_big3113.entity_inst
/Main/OldBase_ls//ENT_Asteroid43114.entity_inst
/Main/OldBase_ls//ENT_Asteroid43115.entity_inst
/Main/OldBase_ls//ENT_Asteroid43116.entity_inst
/Main/OldBase_ls//ENT_Asteroid43117.entity_inst
/Main/OldBase_ls//ENT_Asteroid43118.entity_inst
/Main/OldBase_ls//ENT_Asteroid43119.entity_inst
/Main/OldBase_ls//ENT_Asteroid43120.entity_inst
/Main/OldBase_ls//ENT_Asteroid43121.entity_inst
/Main/OldBase_ls//ENT_Asteroid43122.entity_inst
/Main/OldBase_ls//ENT_Asteroid43123.entity_inst
/Main/OldBase_ls//ENT_Asteroid43124.entity_inst
/Main/OldBase_ls//ENT_Asteroid43125.entity_inst
/Main/OldBase_ls//ENT_Asteroid43126.entity_inst
/Main/OldBase_ls//ENT_Asteroid43129.entity_inst
/Main/OldBase_ls//ENT_Asteroid43130.entity_inst
/Main/OldBase_ls//ENT_Asteroid13133.entity_inst
/Main/OldBase_ls//ENT_Asteroid13134.entity_inst
/Main/OldBase_ls//ENT_Asteroid13135.entity_inst
/Main/OldBase_ls//ENT_Asteroid13136.entity_inst
/Main/OldBase_ls//ENT_Asteroid13137.entity_inst
/Main/OldBase_ls//ENT_Asteroid13138.entity_inst
/Main/OldBase_ls//ENT_Asteroid13139.entity_inst
/Main/OldBase_ls//ENT_Asteroid13140.entity_inst
/Main/OldBase_ls//ENT_Asteroid13141.entity_inst
/Main/OldBase_ls//ENT_Asteroid13142.entity_inst
/Main/OldBase_ls//ENT_Asteroid13143.entity_inst
/Main/OldBase_ls//ENT_Asteroid13144.entity_inst
/Main/OldBase_ls//ENT_Asteroid13145.entity_inst
/Main/OldBase_ls//ENT_Asteroid23146.entity_inst
/Main/OldBase_ls//ENT_Asteroid23147.entity_inst
/Main/OldBase_ls//ENT_Asteroid23148.entity_inst
/Main/OldBase_ls//ENT_Asteroid23149.entity_inst
/Main/OldBase_ls//ENT_Asteroid23150.entity_inst
/Main/OldBase_ls//ENT_Asteroid23151.entity_inst
/Main/OldBase_ls//ENT_Asteroid23152.entity_inst
/Main/OldBase_ls//ENT_Asteroid23153.entity_inst
/Main/OldBase_ls//ENT_Asteroid23154.entity_inst
/Main/OldBase_ls//ENT_Asteroid23155.entity_inst
/Main/OldBase_ls//ENT_Asteroid33156.entity_inst
/Main/OldBase_ls//ENT_Asteroid33157.entity_inst
/Main/OldBase_ls//ENT_Asteroid33158.entity_inst
/Main/OldBase_ls//ENT_Asteroid33159.entity_inst
/Main/OldBase_ls//ENT_Asteroid33160.entity_inst
/Main/OldBase_ls//ENT_Asteroid33161.entity_inst
/Main/OldBase_ls//ENT_Asteroid33162.entity_inst
/Main/OldBase_ls//ENT_Asteroid33163.entity_inst
/Main/OldBase_ls//ENT_Asteroid33164.entity_inst
/Main/OldBase_ls//ENT_Asteroid33165.entity_inst
/Main/OldBase_ls//ENT_Asteroid33166.entity_inst
/Main/OldBase_ls//ENT_Asteroid33167.entity_inst
/Main/OldBase_ls//ENT_Asteroid33168.entity_inst
/Main/OldBase_ls//ENT_Asteroid33169.entity_inst
/Main/OldBase_ls//ENT_Asteroid33170.entity_inst
/Main/OldBase_ls//ENT_Asteroid33171.entity_inst
/Main/OldBase_ls//ENT_Asteroid33172.entity_inst
/Main/OldBase_ls//ENT_Asteroid33173.entity_inst
/Main/OldBase_ls//ENT_Asteroid33174.entity_inst
/Main/OldBase_ls//ENT_Asteroid33175.entity_inst
/Main/OldBase_ls//ENT_Asteroid33176.entity_inst
/Main/OldBase_ls//ENT_Asteroid33177.entity_inst
/Main/OldBase_ls//ENT_Asteroid33178.entity_inst
/Main/OldBase_ls//ENT_Asteroid33179.entity_inst
/Main/OldBase_ls//ENT_Asteroid33180.entity_inst
/Main/OldBase_ls//ENT_Asteroid33181.entity_inst
/Main/OldBase_ls//ENT_Asteroid33182.entity_inst
/Main/OldBase_ls//ENT_Asteroid33183.entity_inst
/Main/OldBase_ls//ENT_Asteroid33184.entity_inst
/Main/OldBase_ls//ENT_Asteroid33185.entity_inst
/Main/OldBase_ls//ENT_Asteroid33186.entity_inst
/Main/OldBase_ls//ENT_Asteroid33187.entity_inst
/Main/OldBase_ls//ENT_Asteroid33188.entity_inst
/Main/OldBase_ls//ENT_Asteroid33189.entity_inst
/Main/OldBase_ls//ENT_Asteroid33190.entity_inst
/Main/OldBase_ls//ENT_Asteroid33191.entity_inst
/Main/OldBase_ls//ENT_Asteroid33192.entity_inst
/Main/OldBase_ls//ENT_Asteroid33193.entity_inst
/Main/OldBase_ls//ENT_Asteroid33194.entity_inst
/Main/OldBase_ls//ENT_Asteroid33195.entity_inst
/Main/OldBase_ls//ENT_Asteroid33196.entity_inst
/Main/OldBase_ls//ENT_Asteroid33197.entity_inst
/Main/OldBase_ls//ENT_YoungMeBase3202.entity_inst
/Main/OldBase_ls//ENT_YoungMeBase3200.entity_inst
