/Main/OldBase_test/ENT_Asteroid154.entity_inst
/Main/OldBase_test/ENT_OldBase41.entity_inst
/Main/OldBase_test/ENT_OldBase42.entity_inst
/Main/OldBase_test/ENT_OldBase43.entity_inst
/Main/OldBase_test/ENT_OldBase34.entity_inst
/Main/OldBase_test/ENT_OldBase35.entity_inst
/Main/OldBase_test/ENT_OldBase26.entity_inst
/Main/OldBase_test/ENT_OldBase27.entity_inst
/Main/OldBase_test/ENT_OldBase28.entity_inst
/Main/OldBase_test/ENT_OldBase59.entity_inst
/Main/OldBase_test/ENT_OldBase510.entity_inst
/Main/OldBase_test/ENT_OldBase511.entity_inst
/Main/OldBase_test/ENT_OldBase512.entity_inst
/Main/OldBase_test/ENT_OldBase113.entity_inst
/Main/OldBase_test/ENT_OldBase114.entity_inst
/Main/OldBase_test/ENT_OldBase115.entity_inst
/Main/OldBase_test/ENT_OldBase116.entity_inst
/Main/OldBase_test/ENT_OldBase117.entity_inst
/Main/OldBase_test/ENT_Asteroid163.entity_inst
/Main/OldBase_test/ENT_Asteroid162.entity_inst
/Main/OldBase_test/ENT_Asteroid141.entity_inst
/Main/OldBase_test/ENT_Asteroid156.entity_inst
/Main/OldBase_test/ENT_Asteroid159.entity_inst
/Main/OldBase_test/ENT_Asteroid153.entity_inst
/Main/OldBase_test/ENT_Asteroid155.entity_inst
/Main/OldBase_test/ENT_Asteroid160.entity_inst
/Main/OldBase_test/ENT_Asteroid161.entity_inst
/Main/OldBase_test/ENT_Asteroid158.entity_inst
/Main/OldBase_test/ENT_Asteroid157.entity_inst
/Main/OldBase_test/ENT_Asteroid143.entity_inst
/Main/OldBase_test/ENT_Asteroid151.entity_inst
/Main/OldBase_test/ENT_Asteroid149.entity_inst
/Main/OldBase_test/ENT_Asteroid142.entity_inst
/Main/OldBase_test/ENT_Asteroid147.entity_inst
/Main/OldBase_test/ENT_Asteroid148.entity_inst
/Main/OldBase_test/ENT_Asteroid152.entity_inst
/Main/OldBase_test/ENT_Asteroid145.entity_inst
/Main/OldBase_test/ENT_Asteroid144.entity_inst
/Main/OldBase_test/ENT_Asteroid150.entity_inst
/Main/OldBase_test/ENT_Asteroid146.entity_inst
/Main/OldBase_test/ENT_Asteroid164.entity_inst
/Main/OldBase_test/ENT_Asteroid165.entity_inst
/Main/OldBase_test/ENT_Asteroid166.entity_inst
/Main/OldBase_test/ENT_Asteroid167.entity_inst
/Main/OldBase_test/ENT_Asteroid168.entity_inst
/Main/OldBase_test/ENT_Asteroid169.entity_inst
/Main/OldBase_test/ENT_Asteroid170.entity_inst
/Main/OldBase_test/ENT_Asteroid171.entity_inst
/Main/OldBase_test/ENT_Asteroid172.entity_inst
/Main/OldBase_test/ENT_Asteroid173.entity_inst
/Main/OldBase_test/ENT_Asteroid174.entity_inst
/Main/OldBase_test/ENT_Asteroid175.entity_inst
/Main/OldBase_test/ENT_Asteroid176.entity_inst
/Main/OldBase_test/ENT_Asteroid177.entity_inst
/Main/OldBase_test/ENT_Asteroid178.entity_inst
/Main/OldBase_test/ENT_Asteroid179.entity_inst
/Main/OldBase_test/ENT_Asteroid180.entity_inst
/Main/OldBase_test/ENT_Asteroid181.entity_inst
/Main/OldBase_test/ENT_Asteroid182.entity_inst
/Main/OldBase_test/ENT_Asteroid183.entity_inst
/Main/OldBase_test/ENT_Asteroid184.entity_inst
/Main/OldBase_test/ENT_Asteroid185.entity_inst
/Main/OldBase_test/ENT_Asteroid186.entity_inst
/Main/OldBase_test/ENT_Asteroid187.entity_inst
/Main/OldBase_test/ENT_Asteroid188.entity_inst
/Main/OldBase_test/ENT_Asteroid189.entity_inst
/Main/OldBase_test/ENT_Asteroid190.entity_inst
/Main/OldBase_test/ENT_Asteroid191.entity_inst
/Main/OldBase_test/ENT_Asteroid192.entity_inst
/Main/OldBase_test/ENT_Asteroid193.entity_inst
/Main/OldBase_test/ENT_Asteroid194.entity_inst
/Main/OldBase_test/ENT_Asteroid195.entity_inst
/Main/OldBase_test/ENT_Asteroid196.entity_inst
/Main/OldBase_test/ENT_Asteroid197.entity_inst
/Main/OldBase_test/ENT_Asteroid198.entity_inst
/Main/OldBase_test/ENT_Asteroid199.entity_inst
/Main/OldBase_test/ENT_Asteroid1100.entity_inst
/Main/OldBase_test/ENT_Asteroid1101.entity_inst
/Main/OldBase_test/ENT_Asteroid1102.entity_inst
/Main/OldBase_test/ENT_Asteroid1103.entity_inst
/Main/OldBase_test/ENT_Asteroid1104.entity_inst
/Main/OldBase_test/ENT_Asteroid1105.entity_inst
/Main/OldBase_test/ENT_Asteroid1106.entity_inst
/Main/OldBase_test/ENT_Asteroid2107.entity_inst
/Main/OldBase_test/ENT_Asteroid2108.entity_inst
/Main/OldBase_test/ENT_Asteroid2109.entity_inst
/Main/OldBase_test/ENT_Asteroid2110.entity_inst
/Main/OldBase_test/ENT_Asteroid2111.entity_inst
/Main/OldBase_test/ENT_Asteroid2112.entity_inst
/Main/OldBase_test/ENT_Asteroid2113.entity_inst
/Main/OldBase_test/ENT_Asteroid2114.entity_inst
/Main/OldBase_test/ENT_Asteroid2115.entity_inst
/Main/OldBase_test/ENT_Asteroid2116.entity_inst
/Main/OldBase_test/ENT_Asteroid2117.entity_inst
/Main/OldBase_test/ENT_Asteroid2118.entity_inst
/Main/OldBase_test/ENT_Asteroid2119.entity_inst
/Main/OldBase_test/ENT_Asteroid2120.entity_inst
/Main/OldBase_test/ENT_Asteroid2121.entity_inst
/Main/OldBase_test/ENT_Asteroid2122.entity_inst
/Main/OldBase_test/ENT_Asteroid2123.entity_inst
/Main/OldBase_test/ENT_Asteroid2124.entity_inst
/Main/OldBase_test/ENT_Asteroid2125.entity_inst
/Main/OldBase_test/ENT_Asteroid2126.entity_inst
/Main/OldBase_test/ENT_Asteroid2127.entity_inst
/Main/OldBase_test/ENT_Asteroid2128.entity_inst
/Main/OldBase_test/ENT_Asteroid2129.entity_inst
/Main/OldBase_test/ENT_Asteroid2130.entity_inst
/Main/OldBase_test/ENT_Asteroid2131.entity_inst
/Main/OldBase_test/ENT_Asteroid2132.entity_inst
/Main/OldBase_test/ENT_Asteroid2133.entity_inst
/Main/OldBase_test/ENT_Asteroid2134.entity_inst
/Main/OldBase_test/ENT_Asteroid2135.entity_inst
/Main/OldBase_test/ENT_Asteroid2136.entity_inst
/Main/OldBase_test/ENT_Asteroid2137.entity_inst
/Main/OldBase_test/ENT_Asteroid2138.entity_inst
/Main/OldBase_test/ENT_Asteroid2139.entity_inst
/Main/OldBase_test/ENT_Asteroid2140.entity_inst
/Main/OldBase_test/ENT_Asteroid2141.entity_inst
/Main/OldBase_test/ENT_Asteroid2142.entity_inst
/Main/OldBase_test/ENT_Asteroid2143.entity_inst
/Main/OldBase_test/ENT_Asteroid2144.entity_inst
/Main/OldBase_test/ENT_Asteroid2145.entity_inst
/Main/OldBase_test/ENT_Asteroid2146.entity_inst
/Main/OldBase_test/ENT_Asteroid2147.entity_inst
/Main/OldBase_test/ENT_Asteroid2148.entity_inst
/Main/OldBase_test/ENT_Asteroid2149.entity_inst
/Main/OldBase_test/ENT_Asteroid2150.entity_inst
/Main/OldBase_test/ENT_Asteroid2151.entity_inst
/Main/OldBase_test/ENT_Asteroid2152.entity_inst
/Main/OldBase_test/ENT_Asteroid2153.entity_inst
/Main/OldBase_test/ENT_Asteroid2154.entity_inst
/Main/OldBase_test/ENT_Asteroid2155.entity_inst
/Main/OldBase_test/ENT_Asteroid2156.entity_inst
/Main/OldBase_test/ENT_Asteroid2157.entity_inst
/Main/OldBase_test/ENT_Asteroid2158.entity_inst
/Main/OldBase_test/ENT_Asteroid2159.entity_inst
/Main/OldBase_test/ENT_Asteroid2160.entity_inst
/Main/OldBase_test/ENT_Asteroid2161.entity_inst
/Main/OldBase_test/ENT_Asteroid4162.entity_inst
/Main/OldBase_test/ENT_Asteroid4163.entity_inst
/Main/OldBase_test/ENT_Asteroid4164.entity_inst
/Main/OldBase_test/ENT_Asteroid4165.entity_inst
/Main/OldBase_test/ENT_Asteroid4166.entity_inst
/Main/OldBase_test/ENT_Asteroid4167.entity_inst
/Main/OldBase_test/ENT_Asteroid4168.entity_inst
/Main/OldBase_test/ENT_Asteroid4169.entity_inst
/Main/OldBase_test/ENT_Asteroid4170.entity_inst
/Main/OldBase_test/ENT_Asteroid4171.entity_inst
/Main/OldBase_test/ENT_Asteroid4172.entity_inst
/Main/OldBase_test/ENT_Asteroid4173.entity_inst
/Main/OldBase_test/ENT_Asteroid4174.entity_inst
/Main/OldBase_test/ENT_Asteroid4175.entity_inst
/Main/OldBase_test/ENT_Asteroid4176.entity_inst
/Main/OldBase_test/ENT_Asteroid4177.entity_inst
/Main/OldBase_test/ENT_Asteroid4178.entity_inst
/Main/OldBase_test/ENT_Asteroid4179.entity_inst
/Main/OldBase_test/ENT_Asteroid4180.entity_inst
/Main/OldBase_test/ENT_Asteroid4181.entity_inst
/Main/OldBase_test/ENT_Asteroid4182.entity_inst
/Main/OldBase_test/ENT_Asteroid4183.entity_inst
/Main/OldBase_test/ENT_Asteroid4184.entity_inst
/Main/OldBase_test/ENT_Asteroid4185.entity_inst
/Main/OldBase_test/ENT_Asteroid4186.entity_inst
/Main/OldBase_test/ENT_Asteroid4187.entity_inst
/Main/OldBase_test/ENT_Asteroid4188.entity_inst
/Main/OldBase_test/ENT_Asteroid4189.entity_inst
/Main/OldBase_test/ENT_Asteroid4190.entity_inst
/Main/OldBase_test/ENT_Asteroid4191.entity_inst
/Main/OldBase_test/ENT_Asteroid4192.entity_inst
/Main/OldBase_test/ENT_Asteroid4193.entity_inst
/Main/OldBase_test/ENT_Asteroid4194.entity_inst
/Main/OldBase_test/ENT_Asteroid4195.entity_inst
/Main/OldBase_test/ENT_Asteroid4196.entity_inst
/Main/OldBase_test/ENT_Asteroid4197.entity_inst
/Main/OldBase_test/ENT_Asteroid4198.entity_inst
/Main/OldBase_test/ENT_Asteroid4199.entity_inst
/Main/OldBase_test/ENT_Asteroid4200.entity_inst
/Main/OldBase_test/ENT_Asteroid4201.entity_inst
/Main/OldBase_test/ENT_Asteroid4202.entity_inst
/Main/OldBase_test/ENT_Asteroid4203.entity_inst
/Main/OldBase_test/ENT_Asteroid4204.entity_inst
/Main/OldBase_test/ENT_Asteroid4205.entity_inst
/Main/OldBase_test/ENT_Asteroid4206.entity_inst
/Main/OldBase_test/ENT_Asteroid4207.entity_inst
/Main/OldBase_test/ENT_Asteroid4208.entity_inst
/Main/OldBase_test/ENT_Asteroid4209.entity_inst
/Main/OldBase_test/ENT_Asteroid4210.entity_inst
/Main/OldBase_test/ENT_Asteroid4211.entity_inst
/Main/OldBase_test/ENT_Asteroid4212.entity_inst
/Main/OldBase_test/ENT_Asteroid4213.entity_inst
/Main/OldBase_test/ENT_Asteroid4214.entity_inst
/Main/OldBase_test/ENT_Asteroid4215.entity_inst
/Main/OldBase_test/ENT_Asteroid4216.entity_inst
/Main/OldBase_test/ENT_Asteroid3217.entity_inst
/Main/OldBase_test/ENT_Asteroid3218.entity_inst
/Main/OldBase_test/ENT_Asteroid3219.entity_inst
/Main/OldBase_test/ENT_Asteroid3220.entity_inst
/Main/OldBase_test/ENT_Asteroid3221.entity_inst
/Main/OldBase_test/ENT_Asteroid3222.entity_inst
/Main/OldBase_test/ENT_Asteroid3223.entity_inst
/Main/OldBase_test/ENT_Asteroid3224.entity_inst
/Main/OldBase_test/ENT_Asteroid3225.entity_inst
/Main/OldBase_test/ENT_Asteroid3226.entity_inst
/Main/OldBase_test/ENT_Asteroid3227.entity_inst
/Main/OldBase_test/ENT_Asteroid3228.entity_inst
/Main/OldBase_test/ENT_Asteroid3229.entity_inst
/Main/OldBase_test/ENT_Asteroid3230.entity_inst
/Main/OldBase_test/ENT_Asteroid3231.entity_inst
/Main/OldBase_test/ENT_Asteroid3232.entity_inst
/Main/OldBase_test/ENT_Asteroid3233.entity_inst
/Main/OldBase_test/ENT_Asteroid3234.entity_inst
/Main/OldBase_test/ENT_Asteroid3235.entity_inst
/Main/OldBase_test/ENT_Asteroid3236.entity_inst
/Main/OldBase_test/ENT_Asteroid3237.entity_inst
/Main/OldBase_test/ENT_Asteroid3238.entity_inst
/Main/OldBase_test/ENT_Asteroid3239.entity_inst
/Main/OldBase_test/ENT_Asteroid3240.entity_inst
/Main/OldBase_test/ENT_Asteroid3241.entity_inst
/Main/OldBase_test/ENT_Asteroid3242.entity_inst
/Main/OldBase_test/ENT_Asteroid3243.entity_inst
/Main/OldBase_test/ENT_Asteroid3244.entity_inst
/Main/OldBase_test/ENT_Asteroid3245.entity_inst
/Main/OldBase_test/ENT_Asteroid3246.entity_inst
/Main/OldBase_test/ENT_Asteroid3247.entity_inst
/Main/OldBase_test/ENT_Asteroid3248.entity_inst
/Main/OldBase_test/ENT_Asteroid3249.entity_inst
/Main/OldBase_test/ENT_Asteroid3250.entity_inst
/Main/OldBase_test/ENT_Asteroid3251.entity_inst
/Main/OldBase_test/ENT_Asteroid3252.entity_inst
/Main/OldBase_test/ENT_Asteroid3253.entity_inst
/Main/OldBase_test/ENT_Asteroid3254.entity_inst
/Main/OldBase_test/ENT_Asteroid3255.entity_inst
/Main/OldBase_test/ENT_Asteroid3256.entity_inst
/Main/OldBase_test/ENT_Asteroid3257.entity_inst
/Main/OldBase_test/ENT_Asteroid3258.entity_inst
/Main/OldBase_test/ENT_Asteroid3259.entity_inst
/Main/OldBase_test/ENT_Asteroid3260.entity_inst
/Main/OldBase_test/ENT_Asteroid3261.entity_inst
/Main/OldBase_test/ENT_Asteroid1_big262.entity_inst
/Main/OldBase_test/ENT_Asteroid1_big263.entity_inst
/Main/OldBase_test/ENT_Asteroid1_big264.entity_inst
/Main/OldBase_test/ENT_Asteroid1_big265.entity_inst
/Main/OldBase_test/ENT_Asteroid1_big266.entity_inst
/Main/OldBase_test/ENT_Asteroid1_big267.entity_inst
/Main/OldBase_test/ENT_OldBase2268.entity_inst
/Main/OldBase_test/ENT_OldBase2269.entity_inst
/Main/OldBase_test/ENT_OldBase2270.entity_inst
/Main/OldBase_test/ENT_OldBase2271.entity_inst
/Main/OldBase_test/ENT_OldBase2272.entity_inst
/Main/OldBase_test/ENT_OldBase2273.entity_inst
/Main/OldBase_test/ENT_OldBase2274.entity_inst
/Main/OldBase_test/ENT_OldBase2275.entity_inst
/Main/OldBase_test/ENT_OldBase2276.entity_inst
/Main/OldBase_test/ENT_OldBase2277.entity_inst
/Main/OldBase_test/ENT_OldBase2278.entity_inst
/Main/OldBase_test/ENT_OldBase2279.entity_inst
/Main/OldBase_test/ENT_OldBase3280.entity_inst
/Main/OldBase_test/ENT_OldBase3281.entity_inst
/Main/OldBase_test/ENT_OldBase3282.entity_inst
/Main/OldBase_test/ENT_OldBase3283.entity_inst
/Main/OldBase_test/ENT_OldBase3284.entity_inst
/Main/OldBase_test/ENT_OldBase3285.entity_inst
/Main/OldBase_test/ENT_OldBase3286.entity_inst
/Main/OldBase_test/ENT_OldBase3287.entity_inst
/Main/OldBase_test/ENT_OldBase3288.entity_inst
/Main/OldBase_test/ENT_OldBase3289.entity_inst
/Main/OldBase_test/ENT_OldBase3290.entity_inst
/Main/OldBase_test/ENT_OldBase3291.entity_inst
/Main/OldBase_test/ENT_OldBase3292.entity_inst
/Main/OldBase_test/ENT_OldBase3293.entity_inst
/Main/OldBase_test/ENT_OldBase3294.entity_inst
/Main/OldBase_test/ENT_OldBase3295.entity_inst
/Main/OldBase_test/ENT_OldBase3296.entity_inst
/Main/OldBase_test/ENT_OldBase3297.entity_inst
/Main/OldBase_test/ENT_OldBase3298.entity_inst
/Main/OldBase_test/ENT_OldBase3299.entity_inst
/Main/OldBase_test/ENT_OldBase3300.entity_inst
/Main/OldBase_test/ENT_OldBase3301.entity_inst
/Main/OldBase_test/ENT_OldBase4302.entity_inst
/Main/OldBase_test/ENT_OldBase4303.entity_inst
/Main/OldBase_test/ENT_OldBase4304.entity_inst
/Main/OldBase_test/ENT_OldBase4305.entity_inst
/Main/OldBase_test/ENT_OldBase4306.entity_inst
/Main/OldBase_test/ENT_OldBase4307.entity_inst
/Main/OldBase_test/ENT_OldBase4308.entity_inst
/Main/OldBase_test/ENT_OldBase4309.entity_inst
/Main/OldBase_test/ENT_OldBase4310.entity_inst
/Main/OldBase_test/ENT_OldBase4311.entity_inst
/Main/OldBase_test/ENT_OldBase4312.entity_inst
/Main/OldBase_test/ENT_OldBase4313.entity_inst
/Main/OldBase_test/ENT_OldBase4314.entity_inst
/Main/OldBase_test/ENT_OldBase4315.entity_inst
/Main/OldBase_test/ENT_OldBase4316.entity_inst
/Main/OldBase_test/ENT_OldBase4317.entity_inst
/Main/OldBase_test/ENT_OldBase4318.entity_inst
/Main/OldBase_test/ENT_OldBase4319.entity_inst
/Main/OldBase_test/ENT_OldBase4320.entity_inst
/Main/OldBase_test/ENT_OldBase4321.entity_inst
/Main/OldBase_test/ENT_OldBase4322.entity_inst
/Main/OldBase_test/ENT_OldBase5323.entity_inst
/Main/OldBase_test/ENT_OldBase5324.entity_inst
/Main/OldBase_test/ENT_OldBase5325.entity_inst
/Main/OldBase_test/ENT_OldBase5326.entity_inst
/Main/OldBase_test/ENT_OldBase5327.entity_inst
/Main/OldBase_test/ENT_OldBase5328.entity_inst
/Main/OldBase_test/ENT_OldBase5329.entity_inst
/Main/OldBase_test/ENT_OldBase5330.entity_inst
/Main/OldBase_test/ENT_OldBase5331.entity_inst
/Main/OldBase_test/ENT_OldBase5332.entity_inst
/Main/OldBase_test/ENT_OldBase5333.entity_inst
/Main/OldBase_test/ENT_OldBase5334.entity_inst
/Main/OldBase_test/ENT_OldBase5335.entity_inst
/Main/OldBase_test/ENT_Asteroid1_big336.entity_inst
/Main/OldBase_test/ENT_Asteroid1_big337.entity_inst
/Main/OldBase_test/ENT_Asteroid1_big338.entity_inst
/Main/OldBase_test/ENT_Asteroid1_big339.entity_inst
/Main/OldBase_test/ENT_Asteroid1_big340.entity_inst
/Main/OldBase_test/ENT_Asteroid1_big341.entity_inst
/Main/OldBase_test/ENT_Asteroid1_big342.entity_inst
/Main/OldBase_test/ENT_Asteroid1_big343.entity_inst
/Main/OldBase_test/ENT_Asteroid1_big344.entity_inst
/Main/OldBase_test/ENT_Asteroid1_big345.entity_inst
/Main/OldBase_test/ENT_Asteroid1_big346.entity_inst
/Main/OldBase_test/ENT_Asteroid1_big347.entity_inst
/Main/OldBase_test/ENT_Asteroid1_big348.entity_inst
/Main/OldBase_test/ENT_Asteroid1_big349.entity_inst
/Main/OldBase_test/ENT_Asteroid1_big350.entity_inst
/Main/OldBase_test/ENT_Asteroid1_big351.entity_inst
/Main/OldBase_test/ENT_Asteroid1_vbig352.entity_inst
/Main/OldBase_test/ENT_Asteroid1_vbig353.entity_inst
/Main/OldBase_test/ENT_Asteroid1_vbig354.entity_inst
/Main/OldBase_test/ENT_Asteroid1_vbig355.entity_inst
/Main/OldBase_test/ENT_Asteroid1_vbig356.entity_inst
/Main/OldBase_test/ENT_Asteroid1_vbig357.entity_inst
/Main/OldBase_test/ENT_Asteroid1_vbig358.entity_inst
/Main/OldBase_test/ENT_Asteroid1359.entity_inst
/Main/OldBase_test/ENT_Asteroid1360.entity_inst
/Main/OldBase_test/ENT_Asteroid1361.entity_inst
/Main/OldBase_test/ENT_Asteroid1362.entity_inst
/Main/OldBase_test/ENT_Asteroid1363.entity_inst
/Main/OldBase_test/ENT_Asteroid1364.entity_inst
/Main/OldBase_test/ENT_Asteroid1365.entity_inst
/Main/OldBase_test/ENT_Asteroid1366.entity_inst
/Main/OldBase_test/ENT_Asteroid1367.entity_inst
/Main/OldBase_test/ENT_Asteroid1368.entity_inst
/Main/OldBase_test/ENT_Asteroid1369.entity_inst
/Main/OldBase_test/ENT_Asteroid1370.entity_inst
/Main/OldBase_test/ENT_Asteroid1371.entity_inst
/Main/OldBase_test/ENT_Asteroid1372.entity_inst
/Main/OldBase_test/ENT_Asteroid1373.entity_inst
/Main/OldBase_test/ENT_Asteroid1374.entity_inst
/Main/OldBase_test/ENT_Asteroid1375.entity_inst
/Main/OldBase_test/ENT_Asteroid1376.entity_inst
/Main/OldBase_test/ENT_Asteroid1377.entity_inst
/Main/OldBase_test/ENT_Asteroid1378.entity_inst
/Main/OldBase_test/ENT_Asteroid1379.entity_inst
/Main/OldBase_test/ENT_Asteroid1380.entity_inst
/Main/OldBase_test/ENT_Asteroid1381.entity_inst
/Main/OldBase_test/ENT_Asteroid1382.entity_inst
/Main/OldBase_test/ENT_Asteroid1383.entity_inst
/Main/OldBase_test/ENT_Asteroid1384.entity_inst
/Main/OldBase_test/ENT_Asteroid1385.entity_inst
/Main/OldBase_test/ENT_Asteroid1386.entity_inst
/Main/OldBase_test/ENT_Asteroid1387.entity_inst
/Main/OldBase_test/ENT_Asteroid1388.entity_inst
/Main/OldBase_test/ENT_Asteroid1389.entity_inst
/Main/OldBase_test/ENT_Asteroid1390.entity_inst
/Main/OldBase_test/ENT_Asteroid1391.entity_inst
/Main/OldBase_test/ENT_Asteroid1392.entity_inst
/Main/OldBase_test/ENT_Asteroid1393.entity_inst
/Main/OldBase_test/ENT_Asteroid1394.entity_inst
/Main/OldBase_test/ENT_Asteroid1395.entity_inst
/Main/OldBase_test/ENT_Asteroid1396.entity_inst
/Main/OldBase_test/ENT_Asteroid1397.entity_inst
/Main/OldBase_test/ENT_Asteroid1398.entity_inst
/Main/OldBase_test/ENT_Asteroid1399.entity_inst
/Main/OldBase_test/ENT_Asteroid1400.entity_inst
/Main/OldBase_test/ENT_Asteroid1401.entity_inst
/Main/OldBase_test/ENT_Asteroid1402.entity_inst
/Main/OldBase_test/ENT_Asteroid1403.entity_inst
/Main/OldBase_test/ENT_Asteroid1404.entity_inst
/Main/OldBase_test/ENT_Asteroid1405.entity_inst
/Main/OldBase_test/ENT_Asteroid1406.entity_inst
/Main/OldBase_test/ENT_Asteroid1407.entity_inst
/Main/OldBase_test/ENT_Asteroid1408.entity_inst
/Main/OldBase_test/ENT_Asteroid1409.entity_inst
/Main/OldBase_test/ENT_Asteroid1410.entity_inst
/Main/OldBase_test/ENT_Asteroid1411.entity_inst
/Main/OldBase_test/ENT_Asteroid1412.entity_inst
/Main/OldBase_test/ENT_Asteroid1413.entity_inst
/Main/OldBase_test/ENT_Asteroid3414.entity_inst
/Main/OldBase_test/ENT_Asteroid3415.entity_inst
/Main/OldBase_test/ENT_Asteroid3416.entity_inst
/Main/OldBase_test/ENT_Asteroid3417.entity_inst
/Main/OldBase_test/ENT_Asteroid3418.entity_inst
/Main/OldBase_test/ENT_Asteroid3419.entity_inst
/Main/OldBase_test/ENT_Asteroid3420.entity_inst
/Main/OldBase_test/ENT_Asteroid3421.entity_inst
/Main/OldBase_test/ENT_Asteroid3422.entity_inst
/Main/OldBase_test/ENT_Asteroid3423.entity_inst
/Main/OldBase_test/ENT_Asteroid3424.entity_inst
/Main/OldBase_test/ENT_Asteroid3425.entity_inst
/Main/OldBase_test/ENT_Asteroid3426.entity_inst
/Main/OldBase_test/ENT_Asteroid3427.entity_inst
/Main/OldBase_test/ENT_Asteroid3428.entity_inst
/Main/OldBase_test/ENT_Asteroid3429.entity_inst
/Main/OldBase_test/ENT_Asteroid3430.entity_inst
/Main/OldBase_test/ENT_Asteroid3431.entity_inst
/Main/OldBase_test/ENT_Asteroid3432.entity_inst
/Main/OldBase_test/ENT_Asteroid3433.entity_inst
/Main/OldBase_test/ENT_Asteroid3434.entity_inst
/Main/OldBase_test/ENT_Asteroid3435.entity_inst
/Main/OldBase_test/ENT_Asteroid3436.entity_inst
/Main/OldBase_test/ENT_Asteroid3437.entity_inst
/Main/OldBase_test/ENT_Asteroid3438.entity_inst
/Main/OldBase_test/ENT_Asteroid3439.entity_inst
/Main/OldBase_test/ENT_Asteroid3440.entity_inst
/Main/OldBase_test/ENT_Asteroid3441.entity_inst
/Main/OldBase_test/ENT_Asteroid3442.entity_inst
/Main/OldBase_test/ENT_Asteroid3443.entity_inst
/Main/OldBase_test/ENT_Asteroid3444.entity_inst
/Main/OldBase_test/ENT_Asteroid3445.entity_inst
/Main/OldBase_test/ENT_Asteroid3446.entity_inst
/Main/OldBase_test/ENT_Asteroid3447.entity_inst
/Main/OldBase_test/ENT_Asteroid3448.entity_inst
/Main/OldBase_test/ENT_Asteroid3449.entity_inst
/Main/OldBase_test/ENT_Asteroid3450.entity_inst
/Main/OldBase_test/ENT_Asteroid3451.entity_inst
/Main/OldBase_test/ENT_Asteroid3452.entity_inst
/Main/OldBase_test/ENT_Asteroid3453.entity_inst
/Main/OldBase_test/ENT_Asteroid3454.entity_inst
/Main/OldBase_test/ENT_Asteroid3455.entity_inst
/Main/OldBase_test/ENT_Asteroid3456.entity_inst
/Main/OldBase_test/ENT_Asteroid3457.entity_inst
/Main/OldBase_test/ENT_Asteroid3458.entity_inst
/Main/OldBase_test/ENT_Asteroid3459.entity_inst
/Main/OldBase_test/ENT_Asteroid3460.entity_inst
/Main/OldBase_test/ENT_Asteroid3461.entity_inst
/Main/OldBase_test/ENT_Asteroid3462.entity_inst
/Main/OldBase_test/ENT_Asteroid3463.entity_inst
/Main/OldBase_test/ENT_Asteroid3464.entity_inst
/Main/OldBase_test/ENT_Asteroid3465.entity_inst
/Main/OldBase_test/ENT_Asteroid3466.entity_inst
/Main/OldBase_test/ENT_Asteroid3467.entity_inst
/Main/OldBase_test/ENT_Asteroid3468.entity_inst
/Main/OldBase_test/ENT_Asteroid3469.entity_inst
/Main/OldBase_test/ENT_Asteroid3470.entity_inst
/Main/OldBase_test/ENT_Asteroid3471.entity_inst
/Main/OldBase_test/ENT_Asteroid3472.entity_inst
/Main/OldBase_test/ENT_Asteroid3473.entity_inst
/Main/OldBase_test/ENT_Asteroid3474.entity_inst
/Main/OldBase_test/ENT_Asteroid3475.entity_inst
/Main/OldBase_test/ENT_Asteroid3476.entity_inst
/Main/OldBase_test/ENT_Asteroid3477.entity_inst
/Main/OldBase_test/ENT_Asteroid3478.entity_inst
/Main/OldBase_test/ENT_Asteroid3479.entity_inst
/Main/OldBase_test/ENT_Asteroid3480.entity_inst
/Main/OldBase_test/ENT_Asteroid3481.entity_inst
/Main/OldBase_test/ENT_Asteroid3482.entity_inst
/Main/OldBase_test/ENT_Asteroid3483.entity_inst
/Main/OldBase_test/ENT_Asteroid3484.entity_inst
/Main/OldBase_test/ENT_Asteroid3485.entity_inst
/Main/OldBase_test/ENT_Asteroid3486.entity_inst
/Main/OldBase_test/ENT_Asteroid3487.entity_inst
/Main/OldBase_test/ENT_Asteroid3488.entity_inst
/Main/OldBase_test/ENT_Asteroid3489.entity_inst
/Main/OldBase_test/ENT_Asteroid3490.entity_inst
/Main/OldBase_test/ENT_Asteroid3491.entity_inst
/Main/OldBase_test/ENT_Asteroid3492.entity_inst
/Main/OldBase_test/ENT_Asteroid3493.entity_inst
/Main/OldBase_test/ENT_Asteroid3494.entity_inst
/Main/OldBase_test/ENT_Asteroid3495.entity_inst
/Main/OldBase_test/ENT_Asteroid3496.entity_inst
/Main/OldBase_test/ENT_Asteroid3497.entity_inst
/Main/OldBase_test/ENT_Asteroid3498.entity_inst
/Main/OldBase_test/ENT_Asteroid3499.entity_inst
/Main/OldBase_test/ENT_Asteroid3500.entity_inst
/Main/OldBase_test/ENT_Asteroid3501.entity_inst
/Main/OldBase_test/ENT_Asteroid3502.entity_inst
/Main/OldBase_test/ENT_Asteroid3503.entity_inst
/Main/OldBase_test/ENT_Asteroid3504.entity_inst
/Main/OldBase_test/ENT_Asteroid3505.entity_inst
/Main/OldBase_test/ENT_Asteroid3506.entity_inst
/Main/OldBase_test/ENT_Asteroid3507.entity_inst
/Main/OldBase_test/ENT_Asteroid3508.entity_inst
/Main/OldBase_test/ENT_Asteroid3509.entity_inst
/Main/OldBase_test/ENT_Asteroid3510.entity_inst
/Main/OldBase_test/ENT_Asteroid3511.entity_inst
/Main/OldBase_test/ENT_Asteroid3512.entity_inst
/Main/OldBase_test/ENT_Asteroid3513.entity_inst
/Main/OldBase_test/ENT_Asteroid3514.entity_inst
/Main/OldBase_test/ENT_Asteroid3515.entity_inst
/Main/OldBase_test/ENT_Asteroid3516.entity_inst
/Main/OldBase_test/ENT_Asteroid3517.entity_inst
/Main/OldBase_test/ENT_Asteroid3518.entity_inst
/Main/OldBase_test/ENT_Asteroid3519.entity_inst
/Main/OldBase_test/ENT_Asteroid3520.entity_inst
/Main/OldBase_test/ENT_Asteroid3521.entity_inst
/Main/OldBase_test/ENT_Asteroid3522.entity_inst
/Main/OldBase_test/ENT_Asteroid3523.entity_inst
/Main/OldBase_test/ENT_Asteroid2524.entity_inst
/Main/OldBase_test/ENT_Asteroid2525.entity_inst
/Main/OldBase_test/ENT_Asteroid2526.entity_inst
/Main/OldBase_test/ENT_Asteroid2527.entity_inst
/Main/OldBase_test/ENT_Asteroid2528.entity_inst
/Main/OldBase_test/ENT_Asteroid2529.entity_inst
/Main/OldBase_test/ENT_Asteroid2530.entity_inst
/Main/OldBase_test/ENT_Asteroid2531.entity_inst
/Main/OldBase_test/ENT_Asteroid2532.entity_inst
/Main/OldBase_test/ENT_Asteroid2533.entity_inst
/Main/OldBase_test/ENT_Asteroid2534.entity_inst
/Main/OldBase_test/ENT_Asteroid2535.entity_inst
/Main/OldBase_test/ENT_Asteroid2536.entity_inst
/Main/OldBase_test/ENT_Asteroid2537.entity_inst
/Main/OldBase_test/ENT_Asteroid2538.entity_inst
/Main/OldBase_test/ENT_Asteroid2539.entity_inst
/Main/OldBase_test/ENT_Asteroid2540.entity_inst
/Main/OldBase_test/ENT_Asteroid2541.entity_inst
/Main/OldBase_test/ENT_Asteroid2542.entity_inst
/Main/OldBase_test/ENT_Asteroid2543.entity_inst
/Main/OldBase_test/ENT_Asteroid2544.entity_inst
/Main/OldBase_test/ENT_Asteroid2545.entity_inst
/Main/OldBase_test/ENT_Asteroid2546.entity_inst
/Main/OldBase_test/ENT_Asteroid2547.entity_inst
/Main/OldBase_test/ENT_Asteroid2548.entity_inst
/Main/OldBase_test/ENT_Asteroid2549.entity_inst
/Main/OldBase_test/ENT_Asteroid2550.entity_inst
/Main/OldBase_test/ENT_Asteroid2551.entity_inst
/Main/OldBase_test/ENT_Asteroid2552.entity_inst
/Main/OldBase_test/ENT_Asteroid2553.entity_inst
/Main/OldBase_test/ENT_Asteroid2554.entity_inst
/Main/OldBase_test/ENT_Asteroid2555.entity_inst
/Main/OldBase_test/ENT_Asteroid2556.entity_inst
/Main/OldBase_test/ENT_Asteroid2557.entity_inst
/Main/OldBase_test/ENT_Asteroid2558.entity_inst
/Main/OldBase_test/ENT_Asteroid2559.entity_inst
/Main/OldBase_test/ENT_Asteroid2560.entity_inst
/Main/OldBase_test/ENT_Asteroid2561.entity_inst
/Main/OldBase_test/ENT_Asteroid2562.entity_inst
/Main/OldBase_test/ENT_Asteroid2563.entity_inst
/Main/OldBase_test/ENT_Asteroid2564.entity_inst
/Main/OldBase_test/ENT_Asteroid2565.entity_inst
/Main/OldBase_test/ENT_Asteroid2566.entity_inst
/Main/OldBase_test/ENT_Asteroid2567.entity_inst
/Main/OldBase_test/ENT_Asteroid2568.entity_inst
/Main/OldBase_test/ENT_Asteroid2569.entity_inst
/Main/OldBase_test/ENT_Asteroid2570.entity_inst
/Main/OldBase_test/ENT_Asteroid2571.entity_inst
/Main/OldBase_test/ENT_Asteroid2572.entity_inst
/Main/OldBase_test/ENT_Asteroid2573.entity_inst
/Main/OldBase_test/ENT_Asteroid2574.entity_inst
/Main/OldBase_test/ENT_Asteroid2575.entity_inst
/Main/OldBase_test/ENT_Asteroid2576.entity_inst
/Main/OldBase_test/ENT_Asteroid2577.entity_inst
/Main/OldBase_test/ENT_Asteroid2578.entity_inst
/Main/OldBase_test/ENT_Asteroid2579.entity_inst
/Main/OldBase_test/ENT_Asteroid2580.entity_inst
/Main/OldBase_test/ENT_Asteroid2581.entity_inst
/Main/OldBase_test/ENT_Asteroid2582.entity_inst
/Main/OldBase_test/ENT_Asteroid2583.entity_inst
/Main/OldBase_test/ENT_Asteroid2584.entity_inst
/Main/OldBase_test/ENT_Asteroid2585.entity_inst
/Main/OldBase_test/ENT_Asteroid2586.entity_inst
/Main/OldBase_test/ENT_Asteroid2587.entity_inst
/Main/OldBase_test/ENT_Asteroid2588.entity_inst
/Main/OldBase_test/ENT_Asteroid2589.entity_inst
/Main/OldBase_test/ENT_Asteroid2590.entity_inst
/Main/OldBase_test/ENT_Asteroid2591.entity_inst
/Main/OldBase_test/ENT_Asteroid2592.entity_inst
/Main/OldBase_test/ENT_Asteroid2593.entity_inst
/Main/OldBase_test/ENT_Asteroid2594.entity_inst
/Main/OldBase_test/ENT_Asteroid2595.entity_inst
/Main/OldBase_test/ENT_Asteroid2596.entity_inst
/Main/OldBase_test/ENT_Asteroid2597.entity_inst
/Main/OldBase_test/ENT_Asteroid2598.entity_inst
/Main/OldBase_test/ENT_Asteroid2599.entity_inst
/Main/OldBase_test/ENT_Asteroid2600.entity_inst
/Main/OldBase_test/ENT_Asteroid2601.entity_inst
/Main/OldBase_test/ENT_Asteroid2602.entity_inst
/Main/OldBase_test/ENT_Asteroid2603.entity_inst
/Main/OldBase_test/ENT_Asteroid2604.entity_inst
/Main/OldBase_test/ENT_Asteroid2605.entity_inst
/Main/OldBase_test/ENT_Asteroid2606.entity_inst
/Main/OldBase_test/ENT_Asteroid2607.entity_inst
/Main/OldBase_test/ENT_Asteroid2608.entity_inst
/Main/OldBase_test/ENT_Asteroid2609.entity_inst
/Main/OldBase_test/ENT_Asteroid2610.entity_inst
/Main/OldBase_test/ENT_Asteroid2611.entity_inst
/Main/OldBase_test/ENT_Asteroid2612.entity_inst
/Main/OldBase_test/ENT_Asteroid2613.entity_inst
/Main/OldBase_test/ENT_Asteroid2614.entity_inst
/Main/OldBase_test/ENT_Asteroid2615.entity_inst
/Main/OldBase_test/ENT_Asteroid2616.entity_inst
/Main/OldBase_test/ENT_Asteroid2617.entity_inst
/Main/OldBase_test/ENT_Asteroid2618.entity_inst
/Main/OldBase_test/ENT_Asteroid2619.entity_inst
/Main/OldBase_test/ENT_Asteroid2620.entity_inst
/Main/OldBase_test/ENT_Asteroid2621.entity_inst
/Main/OldBase_test/ENT_Asteroid2622.entity_inst
/Main/OldBase_test/ENT_Asteroid2623.entity_inst
/Main/OldBase_test/ENT_Asteroid2624.entity_inst
/Main/OldBase_test/ENT_Asteroid2625.entity_inst
/Main/OldBase_test/ENT_Asteroid2626.entity_inst
/Main/OldBase_test/ENT_Asteroid2627.entity_inst
/Main/OldBase_test/ENT_Asteroid2628.entity_inst
/Main/OldBase_test/ENT_Asteroid2629.entity_inst
/Main/OldBase_test/ENT_Asteroid2630.entity_inst
/Main/OldBase_test/ENT_Asteroid2631.entity_inst
/Main/OldBase_test/ENT_Asteroid2632.entity_inst
/Main/OldBase_test/ENT_Asteroid2633.entity_inst
/Main/OldBase_test/ENT_Asteroid2634.entity_inst
/Main/OldBase_test/ENT_Asteroid2635.entity_inst
/Main/OldBase_test/ENT_Asteroid2636.entity_inst
/Main/OldBase_test/ENT_Asteroid2637.entity_inst
/Main/OldBase_test/ENT_Asteroid2638.entity_inst
/Main/OldBase_test/ENT_Asteroid2639.entity_inst
/Main/OldBase_test/ENT_Asteroid2640.entity_inst
/Main/OldBase_test/ENT_Asteroid2641.entity_inst
/Main/OldBase_test/ENT_Asteroid2642.entity_inst
/Main/OldBase_test/ENT_Asteroid2643.entity_inst
/Main/OldBase_test/ENT_Asteroid2644.entity_inst
/Main/OldBase_test/ENT_Asteroid2645.entity_inst
/Main/OldBase_test/ENT_Asteroid2646.entity_inst
/Main/OldBase_test/ENT_Asteroid2647.entity_inst
/Main/OldBase_test/ENT_Asteroid2648.entity_inst
/Main/OldBase_test/ENT_Asteroid2649.entity_inst
/Main/OldBase_test/ENT_Asteroid2650.entity_inst
/Main/OldBase_test/ENT_Asteroid2651.entity_inst
/Main/OldBase_test/ENT_Asteroid2652.entity_inst
/Main/OldBase_test/ENT_Asteroid2653.entity_inst
/Main/OldBase_test/ENT_Asteroid2654.entity_inst
/Main/OldBase_test/ENT_Asteroid2655.entity_inst
/Main/OldBase_test/ENT_Asteroid2656.entity_inst
/Main/OldBase_test/ENT_Asteroid2657.entity_inst
/Main/OldBase_test/ENT_Asteroid2658.entity_inst
/Main/OldBase_test/ENT_Asteroid2659.entity_inst
/Main/OldBase_test/ENT_Asteroid2660.entity_inst
/Main/OldBase_test/ENT_Asteroid2661.entity_inst
/Main/OldBase_test/ENT_Asteroid2662.entity_inst
/Main/OldBase_test/ENT_Asteroid2663.entity_inst
/Main/OldBase_test/ENT_Asteroid2664.entity_inst
/Main/OldBase_test/ENT_Asteroid2665.entity_inst
/Main/OldBase_test/ENT_Asteroid2666.entity_inst
/Main/OldBase_test/ENT_Asteroid2667.entity_inst
/Main/OldBase_test/ENT_Asteroid2668.entity_inst
/Main/OldBase_test/ENT_Asteroid2669.entity_inst
/Main/OldBase_test/ENT_Asteroid2670.entity_inst
/Main/OldBase_test/ENT_Asteroid2671.entity_inst
/Main/OldBase_test/ENT_Asteroid2672.entity_inst
/Main/OldBase_test/ENT_Asteroid2673.entity_inst
/Main/OldBase_test/ENT_Asteroid2674.entity_inst
/Main/OldBase_test/ENT_Asteroid2675.entity_inst
/Main/OldBase_test/ENT_Asteroid2676.entity_inst
/Main/OldBase_test/ENT_Asteroid2677.entity_inst
/Main/OldBase_test/ENT_Asteroid2678.entity_inst
/Main/OldBase_test/ENT_Asteroid2679.entity_inst
/Main/OldBase_test/ENT_Asteroid2680.entity_inst
/Main/OldBase_test/ENT_Asteroid2681.entity_inst
/Main/OldBase_test/ENT_Asteroid2682.entity_inst
/Main/OldBase_test/ENT_Asteroid2683.entity_inst
/Main/OldBase_test/ENT_Asteroid2684.entity_inst
/Main/OldBase_test/ENT_Asteroid2685.entity_inst
/Main/OldBase_test/ENT_Asteroid2686.entity_inst
/Main/OldBase_test/ENT_Asteroid2687.entity_inst
/Main/OldBase_test/ENT_Asteroid2688.entity_inst
/Main/OldBase_test/ENT_Asteroid2689.entity_inst
/Main/OldBase_test/ENT_Asteroid2690.entity_inst
/Main/OldBase_test/ENT_Asteroid2691.entity_inst
/Main/OldBase_test/ENT_Asteroid2692.entity_inst
/Main/OldBase_test/ENT_Asteroid2693.entity_inst
/Main/OldBase_test/ENT_Asteroid2694.entity_inst
/Main/OldBase_test/ENT_Asteroid2695.entity_inst
/Main/OldBase_test/ENT_Asteroid2696.entity_inst
/Main/OldBase_test/ENT_Asteroid2697.entity_inst
/Main/OldBase_test/ENT_Asteroid2698.entity_inst
/Main/OldBase_test/ENT_Asteroid2699.entity_inst
/Main/OldBase_test/ENT_Asteroid2700.entity_inst
/Main/OldBase_test/ENT_Asteroid2701.entity_inst
/Main/OldBase_test/ENT_Asteroid2702.entity_inst
/Main/OldBase_test/ENT_Asteroid2703.entity_inst
/Main/OldBase_test/ENT_Asteroid2704.entity_inst
/Main/OldBase_test/ENT_Asteroid2705.entity_inst
/Main/OldBase_test/ENT_Asteroid2706.entity_inst
/Main/OldBase_test/ENT_Asteroid2707.entity_inst
/Main/OldBase_test/ENT_Asteroid2708.entity_inst
/Main/OldBase_test/ENT_Asteroid2709.entity_inst
/Main/OldBase_test/ENT_Asteroid2710.entity_inst
/Main/OldBase_test/ENT_Asteroid2711.entity_inst
/Main/OldBase_test/ENT_Asteroid2712.entity_inst
/Main/OldBase_test/ENT_Asteroid2713.entity_inst
/Main/OldBase_test/ENT_Asteroid2714.entity_inst
/Main/OldBase_test/ENT_Asteroid2715.entity_inst
/Main/OldBase_test/ENT_Asteroid2716.entity_inst
/Main/OldBase_test/ENT_Asteroid2717.entity_inst
/Main/OldBase_test/ENT_Asteroid2718.entity_inst
/Main/OldBase_test/ENT_Asteroid2719.entity_inst
/Main/OldBase_test/ENT_Asteroid2720.entity_inst
/Main/OldBase_test/ENT_Asteroid2721.entity_inst
/Main/OldBase_test/ENT_Asteroid2722.entity_inst
/Main/OldBase_test/ENT_Asteroid2723.entity_inst
/Main/OldBase_test/ENT_Asteroid2724.entity_inst
/Main/OldBase_test/ENT_Asteroid2725.entity_inst
/Main/OldBase_test/ENT_Asteroid2726.entity_inst
/Main/OldBase_test/ENT_Asteroid2727.entity_inst
/Main/OldBase_test/ENT_Asteroid2728.entity_inst
/Main/OldBase_test/ENT_Asteroid2729.entity_inst
/Main/OldBase_test/ENT_Asteroid2730.entity_inst
/Main/OldBase_test/ENT_Asteroid2731.entity_inst
/Main/OldBase_test/ENT_Asteroid2732.entity_inst
/Main/OldBase_test/ENT_Asteroid2733.entity_inst
/Main/OldBase_test/ENT_Asteroid2734.entity_inst
/Main/OldBase_test/ENT_Asteroid2735.entity_inst
/Main/OldBase_test/ENT_Asteroid2736.entity_inst
/Main/OldBase_test/ENT_Asteroid2737.entity_inst
/Main/OldBase_test/ENT_Asteroid2738.entity_inst
/Main/OldBase_test/ENT_Asteroid2739.entity_inst
/Main/OldBase_test/ENT_Asteroid2740.entity_inst
/Main/OldBase_test/ENT_Asteroid2741.entity_inst
/Main/OldBase_test/ENT_Asteroid2742.entity_inst
/Main/OldBase_test/ENT_Asteroid2743.entity_inst
/Main/OldBase_test/ENT_Asteroid2744.entity_inst
/Main/OldBase_test/ENT_Asteroid2745.entity_inst
/Main/OldBase_test/ENT_Asteroid2746.entity_inst
/Main/OldBase_test/ENT_Asteroid2747.entity_inst
/Main/OldBase_test/ENT_Asteroid2748.entity_inst
/Main/OldBase_test/ENT_Asteroid2749.entity_inst
/Main/OldBase_test/ENT_Asteroid2750.entity_inst
/Main/OldBase_test/ENT_Asteroid2751.entity_inst
/Main/OldBase_test/ENT_Asteroid2752.entity_inst
/Main/OldBase_test/ENT_Asteroid2753.entity_inst
/Main/OldBase_test/ENT_Asteroid2754.entity_inst
/Main/OldBase_test/ENT_Asteroid2755.entity_inst
/Main/OldBase_test/ENT_Asteroid2756.entity_inst
/Main/OldBase_test/ENT_Asteroid2757.entity_inst
/Main/OldBase_test/ENT_Asteroid2758.entity_inst
/Main/OldBase_test/ENT_Asteroid2759.entity_inst
/Main/OldBase_test/ENT_Asteroid2760.entity_inst
/Main/OldBase_test/ENT_Asteroid2761.entity_inst
/Main/OldBase_test/ENT_Asteroid2762.entity_inst
/Main/OldBase_test/ENT_Asteroid2763.entity_inst
/Main/OldBase_test/ENT_Asteroid2764.entity_inst
/Main/OldBase_test/ENT_Asteroid2765.entity_inst
/Main/OldBase_test/ENT_Asteroid2766.entity_inst
/Main/OldBase_test/ENT_Asteroid2767.entity_inst
/Main/OldBase_test/ENT_Asteroid2768.entity_inst
/Main/OldBase_test/ENT_Asteroid2769.entity_inst
/Main/OldBase_test/ENT_Asteroid2770.entity_inst
/Main/OldBase_test/ENT_Asteroid2771.entity_inst
/Main/OldBase_test/ENT_Asteroid2772.entity_inst
/Main/OldBase_test/ENT_Asteroid2773.entity_inst
/Main/OldBase_test/ENT_Asteroid2774.entity_inst
/Main/OldBase_test/ENT_Asteroid2775.entity_inst
/Main/OldBase_test/ENT_Asteroid2776.entity_inst
/Main/OldBase_test/ENT_Asteroid2777.entity_inst
/Main/OldBase_test/ENT_Asteroid2778.entity_inst
/Main/OldBase_test/ENT_Asteroid2779.entity_inst
/Main/OldBase_test/ENT_Asteroid2780.entity_inst
/Main/OldBase_test/ENT_Asteroid2781.entity_inst
/Main/OldBase_test/ENT_Asteroid2782.entity_inst
/Main/OldBase_test/ENT_Asteroid2783.entity_inst
/Main/OldBase_test/ENT_Asteroid2784.entity_inst
/Main/OldBase_test/ENT_Asteroid2785.entity_inst
/Main/OldBase_test/ENT_Asteroid2786.entity_inst
/Main/OldBase_test/ENT_Asteroid2787.entity_inst
/Main/OldBase_test/ENT_Asteroid4788.entity_inst
/Main/OldBase_test/ENT_Asteroid4789.entity_inst
/Main/OldBase_test/ENT_Asteroid4790.entity_inst
/Main/OldBase_test/ENT_Asteroid4791.entity_inst
/Main/OldBase_test/ENT_Asteroid4792.entity_inst
/Main/OldBase_test/ENT_Asteroid4793.entity_inst
/Main/OldBase_test/ENT_Asteroid4794.entity_inst
/Main/OldBase_test/ENT_Asteroid4795.entity_inst
/Main/OldBase_test/ENT_Asteroid4796.entity_inst
/Main/OldBase_test/ENT_Asteroid4797.entity_inst
/Main/OldBase_test/ENT_Asteroid4798.entity_inst
/Main/OldBase_test/ENT_Asteroid4799.entity_inst
/Main/OldBase_test/ENT_Asteroid4800.entity_inst
/Main/OldBase_test/ENT_Asteroid4801.entity_inst
/Main/OldBase_test/ENT_Asteroid4802.entity_inst
/Main/OldBase_test/ENT_Asteroid4803.entity_inst
/Main/OldBase_test/ENT_Asteroid4804.entity_inst
/Main/OldBase_test/ENT_Asteroid4805.entity_inst
/Main/OldBase_test/ENT_Asteroid4806.entity_inst
/Main/OldBase_test/ENT_Asteroid4807.entity_inst
/Main/OldBase_test/ENT_Asteroid4808.entity_inst
/Main/OldBase_test/ENT_Asteroid4809.entity_inst
/Main/OldBase_test/ENT_Asteroid4810.entity_inst
/Main/OldBase_test/ENT_Asteroid4811.entity_inst
/Main/OldBase_test/ENT_Asteroid4812.entity_inst
/Main/OldBase_test/ENT_Asteroid4813.entity_inst
/Main/OldBase_test/ENT_Asteroid4814.entity_inst
/Main/OldBase_test/ENT_Asteroid4815.entity_inst
/Main/OldBase_test/ENT_Asteroid4816.entity_inst
/Main/OldBase_test/ENT_Asteroid4817.entity_inst
/Main/OldBase_test/ENT_Asteroid4818.entity_inst
/Main/OldBase_test/ENT_Asteroid4819.entity_inst
/Main/OldBase_test/ENT_Asteroid4820.entity_inst
/Main/OldBase_test/ENT_Asteroid4821.entity_inst
/Main/OldBase_test/ENT_Asteroid4822.entity_inst
/Main/OldBase_test/ENT_Asteroid4823.entity_inst
/Main/OldBase_test/ENT_Asteroid4824.entity_inst
/Main/OldBase_test/ENT_Asteroid4825.entity_inst
/Main/OldBase_test/ENT_Asteroid4826.entity_inst
/Main/OldBase_test/ENT_Asteroid4827.entity_inst
/Main/OldBase_test/ENT_Asteroid4828.entity_inst
/Main/OldBase_test/ENT_Asteroid4829.entity_inst
/Main/OldBase_test/ENT_Asteroid4830.entity_inst
/Main/OldBase_test/ENT_Asteroid4831.entity_inst
/Main/OldBase_test/ENT_Asteroid4832.entity_inst
/Main/OldBase_test/ENT_Asteroid4833.entity_inst
/Main/OldBase_test/ENT_Asteroid4834.entity_inst
/Main/OldBase_test/ENT_Asteroid4835.entity_inst
/Main/OldBase_test/ENT_Asteroid4836.entity_inst
/Main/OldBase_test/ENT_Asteroid4837.entity_inst
/Main/OldBase_test/ENT_Asteroid4838.entity_inst
/Main/OldBase_test/ENT_Asteroid4839.entity_inst
/Main/OldBase_test/ENT_Asteroid4840.entity_inst
/Main/OldBase_test/ENT_Asteroid4841.entity_inst
/Main/OldBase_test/ENT_Asteroid4842.entity_inst
/Main/OldBase_test/ENT_Asteroid4843.entity_inst
/Main/OldBase_test/ENT_Asteroid4844.entity_inst
/Main/OldBase_test/ENT_Asteroid4845.entity_inst
/Main/OldBase_test/ENT_Asteroid4846.entity_inst
/Main/OldBase_test/ENT_Asteroid4847.entity_inst
/Main/OldBase_test/ENT_Asteroid4848.entity_inst
/Main/OldBase_test/ENT_Asteroid4849.entity_inst
/Main/OldBase_test/ENT_Asteroid4850.entity_inst
/Main/OldBase_test/ENT_Asteroid4851.entity_inst
/Main/OldBase_test/ENT_Asteroid4852.entity_inst
/Main/OldBase_test/ENT_Asteroid4853.entity_inst
/Main/OldBase_test/ENT_Asteroid4854.entity_inst
/Main/OldBase_test/ENT_Asteroid4855.entity_inst
/Main/OldBase_test/ENT_Asteroid4856.entity_inst
/Main/OldBase_test/ENT_Asteroid4857.entity_inst
/Main/OldBase_test/ENT_Asteroid4858.entity_inst
/Main/OldBase_test/ENT_Asteroid4859.entity_inst
/Main/OldBase_test/ENT_Asteroid4860.entity_inst
/Main/OldBase_test/ENT_Asteroid4861.entity_inst
/Main/OldBase_test/ENT_Asteroid4862.entity_inst
/Main/OldBase_test/ENT_Asteroid4863.entity_inst
/Main/OldBase_test/ENT_Asteroid4864.entity_inst
/Main/OldBase_test/ENT_Asteroid4865.entity_inst
/Main/OldBase_test/ENT_Asteroid4866.entity_inst
/Main/OldBase_test/ENT_Asteroid4867.entity_inst
/Main/OldBase_test/ENT_Asteroid4868.entity_inst
/Main/OldBase_test/ENT_Asteroid4869.entity_inst
/Main/OldBase_test/ENT_Asteroid4870.entity_inst
/Main/OldBase_test/ENT_Asteroid4871.entity_inst
/Main/OldBase_test/ENT_Asteroid4872.entity_inst
/Main/OldBase_test/ENT_Asteroid4873.entity_inst
/Main/OldBase_test/ENT_Asteroid4874.entity_inst
/Main/OldBase_test/ENT_Asteroid4875.entity_inst
/Main/OldBase_test/ENT_Asteroid4876.entity_inst
/Main/OldBase_test/ENT_Asteroid4877.entity_inst
/Main/OldBase_test/ENT_Asteroid4878.entity_inst
/Main/OldBase_test/ENT_Asteroid4879.entity_inst
/Main/OldBase_test/ENT_Asteroid4880.entity_inst
/Main/OldBase_test/ENT_Asteroid4881.entity_inst
/Main/OldBase_test/ENT_Asteroid4882.entity_inst
/Main/OldBase_test/ENT_Asteroid4883.entity_inst
/Main/OldBase_test/ENT_Asteroid4884.entity_inst
/Main/OldBase_test/ENT_Asteroid4885.entity_inst
/Main/OldBase_test/ENT_Asteroid4886.entity_inst
/Main/OldBase_test/ENT_Asteroid4887.entity_inst
/Main/OldBase_test/ENT_Asteroid4888.entity_inst
/Main/OldBase_test/ENT_Asteroid4889.entity_inst
/Main/OldBase_test/ENT_Asteroid4890.entity_inst
/Main/OldBase_test/ENT_Asteroid4891.entity_inst
/Main/OldBase_test/ENT_Asteroid4892.entity_inst
/Main/OldBase_test/ENT_Asteroid4893.entity_inst
/Main/OldBase_test/ENT_Asteroid4894.entity_inst
/Main/OldBase_test/ENT_Asteroid4895.entity_inst
/Main/OldBase_test/ENT_Asteroid4896.entity_inst
/Main/OldBase_test/ENT_Asteroid4897.entity_inst
/Main/OldBase_test/ENT_Asteroid4898.entity_inst
/Main/OldBase_test/ENT_Asteroid4899.entity_inst
/Main/OldBase_test/ENT_Asteroid4900.entity_inst
/Main/OldBase_test/ENT_Asteroid4901.entity_inst
/Main/OldBase_test/ENT_Asteroid4902.entity_inst
/Main/OldBase_test/ENT_Asteroid4903.entity_inst
/Main/OldBase_test/ENT_Asteroid4904.entity_inst
/Main/OldBase_test/ENT_Asteroid4905.entity_inst
/Main/OldBase_test/ENT_Asteroid4906.entity_inst
/Main/OldBase_test/ENT_Asteroid4907.entity_inst
/Main/OldBase_test/ENT_Asteroid4908.entity_inst
/Main/OldBase_test/ENT_Asteroid4909.entity_inst
/Main/OldBase_test/ENT_Asteroid4910.entity_inst
/Main/OldBase_test/ENT_Asteroid4911.entity_inst
/Main/OldBase_test/ENT_Asteroid4912.entity_inst
/Main/OldBase_test/ENT_Asteroid4913.entity_inst
/Main/OldBase_test/ENT_Asteroid4914.entity_inst
/Main/OldBase_test/ENT_Asteroid4915.entity_inst
/Main/OldBase_test/ENT_Asteroid4916.entity_inst
/Main/OldBase_test/ENT_Asteroid4917.entity_inst
/Main/OldBase_test/ENT_Asteroid4918.entity_inst
/Main/OldBase_test/ENT_Asteroid4919.entity_inst
/Main/OldBase_test/ENT_Asteroid4920.entity_inst
/Main/OldBase_test/ENT_Asteroid4921.entity_inst
/Main/OldBase_test/ENT_Asteroid4922.entity_inst
/Main/OldBase_test/ENT_Asteroid4923.entity_inst
/Main/OldBase_test/ENT_Asteroid4924.entity_inst
/Main/OldBase_test/ENT_Asteroid4925.entity_inst
/Main/OldBase_test/ENT_Asteroid4926.entity_inst
/Main/OldBase_test/ENT_Asteroid4927.entity_inst
/Main/OldBase_test/ENT_Asteroid4928.entity_inst
/Main/OldBase_test/ENT_Asteroid4929.entity_inst
/Main/OldBase_test/ENT_Asteroid4930.entity_inst
/Main/OldBase_test/ENT_Asteroid4931.entity_inst
/Main/OldBase_test/ENT_Asteroid1932.entity_inst
/Main/OldBase_test/ENT_Asteroid1933.entity_inst
/Main/OldBase_test/ENT_Asteroid21149.entity_inst
/Main/OldBase_test/ENT_Asteroid1935.entity_inst
/Main/OldBase_test/ENT_Asteroid1936.entity_inst
/Main/OldBase_test/ENT_Asteroid1937.entity_inst
/Main/OldBase_test/ENT_Asteroid21151.entity_inst
/Main/OldBase_test/ENT_Asteroid1939.entity_inst
/Main/OldBase_test/ENT_Asteroid1940.entity_inst
/Main/OldBase_test/ENT_Asteroid1941.entity_inst
/Main/OldBase_test/ENT_Asteroid21150.entity_inst
/Main/OldBase_test/ENT_Asteroid1943.entity_inst
/Main/OldBase_test/ENT_Asteroid21146.entity_inst
/Main/OldBase_test/ENT_Asteroid1945.entity_inst
/Main/OldBase_test/ENT_Asteroid21148.entity_inst
/Main/OldBase_test/ENT_Asteroid1948.entity_inst
/Main/OldBase_test/ENT_Asteroid1949.entity_inst
/Main/OldBase_test/ENT_Asteroid1950.entity_inst
/Main/OldBase_test/ENT_Asteroid1951.entity_inst
/Main/OldBase_test/ENT_Asteroid1952.entity_inst
/Main/OldBase_test/ENT_Asteroid1953.entity_inst
/Main/OldBase_test/ENT_Asteroid1954.entity_inst
/Main/OldBase_test/ENT_Asteroid1955.entity_inst
/Main/OldBase_test/ENT_Asteroid1956.entity_inst
/Main/OldBase_test/ENT_Asteroid1957.entity_inst
/Main/OldBase_test/ENT_Asteroid1958.entity_inst
/Main/OldBase_test/ENT_Asteroid1959.entity_inst
/Main/OldBase_test/ENT_Asteroid1960.entity_inst
/Main/OldBase_test/ENT_Asteroid1961.entity_inst
/Main/OldBase_test/ENT_Asteroid1962.entity_inst
/Main/OldBase_test/ENT_Asteroid1963.entity_inst
/Main/OldBase_test/ENT_Asteroid1964.entity_inst
/Main/OldBase_test/ENT_Asteroid21145.entity_inst
/Main/OldBase_test/ENT_Asteroid1966.entity_inst
/Main/OldBase_test/ENT_Asteroid1967.entity_inst
/Main/OldBase_test/ENT_Asteroid1968.entity_inst
/Main/OldBase_test/ENT_Asteroid1969.entity_inst
/Main/OldBase_test/ENT_Asteroid1970.entity_inst
/Main/OldBase_test/ENT_Asteroid21161.entity_inst
/Main/OldBase_test/ENT_Asteroid1972.entity_inst
/Main/OldBase_test/ENT_Asteroid21160.entity_inst
/Main/OldBase_test/ENT_Asteroid1974.entity_inst
/Main/OldBase_test/ENT_Asteroid21159.entity_inst
/Main/OldBase_test/ENT_Asteroid1976.entity_inst
/Main/OldBase_test/ENT_Asteroid1977.entity_inst
/Main/OldBase_test/ENT_Asteroid21187.entity_inst
/Main/OldBase_test/ENT_Asteroid1979.entity_inst
/Main/OldBase_test/ENT_Asteroid1980.entity_inst
/Main/OldBase_test/ENT_Asteroid1981.entity_inst
/Main/OldBase_test/ENT_Asteroid1982.entity_inst
/Main/OldBase_test/ENT_Asteroid1983.entity_inst
/Main/OldBase_test/ENT_Asteroid1984.entity_inst
/Main/OldBase_test/ENT_Asteroid1985.entity_inst
/Main/OldBase_test/ENT_Asteroid1986.entity_inst
/Main/OldBase_test/ENT_Asteroid1987.entity_inst
/Main/OldBase_test/ENT_Asteroid1988.entity_inst
/Main/OldBase_test/ENT_Asteroid21184.entity_inst
/Main/OldBase_test/ENT_Asteroid21172.entity_inst
/Main/OldBase_test/ENT_Asteroid1991.entity_inst
/Main/OldBase_test/ENT_Asteroid1992.entity_inst
/Main/OldBase_test/ENT_Asteroid1993.entity_inst
/Main/OldBase_test/ENT_Asteroid1994.entity_inst
/Main/OldBase_test/ENT_Asteroid1995.entity_inst
/Main/OldBase_test/ENT_Asteroid21186.entity_inst
/Main/OldBase_test/ENT_Asteroid21188.entity_inst
/Main/OldBase_test/ENT_Asteroid21185.entity_inst
/Main/OldBase_test/ENT_Asteroid1999.entity_inst
/Main/OldBase_test/ENT_Asteroid11000.entity_inst
/Main/OldBase_test/ENT_Asteroid11001.entity_inst
/Main/OldBase_test/ENT_Asteroid11002.entity_inst
/Main/OldBase_test/ENT_Asteroid11003.entity_inst
/Main/OldBase_test/ENT_Asteroid11004.entity_inst
/Main/OldBase_test/ENT_Asteroid11005.entity_inst
/Main/OldBase_test/ENT_Asteroid11006.entity_inst
/Main/OldBase_test/ENT_Asteroid21170.entity_inst
/Main/OldBase_test/ENT_Asteroid21171.entity_inst
/Main/OldBase_test/ENT_Asteroid11009.entity_inst
/Main/OldBase_test/ENT_Asteroid11010.entity_inst
/Main/OldBase_test/ENT_Asteroid21165.entity_inst
/Main/OldBase_test/ENT_Asteroid21169.entity_inst
/Main/OldBase_test/ENT_Asteroid21167.entity_inst
/Main/OldBase_test/ENT_Asteroid11014.entity_inst
/Main/OldBase_test/ENT_Asteroid21168.entity_inst
/Main/OldBase_test/ENT_Asteroid11016.entity_inst
/Main/OldBase_test/ENT_Asteroid11017.entity_inst
/Main/OldBase_test/ENT_Asteroid11018.entity_inst
/Main/OldBase_test/ENT_Asteroid11019.entity_inst
/Main/OldBase_test/ENT_Asteroid11020.entity_inst
/Main/OldBase_test/ENT_Asteroid11021.entity_inst
/Main/OldBase_test/ENT_Asteroid11022.entity_inst
/Main/OldBase_test/ENT_Asteroid11023.entity_inst
/Main/OldBase_test/ENT_Asteroid11024.entity_inst
/Main/OldBase_test/ENT_Asteroid11025.entity_inst
/Main/OldBase_test/ENT_Asteroid11026.entity_inst
/Main/OldBase_test/ENT_Asteroid21164.entity_inst
/Main/OldBase_test/ENT_Asteroid11028.entity_inst
/Main/OldBase_test/ENT_Asteroid11029.entity_inst
/Main/OldBase_test/ENT_Asteroid11030.entity_inst
/Main/OldBase_test/ENT_Asteroid11031.entity_inst
/Main/OldBase_test/ENT_Asteroid11032.entity_inst
/Main/OldBase_test/ENT_Asteroid11033.entity_inst
/Main/OldBase_test/ENT_Asteroid11034.entity_inst
/Main/OldBase_test/ENT_Asteroid11035.entity_inst
/Main/OldBase_test/ENT_Asteroid11036.entity_inst
/Main/OldBase_test/ENT_Asteroid11037.entity_inst
/Main/OldBase_test/ENT_Asteroid11038.entity_inst
/Main/OldBase_test/ENT_Asteroid11039.entity_inst
/Main/OldBase_test/ENT_Asteroid11040.entity_inst
/Main/OldBase_test/ENT_Asteroid11041.entity_inst
/Main/OldBase_test/ENT_Asteroid11042.entity_inst
/Main/OldBase_test/ENT_Asteroid11043.entity_inst
/Main/OldBase_test/ENT_Asteroid11044.entity_inst
/Main/OldBase_test/ENT_Asteroid11045.entity_inst
/Main/OldBase_test/ENT_Asteroid11046.entity_inst
/Main/OldBase_test/ENT_Asteroid11047.entity_inst
/Main/OldBase_test/ENT_Asteroid11048.entity_inst
/Main/OldBase_test/ENT_Asteroid11049.entity_inst
/Main/OldBase_test/ENT_Asteroid11050.entity_inst
/Main/OldBase_test/ENT_Asteroid11051.entity_inst
/Main/OldBase_test/ENT_Asteroid11052.entity_inst
/Main/OldBase_test/ENT_Asteroid11053.entity_inst
/Main/OldBase_test/ENT_Asteroid21162.entity_inst
/Main/OldBase_test/ENT_Asteroid11055.entity_inst
/Main/OldBase_test/ENT_Asteroid11056.entity_inst
/Main/OldBase_test/ENT_Asteroid11057.entity_inst
/Main/OldBase_test/ENT_Asteroid11058.entity_inst
/Main/OldBase_test/ENT_Asteroid11059.entity_inst
/Main/OldBase_test/ENT_Asteroid11060.entity_inst
/Main/OldBase_test/ENT_Asteroid11061.entity_inst
/Main/OldBase_test/ENT_Asteroid11062.entity_inst
/Main/OldBase_test/ENT_Asteroid11063.entity_inst
/Main/OldBase_test/ENT_Asteroid11064.entity_inst
/Main/OldBase_test/ENT_Asteroid11065.entity_inst
/Main/OldBase_test/ENT_Asteroid11066.entity_inst
/Main/OldBase_test/ENT_Asteroid11067.entity_inst
/Main/OldBase_test/ENT_Asteroid11068.entity_inst
/Main/OldBase_test/ENT_Asteroid21163.entity_inst
/Main/OldBase_test/ENT_Asteroid21166.entity_inst
/Main/OldBase_test/ENT_Asteroid11071.entity_inst
/Main/OldBase_test/ENT_Asteroid11072.entity_inst
/Main/OldBase_test/ENT_Asteroid11073.entity_inst
/Main/OldBase_test/ENT_Asteroid11074.entity_inst
/Main/OldBase_test/ENT_Asteroid11075.entity_inst
/Main/OldBase_test/ENT_Asteroid11076.entity_inst
/Main/OldBase_test/ENT_Asteroid11077.entity_inst
/Main/OldBase_test/ENT_Asteroid11078.entity_inst
/Main/OldBase_test/ENT_Asteroid11079.entity_inst
/Main/OldBase_test/ENT_Asteroid11080.entity_inst
/Main/OldBase_test/ENT_Asteroid11081.entity_inst
/Main/OldBase_test/ENT_Asteroid21156.entity_inst
/Main/OldBase_test/ENT_Asteroid21157.entity_inst
/Main/OldBase_test/ENT_Asteroid11084.entity_inst
/Main/OldBase_test/ENT_Asteroid11085.entity_inst
/Main/OldBase_test/ENT_Asteroid21158.entity_inst
/Main/OldBase_test/ENT_Asteroid21155.entity_inst
/Main/OldBase_test/ENT_Asteroid11088.entity_inst
/Main/OldBase_test/ENT_Asteroid21154.entity_inst
/Main/OldBase_test/ENT_TestBaseDD1307.entity_inst
/Main/OldBase_test/ENT_Asteroid21153.entity_inst
/Main/OldBase_test/ENT_Asteroid11092.entity_inst
/Main/OldBase_test/ENT_Asteroid11093.entity_inst
/Main/OldBase_test/ENT_Asteroid21152.entity_inst
/Main/OldBase_test/ENT_Asteroid11095.entity_inst
/Main/OldBase_test/ENT_Asteroid11096.entity_inst
/Main/OldBase_test/ENT_Asteroid11097.entity_inst
/Main/OldBase_test/ENT_Asteroid11098.entity_inst
/Main/OldBase_test/ENT_Asteroid11099.entity_inst
/Main/OldBase_test/ENT_Asteroid11100.entity_inst
/Main/OldBase_test/ENT_Asteroid11101.entity_inst
/Main/OldBase_test/ENT_Asteroid11102.entity_inst
/Main/OldBase_test/ENT_Asteroid11103.entity_inst
/Main/OldBase_test/ENT_Asteroid11104.entity_inst
/Main/OldBase_test/ENT_Asteroid11105.entity_inst
/Main/OldBase_test/ENT_Asteroid11106.entity_inst
/Main/OldBase_test/ENT_Asteroid11107.entity_inst
/Main/OldBase_test/ENT_Asteroid11108.entity_inst
/Main/OldBase_test/ENT_Asteroid11109.entity_inst
/Main/OldBase_test/ENT_Asteroid11110.entity_inst
/Main/OldBase_test/ENT_Asteroid11111.entity_inst
/Main/OldBase_test/ENT_Asteroid11112.entity_inst
/Main/OldBase_test/ENT_Asteroid11113.entity_inst
/Main/OldBase_test/ENT_Asteroid11114.entity_inst
/Main/OldBase_test/ENT_Asteroid21175.entity_inst
/Main/OldBase_test/ENT_Asteroid11116.entity_inst
/Main/OldBase_test/ENT_Asteroid11117.entity_inst
/Main/OldBase_test/ENT_Asteroid11118.entity_inst
/Main/OldBase_test/ENT_Asteroid11119.entity_inst
/Main/OldBase_test/ENT_Asteroid11120.entity_inst
/Main/OldBase_test/ENT_Asteroid11121.entity_inst
/Main/OldBase_test/ENT_Asteroid11122.entity_inst
/Main/OldBase_test/ENT_Asteroid11123.entity_inst
/Main/OldBase_test/ENT_Asteroid11124.entity_inst
/Main/OldBase_test/ENT_Asteroid11125.entity_inst
/Main/OldBase_test/ENT_Asteroid11126.entity_inst
/Main/OldBase_test/ENT_Asteroid11127.entity_inst
/Main/OldBase_test/ENT_Asteroid21173.entity_inst
/Main/OldBase_test/ENT_Asteroid21174.entity_inst
/Main/OldBase_test/ENT_Asteroid11130.entity_inst
/Main/OldBase_test/ENT_Asteroid11131.entity_inst
/Main/OldBase_test/ENT_Asteroid11132.entity_inst
/Main/OldBase_test/ENT_Asteroid11133.entity_inst
/Main/OldBase_test/ENT_Asteroid11134.entity_inst
/Main/OldBase_test/ENT_Asteroid11135.entity_inst
/Main/OldBase_test/ENT_Asteroid11136.entity_inst
/Main/OldBase_test/ENT_Asteroid11137.entity_inst
/Main/OldBase_test/ENT_Asteroid11138.entity_inst
/Main/OldBase_test/ENT_Asteroid11139.entity_inst
/Main/OldBase_test/ENT_Asteroid11140.entity_inst
/Main/OldBase_test/ENT_Asteroid11141.entity_inst
/Main/OldBase_test/ENT_Asteroid21176.entity_inst
/Main/OldBase_test/ENT_Asteroid21177.entity_inst
/Main/OldBase_test/ENT_Asteroid21178.entity_inst
/Main/OldBase_test/ENT_Asteroid21179.entity_inst
/Main/OldBase_test/ENT_Asteroid21180.entity_inst
/Main/OldBase_test/ENT_Asteroid21181.entity_inst
/Main/OldBase_test/ENT_Asteroid21182.entity_inst
/Main/OldBase_test/ENT_Asteroid21183.entity_inst
/Main/OldBase_test/ENT_Asteroid21189.entity_inst
/Main/OldBase_test/ENT_TestBaseModules1305.entity_inst
/Main/OldBase_test/ENT_Asteroid31194.entity_inst
/Main/OldBase_test/ENT_Asteroid31195.entity_inst
/Main/OldBase_test/ENT_Asteroid31196.entity_inst
/Main/OldBase_test/ENT_Asteroid31197.entity_inst
/Main/OldBase_test/ENT_Asteroid31198.entity_inst
/Main/OldBase_test/ENT_Asteroid31199.entity_inst
/Main/OldBase_test/ENT_Asteroid31200.entity_inst
/Main/OldBase_test/ENT_Asteroid31201.entity_inst
/Main/OldBase_test/ENT_Asteroid31202.entity_inst
/Main/OldBase_test/ENT_Asteroid31204.entity_inst
/Main/OldBase_test/ENT_Asteroid31205.entity_inst
/Main/OldBase_test/ENT_Asteroid31206.entity_inst
/Main/OldBase_test/ENT_Asteroid31207.entity_inst
/Main/OldBase_test/ENT_Asteroid31208.entity_inst
/Main/OldBase_test/ENT_Asteroid31209.entity_inst
/Main/OldBase_test/ENT_Asteroid31210.entity_inst
/Main/OldBase_test/ENT_Asteroid31211.entity_inst
/Main/OldBase_test/ENT_Asteroid31212.entity_inst
/Main/OldBase_test/ENT_Asteroid31213.entity_inst
/Main/OldBase_test/ENT_Asteroid31214.entity_inst
/Main/OldBase_test/ENT_TestBaseDD1309.entity_inst
/Main/OldBase_test/ENT_Asteroid31216.entity_inst
/Main/OldBase_test/ENT_Asteroid31217.entity_inst
/Main/OldBase_test/ENT_Asteroid41218.entity_inst
/Main/OldBase_test/ENT_Asteroid41219.entity_inst
/Main/OldBase_test/ENT_Asteroid41221.entity_inst
/Main/OldBase_test/ENT_Asteroid41222.entity_inst
/Main/OldBase_test/ENT_Asteroid41223.entity_inst
/Main/OldBase_test/ENT_Asteroid41224.entity_inst
/Main/OldBase_test/ENT_Asteroid41225.entity_inst
/Main/OldBase_test/ENT_Asteroid41226.entity_inst
/Main/OldBase_test/ENT_Asteroid41227.entity_inst
/Main/OldBase_test/ENT_Asteroid41228.entity_inst
/Main/OldBase_test/ENT_Asteroid41229.entity_inst
/Main/OldBase_test/ENT_Asteroid41230.entity_inst
/Main/OldBase_test/ENT_Asteroid41231.entity_inst
/Main/OldBase_test/ENT_Asteroid41232.entity_inst
/Main/OldBase_test/ENT_Asteroid41233.entity_inst
/Main/OldBase_test/ENT_Asteroid41234.entity_inst
/Main/OldBase_test/ENT_Asteroid41235.entity_inst
/Main/OldBase_test/ENT_Asteroid41236.entity_inst
/Main/OldBase_test/ENT_OldBase11237.entity_inst
/Main/OldBase_test/ENT_OldBase11238.entity_inst
/Main/OldBase_test/ENT_TestBaseModules1306.entity_inst
/Main/OldBase_test/ENT_TestBaseDD1308.entity_inst
/Main/OldBase_test/ENT_OldBase11241.entity_inst
/Main/OldBase_test/ENT_OldBase11242.entity_inst
/Main/OldBase_test/ENT_OldBase11243.entity_inst
/Main/OldBase_test/ENT_OldBase11244.entity_inst
/Main/OldBase_test/ENT_OldBase11245.entity_inst
/Main/OldBase_test/ENT_OldBase11246.entity_inst
/Main/OldBase_test/ENT_OldBase11247.entity_inst
/Main/OldBase_test/ENT_OldBase11249.entity_inst
/Main/OldBase_test/ENT_OldBase11250.entity_inst
/Main/OldBase_test/ENT_OldBase11251.entity_inst
/Main/OldBase_test/ENT_OldBase11252.entity_inst
/Main/OldBase_test/ENT_OldBase21254.entity_inst
/Main/OldBase_test/ENT_OldBase21255.entity_inst
/Main/OldBase_test/ENT_OldBase21256.entity_inst
/Main/OldBase_test/ENT_OldBase21257.entity_inst
/Main/OldBase_test/ENT_OldBase21259.entity_inst
/Main/OldBase_test/ENT_OldBase21260.entity_inst
/Main/OldBase_test/ENT_OldBase21261.entity_inst
/Main/OldBase_test/ENT_OldBase21262.entity_inst
/Main/OldBase_test/ENT_OldBase21263.entity_inst
/Main/OldBase_test/ENT_OldBase21264.entity_inst
/Main/OldBase_test/ENT_OldBase21265.entity_inst
/Main/OldBase_test/ENT_OldBase21266.entity_inst
/Main/OldBase_test/ENT_OldBase21267.entity_inst
/Main/OldBase_test/ENT_OldBase21268.entity_inst
/Main/OldBase_test/ENT_OldBase31269.entity_inst
/Main/OldBase_test/ENT_OldBase31270.entity_inst
/Main/OldBase_test/ENT_OldBase31271.entity_inst
/Main/OldBase_test/ENT_OldBase31272.entity_inst
/Main/OldBase_test/ENT_OldBase31273.entity_inst
/Main/OldBase_test/ENT_OldBase31274.entity_inst
/Main/OldBase_test/ENT_OldBase31275.entity_inst
/Main/OldBase_test/ENT_OldBase31276.entity_inst
/Main/OldBase_test/ENT_OldBase31277.entity_inst
/Main/OldBase_test/ENT_OldBase31278.entity_inst
/Main/OldBase_test/ENT_OldBase31279.entity_inst
/Main/OldBase_test/ENT_OldBase31280.entity_inst
/Main/OldBase_test/ENT_OldBase31281.entity_inst
/Main/OldBase_test/ENT_OldBase31282.entity_inst
/Main/OldBase_test/ENT_OldBase31283.entity_inst
/Main/OldBase_test/ENT_OldBase41284.entity_inst
/Main/OldBase_test/ENT_OldBase41285.entity_inst
/Main/OldBase_test/ENT_OldBase41286.entity_inst
/Main/OldBase_test/ENT_OldBase41287.entity_inst
/Main/OldBase_test/ENT_OldBase41288.entity_inst
/Main/OldBase_test/ENT_OldBase41289.entity_inst
/Main/OldBase_test/ENT_OldBase41290.entity_inst
/Main/OldBase_test/ENT_OldBase41291.entity_inst
/Main/OldBase_test/ENT_OldBase41292.entity_inst
/Main/OldBase_test/ENT_OldBase41293.entity_inst
/Main/OldBase_test/ENT_OldBase41294.entity_inst
/Main/OldBase_test/ENT_OldBase41295.entity_inst
/Main/OldBase_test/ENT_OldBase41296.entity_inst
/Main/OldBase_test/ENT_OldBase51297.entity_inst
/Main/OldBase_test/ENT_OldBase51298.entity_inst
/Main/OldBase_test/ENT_OldBase51299.entity_inst
/Main/OldBase_test/ENT_OldBase51301.entity_inst
/Main/OldBase_test/ENT_TestBaseModules1304.entity_inst
