/Main/Start//ENT_StartShipIOE4.entity_inst
/Main/Start//ENT_OldBasePortalStart1664.entity_inst
/Main/Start//ENT_Asteroid11619.entity_inst
/Main/Start//ENT_Asteroid11620.entity_inst
/Main/Start//ENT_Asteroid11621.entity_inst
/Main/Start//ENT_Asteroid1_big1622.entity_inst
/Main/Start//ENT_Asteroid41623.entity_inst
/Main/Start//ENT_Asteroid41624.entity_inst
/Main/Start//ENT_Asteroid41625.entity_inst
/Main/Start//ENT_1626.entity_inst
/Main/Start//ENT_1627.entity_inst
/Main/Start//ENT_1628.entity_inst
/Main/Start//ENT_1629.entity_inst
/Main/Start//ENT_1630.entity_inst
/Main/Start//ENT_1631.entity_inst
/Main/Start//ENT_1632.entity_inst
/Main/Start//ENT_1633.entity_inst
/Main/Start//ENT_1634.entity_inst
/Main/Start//ENT_1635.entity_inst
/Main/Start//ENT_1636.entity_inst
/Main/Start//ENT_1637.entity_inst
/Main/Start//ENT_1638.entity_inst
/Main/Start//ENT_1639.entity_inst
/Main/Start//ENT_1640.entity_inst
/Main/Start//ENT_1641.entity_inst
/Main/Start//ENT_1642.entity_inst
/Main/Start//ENT_1643.entity_inst
/Main/Start//ENT_1644.entity_inst
/Main/Start//ENT_1645.entity_inst
/Main/Start//ENT_1646.entity_inst
/Main/Start//ENT_1647.entity_inst
/Main/Start//ENT_1648.entity_inst
/Main/Start//ENT_1649.entity_inst
/Main/Start//ENT_1650.entity_inst
/Main/Start//ENT_1651.entity_inst
/Main/Start//ENT_1652.entity_inst
/Main/Start//ENT_1653.entity_inst
/Main/Start//ENT_1654.entity_inst
/Main/Start//ENT_1655.entity_inst
/Main/Start//ENT_Asteroid41656.entity_inst
/Main/Start//ENT_Asteroid31657.entity_inst
/Main/Start//ENT_Asteroid21658.entity_inst
/Main/Start//ENT_Asteroid11659.entity_inst
/Main/Start//ENT_Asteroid11660.entity_inst
/Main/Start//ENT_Asteroid11662.entity_inst
