/Main/Test//ENT_StartPortal0.entity_inst
/Main/Test//ENT_NewBase1.entity_inst
/Main/Test//ENT_YoungMeBase2.entity_inst
/Main/Test//ENT_TestBaseModules3.entity_inst
/Main/Test//ENT_Asteroid1_big4.entity_inst
/Main/Test//ENT_Asteroid15.entity_inst
/Main/Test//ENT_Asteroid16.entity_inst
/Main/Test//ENT_Asteroid17.entity_inst
/Main/Test//ENT_Asteroid18.entity_inst
/Main/Test//ENT_Asteroid19.entity_inst
/Main/Test//ENT_Asteroid110.entity_inst
/Main/Test//ENT_Asteroid111.entity_inst
/Main/Test//ENT_Asteroid112.entity_inst
/Main/Test//ENT_Asteroid113.entity_inst
/Main/Test//ENT_Asteroid114.entity_inst
/Main/Test//ENT_Asteroid115.entity_inst
/Main/Test//ENT_Asteroid116.entity_inst
/Main/Test//ENT_Asteroid117.entity_inst
/Main/Test//ENT_Asteroid118.entity_inst
/Main/Test//ENT_Asteroid119.entity_inst
/Main/Test//ENT_Asteroid120.entity_inst
/Main/Test//ENT_Asteroid121.entity_inst
/Main/Test//ENT_Asteroid122.entity_inst
/Main/Test//ENT_Asteroid123.entity_inst
/Main/Test//ENT_Asteroid124.entity_inst
/Main/Test//ENT_Asteroid125.entity_inst
/Main/Test//ENT_Asteroid126.entity_inst
/Main/Test//ENT_Asteroid127.entity_inst
/Main/Test//ENT_Asteroid128.entity_inst
/Main/Test//ENT_Asteroid329.entity_inst
/Main/Test//ENT_Asteroid330.entity_inst
/Main/Test//ENT_Asteroid331.entity_inst
/Main/Test//ENT_Asteroid332.entity_inst
/Main/Test//ENT_Asteroid333.entity_inst
/Main/Test//ENT_Asteroid334.entity_inst
/Main/Test//ENT_Asteroid335.entity_inst
/Main/Test//ENT_Asteroid336.entity_inst
/Main/Test//ENT_Asteroid337.entity_inst
/Main/Test//ENT_Asteroid338.entity_inst
/Main/Test//ENT_Asteroid339.entity_inst
/Main/Test//ENT_Asteroid340.entity_inst
/Main/Test//ENT_Asteroid341.entity_inst
/Main/Test//ENT_Asteroid342.entity_inst
/Main/Test//ENT_Asteroid343.entity_inst
/Main/Test//ENT_Asteroid344.entity_inst
/Main/Test//ENT_Asteroid345.entity_inst
/Main/Test//ENT_Asteroid346.entity_inst
/Main/Test//ENT_Asteroid347.entity_inst
/Main/Test//ENT_Asteroid348.entity_inst
/Main/Test//ENT_Asteroid449.entity_inst
/Main/Test//ENT_Asteroid450.entity_inst
/Main/Test//ENT_Asteroid451.entity_inst
/Main/Test//ENT_Asteroid452.entity_inst
/Main/Test//ENT_Asteroid453.entity_inst
/Main/Test//ENT_Asteroid454.entity_inst
/Main/Test//ENT_Asteroid455.entity_inst
/Main/Test//ENT_Asteroid456.entity_inst
/Main/Test//ENT_Asteroid457.entity_inst
/Main/Test//ENT_Asteroid458.entity_inst
/Main/Test//ENT_Asteroid459.entity_inst
/Main/Test//ENT_Asteroid460.entity_inst
/Main/Test//ENT_Asteroid461.entity_inst
/Main/Test//ENT_Asteroid462.entity_inst
/Main/Test//ENT_Asteroid463.entity_inst
/Main/Test//ENT_Asteroid464.entity_inst
/Main/Test//ENT_Asteroid465.entity_inst
/Main/Test//ENT_Asteroid466.entity_inst
/Main/Test//ENT_Asteroid467.entity_inst
/Main/Test//ENT_Asteroid468.entity_inst
/Main/Test//ENT_Asteroid269.entity_inst
/Main/Test//ENT_Asteroid270.entity_inst
/Main/Test//ENT_Asteroid271.entity_inst
/Main/Test//ENT_Asteroid272.entity_inst
/Main/Test//ENT_Asteroid1_big73.entity_inst
/Main/Test//ENT_Asteroid1_big74.entity_inst
/Main/Test//ENT_Asteroid1_big75.entity_inst
/Main/Test//ENT_Asteroid1_big76.entity_inst
/Main/Test//ENT_Asteroid1_big77.entity_inst
/Main/Test//ENT_Asteroid1_big78.entity_inst
/Main/Test//ENT_Asteroid1_big79.entity_inst
/Main/Test//ENT_Asteroid1_vbig80.entity_inst
/Main/Test//ENT_Asteroid1_vbig81.entity_inst
/Main/Test//ENT_Asteroid1_vbig82.entity_inst
/Main/Test//ENT_OldBase183.entity_inst
/Main/Test//ENT_OldBase184.entity_inst
/Main/Test//ENT_OldBase185.entity_inst
/Main/Test//ENT_OldBase186.entity_inst
/Main/Test//ENT_OldBase187.entity_inst
/Main/Test//ENT_OldBase188.entity_inst
/Main/Test//ENT_OldBase189.entity_inst
/Main/Test//ENT_OldBase190.entity_inst
/Main/Test//ENT_OldBase191.entity_inst
/Main/Test//ENT_OldBase192.entity_inst
/Main/Test//ENT_OldBase193.entity_inst
/Main/Test//ENT_OldBase194.entity_inst
/Main/Test//ENT_OldBase295.entity_inst
/Main/Test//ENT_OldBase296.entity_inst
/Main/Test//ENT_OldBase297.entity_inst
/Main/Test//ENT_OldBase298.entity_inst
/Main/Test//ENT_OldBase299.entity_inst
/Main/Test//ENT_OldBase2100.entity_inst
/Main/Test//ENT_OldBase2101.entity_inst
/Main/Test//ENT_OldBase5102.entity_inst
/Main/Test//ENT_OldBase5103.entity_inst
/Main/Test//ENT_OldBase5104.entity_inst
/Main/Test//ENT_OldBase5105.entity_inst
/Main/Test//ENT_OldBase5106.entity_inst
/Main/Test//ENT_Asteroid1107.entity_inst
/Main/Test//ENT_Asteroid1108.entity_inst
/Main/Test//ENT_Asteroid1109.entity_inst
/Main/Test//ENT_Asteroid1110.entity_inst
/Main/Test//ENT_Asteroid1111.entity_inst
/Main/Test//ENT_Asteroid1112.entity_inst
/Main/Test//ENT_Asteroid1113.entity_inst
/Main/Test//ENT_Asteroid1114.entity_inst
/Main/Test//ENT_Asteroid1115.entity_inst
/Main/Test//ENT_Asteroid1116.entity_inst
/Main/Test//ENT_Asteroid1117.entity_inst
/Main/Test//ENT_Asteroid1118.entity_inst
/Main/Test//ENT_Asteroid1119.entity_inst
/Main/Test//ENT_Asteroid1120.entity_inst
/Main/Test//ENT_Asteroid1121.entity_inst
/Main/Test//ENT_Asteroid1122.entity_inst
/Main/Test//ENT_Asteroid1123.entity_inst
/Main/Test//ENT_Asteroid1124.entity_inst
/Main/Test//ENT_Asteroid1125.entity_inst
/Main/Test//ENT_Asteroid1126.entity_inst
/Main/Test//ENT_Asteroid1127.entity_inst
/Main/Test//ENT_Asteroid1128.entity_inst
/Main/Test//ENT_Asteroid1129.entity_inst
/Main/Test//ENT_Asteroid1130.entity_inst
/Main/Test//ENT_Asteroid1131.entity_inst
/Main/Test//ENT_Asteroid1132.entity_inst
/Main/Test//ENT_Asteroid1133.entity_inst
/Main/Test//ENT_Asteroid1134.entity_inst
/Main/Test//ENT_Asteroid1135.entity_inst
/Main/Test//ENT_Asteroid1136.entity_inst
/Main/Test//ENT_Asteroid1137.entity_inst
/Main/Test//ENT_Asteroid2138.entity_inst
/Main/Test//ENT_Asteroid2139.entity_inst
/Main/Test//ENT_Asteroid2140.entity_inst
/Main/Test//ENT_Asteroid2141.entity_inst
/Main/Test//ENT_Asteroid2142.entity_inst
/Main/Test//ENT_Asteroid2143.entity_inst
/Main/Test//ENT_Asteroid2144.entity_inst
/Main/Test//ENT_Asteroid2145.entity_inst
/Main/Test//ENT_Asteroid2146.entity_inst
/Main/Test//ENT_Asteroid2147.entity_inst
/Main/Test//ENT_Asteroid2148.entity_inst
/Main/Test//ENT_Asteroid2149.entity_inst
/Main/Test//ENT_Asteroid2150.entity_inst
/Main/Test//ENT_Asteroid2151.entity_inst
/Main/Test//ENT_Asteroid2152.entity_inst
/Main/Test//ENT_Asteroid2153.entity_inst
/Main/Test//ENT_Asteroid2154.entity_inst
/Main/Test//ENT_Asteroid2155.entity_inst
/Main/Test//ENT_Asteroid2156.entity_inst
/Main/Test//ENT_Asteroid2157.entity_inst
/Main/Test//ENT_Asteroid2158.entity_inst
/Main/Test//ENT_Asteroid2159.entity_inst
/Main/Test//ENT_Asteroid2160.entity_inst
/Main/Test//ENT_Asteroid2161.entity_inst
/Main/Test//ENT_Asteroid2162.entity_inst
/Main/Test//ENT_Asteroid3163.entity_inst
/Main/Test//ENT_Asteroid3164.entity_inst
/Main/Test//ENT_Asteroid3165.entity_inst
/Main/Test//ENT_Asteroid3166.entity_inst
/Main/Test//ENT_Asteroid3167.entity_inst
/Main/Test//ENT_Asteroid3168.entity_inst
/Main/Test//ENT_Asteroid3169.entity_inst
/Main/Test//ENT_Asteroid3170.entity_inst
/Main/Test//ENT_Asteroid3171.entity_inst
/Main/Test//ENT_Asteroid3172.entity_inst
/Main/Test//ENT_Asteroid3173.entity_inst
/Main/Test//ENT_Asteroid3174.entity_inst
/Main/Test//ENT_Asteroid3175.entity_inst
/Main/Test//ENT_Asteroid3176.entity_inst
/Main/Test//ENT_Asteroid3177.entity_inst
/Main/Test//ENT_Asteroid3178.entity_inst
/Main/Test//ENT_Asteroid3179.entity_inst
/Main/Test//ENT_Asteroid3180.entity_inst
/Main/Test//ENT_Asteroid3181.entity_inst
/Main/Test//ENT_Asteroid3182.entity_inst
/Main/Test//ENT_Asteroid3183.entity_inst
/Main/Test//ENT_Asteroid3184.entity_inst
/Main/Test//ENT_Asteroid3185.entity_inst
/Main/Test//ENT_Asteroid3186.entity_inst
/Main/Test//ENT_Asteroid3187.entity_inst
/Main/Test//ENT_Asteroid3188.entity_inst
/Main/Test//ENT_Asteroid3189.entity_inst
/Main/Test//ENT_Asteroid3190.entity_inst
/Main/Test//ENT_Asteroid3191.entity_inst
/Main/Test//ENT_Asteroid3192.entity_inst
/Main/Test//ENT_Asteroid4193.entity_inst
/Main/Test//ENT_Asteroid4194.entity_inst
/Main/Test//ENT_Asteroid4195.entity_inst
/Main/Test//ENT_Asteroid4196.entity_inst
/Main/Test//ENT_Asteroid4197.entity_inst
/Main/Test//ENT_Asteroid4198.entity_inst
/Main/Test//ENT_Asteroid4199.entity_inst
/Main/Test//ENT_278.entity_inst
/Main/Test//ENT_279.entity_inst
/Main/Test//ENT_281.entity_inst
/Main/Test//ENT_282.entity_inst
/Main/Test//ENT_283.entity_inst
/Main/Test//ENT_284.entity_inst
/Main/Test//ENT_285.entity_inst
/Main/Test//ENT_286.entity_inst
/Main/Test//ENT_287.entity_inst
/Main/Test//ENT_288.entity_inst
/Main/Test//ENT_289.entity_inst
/Main/Test//ENT_290.entity_inst
/Main/Test//ENT_291.entity_inst
/Main/Test//ENT_292.entity_inst
/Main/Test//ENT_293.entity_inst
/Main/Test//ENT_294.entity_inst
/Main/Test//ENT_295.entity_inst
/Main/Test//ENT_296.entity_inst
/Main/Test//ENT_297.entity_inst
/Main/Test//ENT_298.entity_inst
/Main/Test//ENT_299.entity_inst
/Main/Test//ENT_300.entity_inst
/Main/Test//ENT_301.entity_inst
/Main/Test//ENT_302.entity_inst
/Main/Test//ENT_Asteroid4224.entity_inst
/Main/Test//ENT_Asteroid4225.entity_inst
/Main/Test//ENT_Asteroid4226.entity_inst
/Main/Test//ENT_Asteroid4227.entity_inst
/Main/Test//ENT_Asteroid4228.entity_inst
/Main/Test//ENT_Asteroid4229.entity_inst
/Main/Test//ENT_Asteroid4230.entity_inst
/Main/Test//ENT_Asteroid4231.entity_inst
/Main/Test//ENT_Asteroid4232.entity_inst
/Main/Test//ENT_Asteroid4233.entity_inst
/Main/Test//ENT_Asteroid4234.entity_inst
/Main/Test//ENT_Asteroid4235.entity_inst
/Main/Test//ENT_Asteroid4236.entity_inst
/Main/Test//ENT_Asteroid4237.entity_inst
/Main/Test//ENT_Asteroid4238.entity_inst
/Main/Test//ENT_Asteroid4239.entity_inst
/Main/Test//ENT_Asteroid4240.entity_inst
/Main/Test//ENT_OldBase1241.entity_inst
/Main/Test//ENT_OldBase1242.entity_inst
/Main/Test//ENT_OldBase1243.entity_inst
/Main/Test//ENT_OldBase1244.entity_inst
/Main/Test//ENT_OldBase1245.entity_inst
/Main/Test//ENT_OldBase1246.entity_inst
/Main/Test//ENT_OldBase1247.entity_inst
/Main/Test//ENT_OldBase1248.entity_inst
/Main/Test//ENT_OldBase1249.entity_inst
/Main/Test//ENT_OldBase2250.entity_inst
/Main/Test//ENT_OldBase2251.entity_inst
/Main/Test//ENT_OldBase2252.entity_inst
/Main/Test//ENT_OldBase2253.entity_inst
/Main/Test//ENT_OldBase2254.entity_inst
/Main/Test//ENT_OldBase2255.entity_inst
/Main/Test//ENT_OldBase2256.entity_inst
/Main/Test//ENT_OldBase2257.entity_inst
/Main/Test//ENT_OldBase2258.entity_inst
/Main/Test//ENT_OldBase2259.entity_inst
/Main/Test//ENT_OldBase2260.entity_inst
/Main/Test//ENT_OldBase2261.entity_inst
/Main/Test//ENT_OldBase2262.entity_inst
/Main/Test//ENT_OldBase3263.entity_inst
/Main/Test//ENT_OldBase3264.entity_inst
/Main/Test//ENT_OldBase3265.entity_inst
/Main/Test//ENT_OldBase3266.entity_inst
/Main/Test//ENT_OldBase3267.entity_inst
/Main/Test//ENT_OldBase3268.entity_inst
/Main/Test//ENT_OldBase3269.entity_inst
/Main/Test//ENT_OldBase3270.entity_inst
/Main/Test//ENT_OldBase3271.entity_inst
/Main/Test//ENT_OldBase3272.entity_inst
/Main/Test//ENT_OldBase4273.entity_inst
/Main/Test//ENT_OldBase4274.entity_inst
/Main/Test//ENT_OldBase4275.entity_inst
/Main/Test//ENT_OldBase4276.entity_inst
/Main/Test//ENT_OldBase4277.entity_inst
/Main/Test//ENT_OldBase4278.entity_inst
/Main/Test//ENT_OldBase5279.entity_inst
/Main/Test//ENT_OldBase5280.entity_inst
/Main/Test//ENT_OldBase5281.entity_inst
/Main/Test//ENT_OldBase5282.entity_inst
/Main/Test//ENT_Asteroid1_big283.entity_inst
/Main/Test//ENT_Asteroid1_big284.entity_inst
/Main/Test//ENT_Asteroid1_big285.entity_inst
/Main/Test//ENT_Asteroid1_big286.entity_inst
/Main/Test//ENT_Asteroid1_big287.entity_inst
/Main/Test//ENT_Asteroid1_big288.entity_inst
/Main/Test//ENT_Asteroid1_big289.entity_inst
/Main/Test//ENT_Asteroid1_big290.entity_inst
/Main/Test//ENT_Asteroid1_big291.entity_inst
/Main/Test//ENT_Asteroid1_big292.entity_inst
/Main/Test//ENT_Asteroid1_big293.entity_inst
/Main/Test//ENT_Asteroid1_big294.entity_inst
/Main/Test//ENT_Asteroid1_big295.entity_inst
/Main/Test//ENT_Asteroid1_vbig296.entity_inst
/Main/Test//ENT_Asteroid1_vbig297.entity_inst
/Main/Test//ENT_Asteroid1_vbig298.entity_inst
/Main/Test//ENT_Asteroid1_vbig299.entity_inst
/Main/Test//ENT_303.entity_inst
/Main/Test//ENT_304.entity_inst
/Main/Test//ENT_305.entity_inst
/Main/Test//ENT_306.entity_inst
/Main/Test//ENT_307.entity_inst
/Main/Test//ENT_308.entity_inst
/Main/Test//ENT_309.entity_inst
/Main/Test//ENT_310.entity_inst
/Main/Test//ENT_311.entity_inst
/Main/Test//ENT_312.entity_inst
/Main/Test//ENT_313.entity_inst
/Main/Test//ENT_314.entity_inst
/Main/Test//ENT_315.entity_inst
/Main/Test//ENT_316.entity_inst
/Main/Test//ENT_317.entity_inst
/Main/Test//ENT_318.entity_inst
/Main/Test//ENT_319.entity_inst
/Main/Test//ENT_320.entity_inst
/Main/Test//ENT_321.entity_inst
/Main/Test//ENT_322.entity_inst
/Main/Test//ENT_323.entity_inst
/Main/Test//ENT_324.entity_inst
/Main/Test//ENT_325.entity_inst
/Main/Test//ENT_326.entity_inst
/Main/Test//ENT_327.entity_inst
/Main/Test//ENT_328.entity_inst
/Main/Test//ENT_329.entity_inst
/Main/Test//ENT_330.entity_inst
/Main/Test//ENT_331.entity_inst
/Main/Test//ENT_332.entity_inst
/Main/Test//ENT_333.entity_inst
/Main/Test//ENT_334.entity_inst
/Main/Test//ENT_335.entity_inst
/Main/Test//ENT_336.entity_inst
/Main/Test//ENT_337.entity_inst
/Main/Test//ENT_338.entity_inst
/Main/Test//ENT_339.entity_inst
/Main/Test//ENT_340.entity_inst
/Main/Test//ENT_341.entity_inst
/Main/Test//ENT_342.entity_inst
/Main/Test//ENT_343.entity_inst
/Main/Test//ENT_344.entity_inst
/Main/Test//ENT_345.entity_inst
/Main/Test//ENT_346.entity_inst
/Main/Test//ENT_347.entity_inst
/Main/Test//ENT_348.entity_inst
/Main/Test//ENT_349.entity_inst
/Main/Test//ENT_350.entity_inst
/Main/Test//ENT_351.entity_inst
/Main/Test//ENT_352.entity_inst
/Main/Test//ENT_353.entity_inst
/Main/Test//ENT_354.entity_inst
/Main/Test//ENT_355.entity_inst
/Main/Test//ENT_356.entity_inst
/Main/Test//ENT_357.entity_inst
/Main/Test//ENT_358.entity_inst
/Main/Test//ENT_359.entity_inst
/Main/Test//ENT_360.entity_inst
/Main/Test//ENT_361.entity_inst
/Main/Test//ENT_362.entity_inst
/Main/Test//ENT_363.entity_inst
/Main/Test//ENT_365.entity_inst
/Main/Test//ENT_366.entity_inst
/Main/Test//ENT_367.entity_inst
/Main/Test//ENT_368.entity_inst
/Main/Test//ENT_369.entity_inst
/Main/Test//ENT_370.entity_inst
/Main/Test//ENT_371.entity_inst
/Main/Test//ENT_372.entity_inst
/Main/Test//ENT_373.entity_inst
/Main/Test//ENT_374.entity_inst
/Main/Test//ENT_375.entity_inst
/Main/Test//ENT_376.entity_inst
/Main/Test//ENT_377.entity_inst
/Main/Test//ENT_378.entity_inst
/Main/Test//ENT_379.entity_inst
/Main/Test//ENT_380.entity_inst
/Main/Test//ENT_381.entity_inst
/Main/Test//ENT_382.entity_inst
/Main/Test//ENT_383.entity_inst
/Main/Test//ENT_384.entity_inst
/Main/Test//ENT_385.entity_inst
/Main/Test//ENT_386.entity_inst
/Main/Test//ENT_387.entity_inst
/Main/Test//ENT_388.entity_inst
/Main/Test//ENT_389.entity_inst
/Main/Test//ENT_390.entity_inst
/Main/Test//ENT_391.entity_inst
/Main/Test//ENT_392.entity_inst
/Main/Test//ENT_393.entity_inst
/Main/Test//ENT_394.entity_inst
/Main/Test//ENT_395.entity_inst
/Main/Test//ENT_396.entity_inst
/Main/Test//ENT_397.entity_inst
/Main/Test//ENT_398.entity_inst
/Main/Test//ENT_399.entity_inst
/Main/Test//ENT_400.entity_inst
/Main/Test//ENT_401.entity_inst
/Main/Test//ENT_402.entity_inst
/Main/Test//ENT_403.entity_inst
/Main/Test//ENT_404.entity_inst
/Main/Test//ENT_405.entity_inst
/Main/Test//ENT_406.entity_inst
/Main/Test//ENT_407.entity_inst
/Main/Test//ENT_408.entity_inst
/Main/Test//ENT_410.entity_inst
/Main/Test//ENT_411.entity_inst
/Main/Test//ENT_412.entity_inst
/Main/Test//ENT_413.entity_inst
/Main/Test//ENT_414.entity_inst
/Main/Test//ENT_415.entity_inst
/Main/Test//ENT_416.entity_inst
/Main/Test//ENT_417.entity_inst
/Main/Test//ENT_418.entity_inst
/Main/Test//ENT_419.entity_inst
/Main/Test//ENT_421.entity_inst
/Main/Test//ENT_422.entity_inst
/Main/Test//ENT_423.entity_inst
/Main/Test//ENT_424.entity_inst
/Main/Test//ENT_425.entity_inst
/Main/Test//ENT_426.entity_inst
/Main/Test//ENT_427.entity_inst
/Main/Test//ENT_428.entity_inst
/Main/Test//ENT_429.entity_inst
/Main/Test//ENT_430.entity_inst
/Main/Test//ENT_431.entity_inst
/Main/Test//ENT_432.entity_inst
/Main/Test//ENT_433.entity_inst
/Main/Test//ENT_434.entity_inst
/Main/Test//ENT_435.entity_inst
/Main/Test//ENT_436.entity_inst
/Main/Test//ENT_437.entity_inst
/Main/Test//ENT_438.entity_inst
/Main/Test//ENT_439.entity_inst
/Main/Test//ENT_440.entity_inst
/Main/Test//ENT_441.entity_inst
/Main/Test//ENT_442.entity_inst
/Main/Test//ENT_443.entity_inst
/Main/Test//ENT_444.entity_inst
/Main/Test//ENT_445.entity_inst
/Main/Test//ENT_446.entity_inst
/Main/Test//ENT_447.entity_inst
/Main/Test//ENT_448.entity_inst
/Main/Test//ENT_449.entity_inst
/Main/Test//ENT_450.entity_inst
/Main/Test//ENT_451.entity_inst
/Main/Test//ENT_453.entity_inst
/Main/Test//ENT_454.entity_inst
/Main/Test//ENT_455.entity_inst
/Main/Test//ENT_456.entity_inst
/Main/Test//ENT_457.entity_inst
/Main/Test//ENT_458.entity_inst
/Main/Test//ENT_459.entity_inst
/Main/Test//ENT_460.entity_inst
/Main/Test//ENT_461.entity_inst
/Main/Test//ENT_462.entity_inst
/Main/Test//ENT_463.entity_inst
/Main/Test//ENT_464.entity_inst
/Main/Test//ENT_465.entity_inst
/Main/Test//ENT_466.entity_inst
/Main/Test//ENT_467.entity_inst
/Main/Test//ENT_468.entity_inst
/Main/Test//ENT_469.entity_inst
/Main/Test//ENT_470.entity_inst
/Main/Test//ENT_471.entity_inst
/Main/Test//ENT_472.entity_inst
/Main/Test//ENT_473.entity_inst
/Main/Test//ENT_474.entity_inst
/Main/Test//ENT_475.entity_inst
/Main/Test//ENT_476.entity_inst
/Main/Test//ENT_477.entity_inst
/Main/Test//ENT_478.entity_inst
/Main/Test//ENT_479.entity_inst
/Main/Test//ENT_480.entity_inst
/Main/Test//ENT_481.entity_inst
/Main/Test//ENT_482.entity_inst
/Main/Test//ENT_483.entity_inst
/Main/Test//ENT_484.entity_inst
/Main/Test//ENT_485.entity_inst
/Main/Test//ENT_486.entity_inst
/Main/Test//ENT_487.entity_inst
/Main/Test//ENT_488.entity_inst
/Main/Test//ENT_489.entity_inst
/Main/Test//ENT_490.entity_inst
/Main/Test//ENT_491.entity_inst
/Main/Test//ENT_492.entity_inst
/Main/Test//ENT_493.entity_inst
/Main/Test//ENT_494.entity_inst
/Main/Test//ENT_495.entity_inst
/Main/Test//ENT_496.entity_inst
/Main/Test//ENT_497.entity_inst
/Main/Test//ENT_498.entity_inst
/Main/Test//ENT_499.entity_inst
/Main/Test//ENT_500.entity_inst
/Main/Test//ENT_501.entity_inst
/Main/Test//ENT_502.entity_inst
/Main/Test//ENT_503.entity_inst
/Main/Test//ENT_504.entity_inst
/Main/Test//ENT_505.entity_inst
/Main/Test//ENT_506.entity_inst
/Main/Test//ENT_511.entity_inst
/Main/Test//ENT_512.entity_inst
/Main/Test//ENT_513.entity_inst
/Main/Test//ENT_514.entity_inst
/Main/Test//ENT_515.entity_inst
/Main/Test//ENT_516.entity_inst
/Main/Test//ENT_517.entity_inst
/Main/Test//ENT_518.entity_inst
/Main/Test//ENT_519.entity_inst
/Main/Test//ENT_520.entity_inst
/Main/Test//ENT_521.entity_inst
/Main/Test//ENT_523.entity_inst
/Main/Test//ENT_524.entity_inst
/Main/Test//ENT_525.entity_inst
/Main/Test//ENT_526.entity_inst
/Main/Test//ENT_527.entity_inst
/Main/Test//ENT_528.entity_inst
/Main/Test//ENT_529.entity_inst
/Main/Test//ENT_530.entity_inst
/Main/Test//ENT_531.entity_inst
/Main/Test//ENT_532.entity_inst
/Main/Test//ENT_533.entity_inst
/Main/Test//ENT_534.entity_inst
/Main/Test//ENT_535.entity_inst
/Main/Test//ENT_536.entity_inst
/Main/Test//ENT_537.entity_inst
/Main/Test//ENT_538.entity_inst
/Main/Test//ENT_539.entity_inst
/Main/Test//ENT_540.entity_inst
/Main/Test//ENT_541.entity_inst
/Main/Test//ENT_542.entity_inst
/Main/Test//ENT_543.entity_inst
/Main/Test//ENT_544.entity_inst
/Main/Test//ENT_545.entity_inst
/Main/Test//ENT_546.entity_inst
/Main/Test//ENT_547.entity_inst
/Main/Test//ENT_548.entity_inst
/Main/Test//ENT_549.entity_inst
/Main/Test//ENT_550.entity_inst
/Main/Test//ENT_551.entity_inst
/Main/Test//ENT_552.entity_inst
/Main/Test//ENT_553.entity_inst
/Main/Test//ENT_554.entity_inst
/Main/Test//ENT_555.entity_inst
/Main/Test//ENT_556.entity_inst
/Main/Test//ENT_557.entity_inst
/Main/Test//ENT_558.entity_inst
/Main/Test//ENT_559.entity_inst
/Main/Test//ENT_560.entity_inst
/Main/Test//ENT_561.entity_inst
/Main/Test//ENT_564.entity_inst
/Main/Test//ENT_565.entity_inst
/Main/Test//ENT_566.entity_inst
/Main/Test//ENT_567.entity_inst
/Main/Test//ENT_568.entity_inst
/Main/Test//ENT_569.entity_inst
/Main/Test//ENT_570.entity_inst
/Main/Test//ENT_572.entity_inst
/Main/Test//ENT_573.entity_inst
/Main/Test//ENT_574.entity_inst
/Main/Test//ENT_575.entity_inst
/Main/Test//ENT_576.entity_inst
/Main/Test//ENT_577.entity_inst
/Main/Test//ENT_578.entity_inst
/Main/Test//ENT_579.entity_inst
/Main/Test//ENT_580.entity_inst
/Main/Test//ENT_581.entity_inst
/Main/Test//ENT_582.entity_inst
/Main/Test//ENT_583.entity_inst
/Main/Test//ENT_585.entity_inst
/Main/Test//ENT_586.entity_inst
/Main/Test//ENT_587.entity_inst
/Main/Test//ENT_588.entity_inst
/Main/Test//ENT_589.entity_inst
/Main/Test//ENT_590.entity_inst
/Main/Test//ENT_591.entity_inst
/Main/Test//ENT_592.entity_inst
/Main/Test//ENT_593.entity_inst
/Main/Test//ENT_594.entity_inst
/Main/Test//ENT_595.entity_inst
/Main/Test//ENT_596.entity_inst
/Main/Test//ENT_597.entity_inst
/Main/Test//ENT_598.entity_inst
/Main/Test//ENT_599.entity_inst
/Main/Test//ENT_600.entity_inst
/Main/Test//ENT_601.entity_inst
/Main/Test//ENT_602.entity_inst
/Main/Test//ENT_603.entity_inst
/Main/Test//ENT_604.entity_inst
/Main/Test//ENT_605.entity_inst
/Main/Test//ENT_606.entity_inst
/Main/Test//ENT_607.entity_inst
/Main/Test//ENT_608.entity_inst
/Main/Test//ENT_609.entity_inst
/Main/Test//ENT_610.entity_inst
/Main/Test//ENT_611.entity_inst
/Main/Test//ENT_612.entity_inst
/Main/Test//ENT_613.entity_inst
/Main/Test//ENT_614.entity_inst
/Main/Test//ENT_615.entity_inst
/Main/Test//ENT_616.entity_inst
/Main/Test//ENT_621.entity_inst
/Main/Test//ENT_622.entity_inst
/Main/Test//ENT_623.entity_inst
/Main/Test//ENT_624.entity_inst
/Main/Test//ENT_625.entity_inst
/Main/Test//ENT_627.entity_inst
/Main/Test//ENT_628.entity_inst
/Main/Test//ENT_629.entity_inst
/Main/Test//ENT_630.entity_inst
/Main/Test//ENT_631.entity_inst
/Main/Test//ENT_632.entity_inst
/Main/Test//ENT_633.entity_inst
/Main/Test//ENT_634.entity_inst
/Main/Test//ENT_637.entity_inst
/Main/Test//ENT_638.entity_inst
/Main/Test//ENT_639.entity_inst
/Main/Test//ENT_640.entity_inst
/Main/Test//ENT_641.entity_inst
/Main/Test//ENT_642.entity_inst
/Main/Test//ENT_643.entity_inst
/Main/Test//ENT_644.entity_inst
/Main/Test//ENT_645.entity_inst
/Main/Test//ENT_646.entity_inst
/Main/Test//ENT_647.entity_inst
/Main/Test//ENT_648.entity_inst
/Main/Test//ENT_650.entity_inst
/Main/Test//ENT_651.entity_inst
/Main/Test//ENT_652.entity_inst
/Main/Test//ENT_653.entity_inst
/Main/Test//ENT_654.entity_inst
/Main/Test//ENT_655.entity_inst
/Main/Test//ENT_657.entity_inst
/Main/Test//ENT_658.entity_inst
/Main/Test//ENT_659.entity_inst
/Main/Test//ENT_660.entity_inst
/Main/Test//ENT_661.entity_inst
/Main/Test//ENT_662.entity_inst
/Main/Test//ENT_663.entity_inst
/Main/Test//ENT_664.entity_inst
/Main/Test//ENT_665.entity_inst
/Main/Test//ENT_666.entity_inst
/Main/Test//ENT_667.entity_inst
/Main/Test//ENT_668.entity_inst
/Main/Test//ENT_669.entity_inst
/Main/Test//ENT_670.entity_inst
/Main/Test//ENT_671.entity_inst
/Main/Test//ENT_672.entity_inst
/Main/Test//ENT_673.entity_inst
/Main/Test//ENT_674.entity_inst
/Main/Test//ENT_675.entity_inst
/Main/Test//ENT_676.entity_inst
/Main/Test//ENT_677.entity_inst
/Main/Test//ENT_678.entity_inst
/Main/Test//ENT_679.entity_inst
/Main/Test//ENT_680.entity_inst
/Main/Test//ENT_681.entity_inst
/Main/Test//ENT_682.entity_inst
/Main/Test//ENT_683.entity_inst
/Main/Test//ENT_684.entity_inst
/Main/Test//ENT_685.entity_inst
/Main/Test//ENT_687.entity_inst
/Main/Test//ENT_688.entity_inst
/Main/Test//ENT_689.entity_inst
/Main/Test//ENT_690.entity_inst
/Main/Test//ENT_691.entity_inst
/Main/Test//ENT_692.entity_inst
/Main/Test//ENT_693.entity_inst
/Main/Test//ENT_694.entity_inst
/Main/Test//ENT_695.entity_inst
/Main/Test//ENT_696.entity_inst
/Main/Test//ENT_698.entity_inst
/Main/Test//ENT_699.entity_inst
/Main/Test//ENT_700.entity_inst
/Main/Test//ENT_701.entity_inst
/Main/Test//ENT_702.entity_inst
/Main/Test//ENT_703.entity_inst
/Main/Test//ENT_704.entity_inst
/Main/Test//ENT_705.entity_inst
/Main/Test//ENT_706.entity_inst
/Main/Test//ENT_707.entity_inst
/Main/Test//ENT_708.entity_inst
/Main/Test//ENT_709.entity_inst
/Main/Test//ENT_710.entity_inst
/Main/Test//ENT_711.entity_inst
/Main/Test//ENT_712.entity_inst
/Main/Test//ENT_713.entity_inst
/Main/Test//ENT_714.entity_inst
/Main/Test//ENT_715.entity_inst
/Main/Test//ENT_716.entity_inst
/Main/Test//ENT_717.entity_inst
/Main/Test//ENT_718.entity_inst
/Main/Test//ENT_719.entity_inst
/Main/Test//ENT_720.entity_inst
/Main/Test//ENT_721.entity_inst
/Main/Test//ENT_722.entity_inst
/Main/Test//ENT_723.entity_inst
/Main/Test//ENT_724.entity_inst
/Main/Test//ENT_725.entity_inst
/Main/Test//ENT_726.entity_inst
/Main/Test//ENT_727.entity_inst
/Main/Test//ENT_728.entity_inst
/Main/Test//ENT_729.entity_inst
/Main/Test//ENT_730.entity_inst
/Main/Test//ENT_731.entity_inst
/Main/Test//ENT_732.entity_inst
/Main/Test//ENT_733.entity_inst
/Main/Test//ENT_734.entity_inst
/Main/Test//ENT_735.entity_inst
/Main/Test//ENT_736.entity_inst
/Main/Test//ENT_737.entity_inst
/Main/Test//ENT_738.entity_inst
/Main/Test//ENT_739.entity_inst
/Main/Test//ENT_740.entity_inst
/Main/Test//ENT_741.entity_inst
/Main/Test//ENT_742.entity_inst
/Main/Test//ENT_743.entity_inst
/Main/Test//ENT_744.entity_inst
/Main/Test//ENT_745.entity_inst
/Main/Test//ENT_746.entity_inst
/Main/Test//ENT_747.entity_inst
/Main/Test//ENT_748.entity_inst
/Main/Test//ENT_749.entity_inst
/Main/Test//ENT_750.entity_inst
/Main/Test//ENT_751.entity_inst
/Main/Test//ENT_752.entity_inst
/Main/Test//ENT_753.entity_inst
/Main/Test//ENT_754.entity_inst
/Main/Test//ENT_774.entity_inst
/Main/Test//ENT_756.entity_inst
/Main/Test//ENT_757.entity_inst
/Main/Test//ENT_758.entity_inst
/Main/Test//ENT_759.entity_inst
/Main/Test//ENT_760.entity_inst
/Main/Test//ENT_761.entity_inst
/Main/Test//ENT_762.entity_inst
/Main/Test//ENT_763.entity_inst
/Main/Test//ENT_764.entity_inst
/Main/Test//ENT_765.entity_inst
/Main/Test//ENT_766.entity_inst
/Main/Test//ENT_767.entity_inst
/Main/Test//ENT_768.entity_inst
/Main/Test//ENT_769.entity_inst
/Main/Test//ENT_770.entity_inst
/Main/Test//ENT_771.entity_inst
/Main/Test//ENT_772.entity_inst
/Main/Test//ENT_773.entity_inst
/Main/Test//ENT_775.entity_inst
/Main/Test//ENT_776.entity_inst
/Main/Test//ENT_777.entity_inst
/Main/Test//ENT_778.entity_inst
/Main/Test//ENT_779.entity_inst
/Main/Test//ENT_780.entity_inst
/Main/Test//ENT_781.entity_inst
/Main/Test//ENT_782.entity_inst
/Main/Test//ENT_783.entity_inst
/Main/Test//ENT_784.entity_inst
/Main/Test//ENT_785.entity_inst
/Main/Test//ENT_786.entity_inst
/Main/Test//ENT_787.entity_inst
/Main/Test//ENT_788.entity_inst
/Main/Test//ENT_789.entity_inst
/Main/Test//ENT_790.entity_inst
/Main/Test//ENT_791.entity_inst
/Main/Test//ENT_792.entity_inst
/Main/Test//ENT_793.entity_inst
/Main/Test//ENT_794.entity_inst
/Main/Test//ENT_795.entity_inst
/Main/Test//ENT_796.entity_inst
/Main/Test//ENT_797.entity_inst
/Main/Test//ENT_798.entity_inst
/Main/Test//ENT_799.entity_inst
/Main/Test//ENT_800.entity_inst
/Main/Test//ENT_801.entity_inst
/Main/Test//ENT_802.entity_inst
/Main/Test//ENT_803.entity_inst
/Main/Test//ENT_804.entity_inst
/Main/Test//ENT_805.entity_inst
/Main/Test//ENT_806.entity_inst
/Main/Test//ENT_807.entity_inst
/Main/Test//ENT_808.entity_inst
/Main/Test//ENT_809.entity_inst
/Main/Test//ENT_810.entity_inst
/Main/Test//ENT_811.entity_inst
/Main/Test//ENT_812.entity_inst
/Main/Test//ENT_813.entity_inst
/Main/Test//ENT_814.entity_inst
/Main/Test//ENT_815.entity_inst
/Main/Test//ENT_816.entity_inst
/Main/Test//ENT_817.entity_inst
/Main/Test//ENT_818.entity_inst
/Main/Test//ENT_819.entity_inst
/Main/Test//ENT_820.entity_inst
/Main/Test//ENT_821.entity_inst
/Main/Test//ENT_822.entity_inst
/Main/Test//ENT_823.entity_inst
/Main/Test//ENT_824.entity_inst
/Main/Test//ENT_825.entity_inst
/Main/Test//ENT_826.entity_inst
/Main/Test//ENT_827.entity_inst
/Main/Test//ENT_HKDecor1800.entity_inst
/Main/Test//ENT_HKDecor1801.entity_inst
/Main/Test//ENT_HKDecor1802.entity_inst
/Main/Test//ENT_HKDecor1803.entity_inst
/Main/Test//ENT_HKDecor1804.entity_inst
/Main/Test//ENT_HKDecor1805.entity_inst
/Main/Test//ENT_HKDecor1806.entity_inst
/Main/Test//ENT_HKDecor1807.entity_inst
/Main/Test//ENT_HKDecor1808.entity_inst
/Main/Test//ENT_HKDecor1809.entity_inst
/Main/Test//ENT_HKDecor1810.entity_inst
/Main/Test//ENT_HKDecor1811.entity_inst
/Main/Test//ENT_HKDecor1812.entity_inst
/Main/Test//ENT_HKDecor1813.entity_inst
/Main/Test//ENT_HKDecor1814.entity_inst
/Main/Test//ENT_HKDecor1815.entity_inst
/Main/Test//ENT_HKDecor1816.entity_inst
/Main/Test//ENT_HKdecor2817.entity_inst
/Main/Test//ENT_HKdecor2818.entity_inst
/Main/Test//ENT_HKdecor2819.entity_inst
/Main/Test//ENT_HKdecor2820.entity_inst
/Main/Test//ENT_HKdecor2821.entity_inst
/Main/Test//ENT_HKdecor2822.entity_inst
/Main/Test//ENT_HKdecor2823.entity_inst
/Main/Test//ENT_HKdecor2824.entity_inst
/Main/Test//ENT_HKdecor2825.entity_inst
/Main/Test//ENT_HKdecor3826.entity_inst
/Main/Test//ENT_HKdecor3827.entity_inst
/Main/Test//ENT_HKdecor3828.entity_inst
/Main/Test//ENT_HKdecor3829.entity_inst
/Main/Test//ENT_HKdecor3830.entity_inst
/Main/Test//ENT_HKdecor3831.entity_inst
/Main/Test//ENT_HKdecor3832.entity_inst
/Main/Test//ENT_HKdecor3833.entity_inst
/Main/Test//ENT_HKdecor3834.entity_inst
/Main/Test//ENT_HKdecor3835.entity_inst
/Main/Test//ENT_HKdecor3836.entity_inst
/Main/Test//ENT_Asteroid1837.entity_inst
/Main/Test//ENT_Asteroid1838.entity_inst
/Main/Test//ENT_Asteroid1839.entity_inst
/Main/Test//ENT_Asteroid1840.entity_inst
/Main/Test//ENT_Asteroid1841.entity_inst
/Main/Test//ENT_Asteroid1842.entity_inst
/Main/Test//ENT_Asteroid1843.entity_inst
/Main/Test//ENT_Asteroid1844.entity_inst
/Main/Test//ENT_Asteroid1845.entity_inst
/Main/Test//ENT_Asteroid1846.entity_inst
/Main/Test//ENT_Asteroid1847.entity_inst
/Main/Test//ENT_Asteroid1848.entity_inst
/Main/Test//ENT_Asteroid1849.entity_inst
/Main/Test//ENT_Asteroid1850.entity_inst
/Main/Test//ENT_Asteroid3851.entity_inst
/Main/Test//ENT_Asteroid3852.entity_inst
/Main/Test//ENT_Asteroid3853.entity_inst
/Main/Test//ENT_Asteroid3854.entity_inst
/Main/Test//ENT_Asteroid3855.entity_inst
/Main/Test//ENT_Asteroid3856.entity_inst
/Main/Test//ENT_Asteroid3857.entity_inst
/Main/Test//ENT_Asteroid3858.entity_inst
/Main/Test//ENT_Asteroid3859.entity_inst
/Main/Test//ENT_Asteroid3860.entity_inst
/Main/Test//ENT_Asteroid1_big861.entity_inst
/Main/Test//ENT_Asteroid1_big862.entity_inst
/Main/Test//ENT_Asteroid1_big863.entity_inst
/Main/Test//ENT_Asteroid1_big864.entity_inst
/Main/Test//ENT_Asteroid1_big865.entity_inst
/Main/Test//ENT_Asteroid1_big866.entity_inst
/Main/Test//ENT_Asteroid1_big867.entity_inst
/Main/Test//ENT_Asteroid1_big868.entity_inst
/Main/Test//ENT_Asteroid1_big869.entity_inst
/Main/Test//ENT_HKdecor3870.entity_inst
/Main/Test//ENT_HKdecor3871.entity_inst
/Main/Test//ENT_HKdecor3872.entity_inst
/Main/Test//ENT_HKdecor3873.entity_inst
/Main/Test//ENT_HKdecor3874.entity_inst
/Main/Test//ENT_HKdecor3875.entity_inst
/Main/Test//ENT_HKdecor3876.entity_inst
/Main/Test//ENT_HKdecor3877.entity_inst
/Main/Test//ENT_HKdecor3878.entity_inst
/Main/Test//ENT_HKdecor3879.entity_inst
/Main/Test//ENT_HKdecor3880.entity_inst
/Main/Test//ENT_HKdecor3881.entity_inst
/Main/Test//ENT_HKdecor3882.entity_inst
/Main/Test//ENT_HKdecor3883.entity_inst
/Main/Test//ENT_HKdecor3884.entity_inst
/Main/Test//ENT_HKdecor3885.entity_inst
/Main/Test//ENT_HKDecor2886.entity_inst
/Main/Test//ENT_HKDecor2887.entity_inst
/Main/Test//ENT_HKDecor2888.entity_inst
/Main/Test//ENT_HKDecor2889.entity_inst
/Main/Test//ENT_HKDecor2890.entity_inst
/Main/Test//ENT_HKDecor2891.entity_inst
/Main/Test//ENT_HKDecor2892.entity_inst
/Main/Test//ENT_HKDecor2893.entity_inst
/Main/Test//ENT_HKDecor2894.entity_inst
/Main/Test//ENT_HKDecor2895.entity_inst
/Main/Test//ENT_HKDecor2896.entity_inst
/Main/Test//ENT_HKDecor2897.entity_inst
/Main/Test//ENT_HKDecor2898.entity_inst
/Main/Test//ENT_HKDecor2899.entity_inst
/Main/Test//ENT_HKDecor2900.entity_inst
/Main/Test//ENT_HKDecor2901.entity_inst
/Main/Test//ENT_HKDecor2902.entity_inst
/Main/Test//ENT_HKDecor2903.entity_inst
/Main/Test//ENT_HKDecor2904.entity_inst
/Main/Test//ENT_HKDecor2905.entity_inst
/Main/Test//ENT_HKDecor2906.entity_inst
/Main/Test//ENT_HKDecor2907.entity_inst
/Main/Test//ENT_HKDecor2908.entity_inst
/Main/Test//ENT_HKdecor3909.entity_inst
/Main/Test//ENT_HKdecor3910.entity_inst
/Main/Test//ENT_HKdecor3911.entity_inst
/Main/Test//ENT_HKdecor3912.entity_inst
/Main/Test//ENT_HKdecor3913.entity_inst
/Main/Test//ENT_HKdecor3914.entity_inst
/Main/Test//ENT_HKdecor3915.entity_inst
/Main/Test//ENT_HKdecor3916.entity_inst
/Main/Test//ENT_HKdecor3917.entity_inst
/Main/Test//ENT_HKdecor3918.entity_inst
/Main/Test//ENT_HKdecor3919.entity_inst
/Main/Test//ENT_HKdecor3920.entity_inst
/Main/Test//ENT_HKdecor3921.entity_inst
/Main/Test//ENT_HKdecor3922.entity_inst
/Main/Test//ENT_HKdecor3923.entity_inst
/Main/Test//ENT_HKdecor3924.entity_inst
/Main/Test//ENT_HKdecor3925.entity_inst
/Main/Test//ENT_HKdecor3926.entity_inst
/Main/Test//ENT_HKdecor3927.entity_inst
/Main/Test//ENT_HKdecor3928.entity_inst
/Main/Test//ENT_HKdecor3929.entity_inst
/Main/Test//ENT_HKdecor3930.entity_inst
/Main/Test//ENT_Asteroid1931.entity_inst
/Main/Test//ENT_Asteroid1932.entity_inst
/Main/Test//ENT_Asteroid1933.entity_inst
/Main/Test//ENT_Asteroid1934.entity_inst
/Main/Test//ENT_Asteroid1935.entity_inst
/Main/Test//ENT_Asteroid1936.entity_inst
/Main/Test//ENT_Asteroid1937.entity_inst
/Main/Test//ENT_Asteroid1938.entity_inst
/Main/Test//ENT_Asteroid1939.entity_inst
/Main/Test//ENT_Asteroid1940.entity_inst
/Main/Test//ENT_Asteroid1941.entity_inst
/Main/Test//ENT_Asteroid1942.entity_inst
/Main/Test//ENT_Asteroid1943.entity_inst
/Main/Test//ENT_Asteroid1944.entity_inst
/Main/Test//ENT_Asteroid1945.entity_inst
/Main/Test//ENT_Asteroid1946.entity_inst
/Main/Test//ENT_Asteroid1947.entity_inst
/Main/Test//ENT_Asteroid1948.entity_inst
/Main/Test//ENT_Asteroid1949.entity_inst
/Main/Test//ENT_Asteroid1950.entity_inst
/Main/Test//ENT_Asteroid1951.entity_inst
/Main/Test//ENT_Asteroid1952.entity_inst
/Main/Test//ENT_Asteroid1953.entity_inst
/Main/Test//ENT_Asteroid1954.entity_inst
/Main/Test//ENT_Asteroid1955.entity_inst
/Main/Test//ENT_Asteroid1956.entity_inst
/Main/Test//ENT_Asteroid1957.entity_inst
/Main/Test//ENT_Asteroid1958.entity_inst
/Main/Test//ENT_Asteroid1959.entity_inst
/Main/Test//ENT_Asteroid1960.entity_inst
/Main/Test//ENT_Asteroid1961.entity_inst
/Main/Test//ENT_Asteroid1962.entity_inst
/Main/Test//ENT_Asteroid1963.entity_inst
/Main/Test//ENT_Asteroid1964.entity_inst
/Main/Test//ENT_Asteroid1965.entity_inst
/Main/Test//ENT_Asteroid1966.entity_inst
/Main/Test//ENT_Asteroid1967.entity_inst
/Main/Test//ENT_Asteroid2968.entity_inst
/Main/Test//ENT_Asteroid2969.entity_inst
/Main/Test//ENT_Asteroid2970.entity_inst
/Main/Test//ENT_Asteroid2971.entity_inst
/Main/Test//ENT_Asteroid2972.entity_inst
/Main/Test//ENT_Asteroid2973.entity_inst
/Main/Test//ENT_Asteroid2974.entity_inst
/Main/Test//ENT_Asteroid2975.entity_inst
/Main/Test//ENT_Asteroid2976.entity_inst
/Main/Test//ENT_Asteroid2977.entity_inst
/Main/Test//ENT_Asteroid2978.entity_inst
/Main/Test//ENT_Asteroid2979.entity_inst
/Main/Test//ENT_Asteroid2980.entity_inst
/Main/Test//ENT_Asteroid2981.entity_inst
/Main/Test//ENT_Asteroid2982.entity_inst
/Main/Test//ENT_Asteroid2983.entity_inst
/Main/Test//ENT_Asteroid2984.entity_inst
/Main/Test//ENT_Asteroid2985.entity_inst
/Main/Test//ENT_Asteroid2986.entity_inst
/Main/Test//ENT_Asteroid2987.entity_inst
/Main/Test//ENT_Asteroid2988.entity_inst
/Main/Test//ENT_Asteroid2989.entity_inst
/Main/Test//ENT_Asteroid2990.entity_inst
/Main/Test//ENT_Asteroid2991.entity_inst
/Main/Test//ENT_Asteroid2992.entity_inst
/Main/Test//ENT_Asteroid2993.entity_inst
/Main/Test//ENT_Asteroid2994.entity_inst
/Main/Test//ENT_Asteroid2995.entity_inst
/Main/Test//ENT_Asteroid2996.entity_inst
/Main/Test//ENT_Asteroid3997.entity_inst
/Main/Test//ENT_Asteroid3998.entity_inst
/Main/Test//ENT_Asteroid3999.entity_inst
/Main/Test//ENT_LadaiNeuva11103.entity_inst
/Main/Test//ENT_LadaiNeuva11104.entity_inst
/Main/Test//ENT_LadaiNeuva11105.entity_inst
/Main/Test//ENT_LadaiNeuva11106.entity_inst
/Main/Test//ENT_LadaiNeuva11107.entity_inst
/Main/Test//ENT_LadaiNeuva11108.entity_inst
/Main/Test//ENT_LadaiNeuva11109.entity_inst
/Main/Test//ENT_LadaiNeuva11110.entity_inst
/Main/Test//ENT_LadaiNeuva11111.entity_inst
/Main/Test//ENT_LadaiGhadzel11112.entity_inst
/Main/Test//ENT_LadaiGhadzel11113.entity_inst
/Main/Test//ENT_LadaiGhadzel11114.entity_inst
/Main/Test//ENT_LadaiGhadzel11115.entity_inst
/Main/Test//ENT_LadaiGhadzel11116.entity_inst
/Main/Test//ENT_LadaiGhadzel11117.entity_inst
/Main/Test//ENT_LadaiGhadzel11118.entity_inst
/Main/Test//ENT_LadaiGhadzel11119.entity_inst
/Main/Test//ENT_LadaiGhadzel11120.entity_inst
/Main/Test//ENT_LadaiZhigyulai11121.entity_inst
/Main/Test//ENT_LadaiZhigyulai11122.entity_inst
/Main/Test//ENT_LadaiZhigyulai11123.entity_inst
/Main/Test//ENT_LadaiZhigyulai11124.entity_inst
/Main/Test//ENT_LadaiZhigyulai11125.entity_inst
/Main/Test//ENT_LadaiZhigyulai11126.entity_inst
/Main/Test//ENT_LadaiZhigyulai11127.entity_inst
/Main/Test//ENT_LadaiZhigyulai11128.entity_inst
/Main/Test//ENT_Asteroid31026.entity_inst
/Main/Test//ENT_Asteroid31027.entity_inst
/Main/Test//ENT_Asteroid31028.entity_inst
/Main/Test//ENT_Asteroid31029.entity_inst
/Main/Test//ENT_Asteroid31030.entity_inst
/Main/Test//ENT_Asteroid31031.entity_inst
/Main/Test//ENT_Asteroid31032.entity_inst
/Main/Test//ENT_Asteroid31033.entity_inst
/Main/Test//ENT_Asteroid11034.entity_inst
/Main/Test//ENT_Asteroid31035.entity_inst
/Main/Test//ENT_Asteroid31036.entity_inst
/Main/Test//ENT_Asteroid31037.entity_inst
/Main/Test//ENT_Asteroid31038.entity_inst
/Main/Test//ENT_Asteroid31039.entity_inst
/Main/Test//ENT_Asteroid31040.entity_inst
/Main/Test//ENT_Asteroid31041.entity_inst
/Main/Test//ENT_Asteroid31042.entity_inst
/Main/Test//ENT_Asteroid31043.entity_inst
/Main/Test//ENT_Asteroid31044.entity_inst
/Main/Test//ENT_Asteroid31045.entity_inst
/Main/Test//ENT_Asteroid31046.entity_inst
/Main/Test//ENT_Asteroid31047.entity_inst
/Main/Test//ENT_Asteroid31048.entity_inst
/Main/Test//ENT_Asteroid31049.entity_inst
/Main/Test//ENT_Asteroid1_big1050.entity_inst
/Main/Test//ENT_Asteroid1_big1051.entity_inst
/Main/Test//ENT_Asteroid1_big1052.entity_inst
/Main/Test//ENT_Asteroid1_big1053.entity_inst
/Main/Test//ENT_Asteroid1_big1054.entity_inst
/Main/Test//ENT_Asteroid1_big1055.entity_inst
/Main/Test//ENT_Asteroid1_big1056.entity_inst
/Main/Test//ENT_Asteroid1_big1057.entity_inst
/Main/Test//ENT_Asteroid1_big1058.entity_inst
/Main/Test//ENT_Asteroid1_big1059.entity_inst
/Main/Test//ENT_Asteroid1_big1060.entity_inst
/Main/Test//ENT_Asteroid1_big1061.entity_inst
/Main/Test//ENT_Asteroid1_big1062.entity_inst
/Main/Test//ENT_Asteroid1_big1063.entity_inst
/Main/Test//ENT_Asteroid1_big1064.entity_inst
/Main/Test//ENT_Asteroid1_big1065.entity_inst
/Main/Test//ENT_Asteroid1_big1066.entity_inst
/Main/Test//ENT_Asteroid1_big1067.entity_inst
/Main/Test//ENT_Asteroid1_big1068.entity_inst
/Main/Test//ENT_Asteroid1_big1069.entity_inst
/Main/Test//ENT_Asteroid1_big1070.entity_inst
/Main/Test//ENT_Asteroid1_big1071.entity_inst
/Main/Test//ENT_Asteroid1_big1072.entity_inst
/Main/Test//ENT_Asteroid1_big1073.entity_inst
/Main/Test//ENT_Asteroid1_big1074.entity_inst
/Main/Test//ENT_Asteroid1_big1075.entity_inst
/Main/Test//ENT_Asteroid1_big1076.entity_inst
/Main/Test//ENT_Asteroid1_big1077.entity_inst
/Main/Test//ENT_Asteroid1_big1078.entity_inst
/Main/Test//ENT_Asteroid1_big1079.entity_inst
/Main/Test//ENT_Asteroid1_vbig1080.entity_inst
/Main/Test//ENT_Asteroid1_vbig1081.entity_inst
/Main/Test//ENT_Asteroid1_vbig1082.entity_inst
/Main/Test//ENT_Asteroid1_vbig1083.entity_inst
/Main/Test//ENT_Asteroid1_vbig1084.entity_inst
/Main/Test//ENT_Asteroid1_vbig1085.entity_inst
/Main/Test//ENT_Asteroid1_vbig1086.entity_inst
/Main/Test//ENT_Asteroid1_vbig1087.entity_inst
/Main/Test//ENT_Asteroid1_vbig1088.entity_inst
/Main/Test//ENT_Asteroid1_vbig1089.entity_inst
/Main/Test//ENT_Asteroid1_vbig1090.entity_inst
/Main/Test//ENT_Asteroid1_vbig1091.entity_inst
/Main/Test//ENT_Asteroid1_vbig1092.entity_inst
/Main/Test//ENT_Asteroid1_vbig1093.entity_inst
/Main/Test//ENT_HKFactoryBroken21094.entity_inst
/Main/Test//ENT_HKFactoryBroken1095.entity_inst
/Main/Test//ENT_HKFactoryBroken1096.entity_inst
/Main/Test//ENT_HKFactoryBroken21097.entity_inst
/Main/Test//ENT_HKFactoryBroken21098.entity_inst
/Main/Test//ENT_HKFactoryBroken21099.entity_inst
/Main/Test//ENT_LadaiZhigyulai11129.entity_inst
/Main/Test//ENT_Asteroid11101.entity_inst
/Main/Test//ENT_Asteroid11102.entity_inst
/Main/Test//ENT_Asteroid11103.entity_inst
/Main/Test//ENT_Asteroid11104.entity_inst
/Main/Test//ENT_Asteroid11105.entity_inst
/Main/Test//ENT_Asteroid11106.entity_inst
/Main/Test//ENT_Asteroid11107.entity_inst
/Main/Test//ENT_Asteroid11108.entity_inst
/Main/Test//ENT_Asteroid11109.entity_inst
/Main/Test//ENT_Asteroid11110.entity_inst
/Main/Test//ENT_Asteroid11111.entity_inst
/Main/Test//ENT_Asteroid11112.entity_inst
/Main/Test//ENT_Asteroid11113.entity_inst
/Main/Test//ENT_Asteroid11114.entity_inst
/Main/Test//ENT_Asteroid11115.entity_inst
/Main/Test//ENT_Asteroid11116.entity_inst
/Main/Test//ENT_Asteroid11117.entity_inst
/Main/Test//ENT_Asteroid11118.entity_inst
/Main/Test//ENT_Asteroid11119.entity_inst
/Main/Test//ENT_Asteroid11120.entity_inst
/Main/Test//ENT_Asteroid21121.entity_inst
/Main/Test//ENT_Asteroid21122.entity_inst
/Main/Test//ENT_Asteroid21123.entity_inst
/Main/Test//ENT_Asteroid21124.entity_inst
/Main/Test//ENT_Asteroid21125.entity_inst
/Main/Test//ENT_Asteroid21126.entity_inst
/Main/Test//ENT_Asteroid21127.entity_inst
/Main/Test//ENT_Asteroid21128.entity_inst
/Main/Test//ENT_Asteroid21129.entity_inst
/Main/Test//ENT_Asteroid21130.entity_inst
/Main/Test//ENT_Asteroid21131.entity_inst
/Main/Test//ENT_Asteroid21132.entity_inst
/Main/Test//ENT_Asteroid21133.entity_inst
/Main/Test//ENT_Asteroid21134.entity_inst
/Main/Test//ENT_Asteroid21135.entity_inst
/Main/Test//ENT_Asteroid21136.entity_inst
/Main/Test//ENT_Asteroid21137.entity_inst
/Main/Test//ENT_Asteroid21138.entity_inst
/Main/Test//ENT_Asteroid21139.entity_inst
/Main/Test//ENT_Asteroid21140.entity_inst
/Main/Test//ENT_Asteroid21141.entity_inst
/Main/Test//ENT_Asteroid21142.entity_inst
/Main/Test//ENT_Asteroid31143.entity_inst
/Main/Test//ENT_Asteroid31144.entity_inst
/Main/Test//ENT_Asteroid31145.entity_inst
/Main/Test//ENT_Asteroid31146.entity_inst
/Main/Test//ENT_Asteroid31147.entity_inst
/Main/Test//ENT_Asteroid31148.entity_inst
/Main/Test//ENT_Asteroid31149.entity_inst
/Main/Test//ENT_Asteroid31150.entity_inst
/Main/Test//ENT_Asteroid31151.entity_inst
/Main/Test//ENT_Asteroid31152.entity_inst
/Main/Test//ENT_Asteroid31153.entity_inst
/Main/Test//ENT_Asteroid41154.entity_inst
/Main/Test//ENT_Asteroid41155.entity_inst
/Main/Test//ENT_Asteroid41156.entity_inst
/Main/Test//ENT_Asteroid41157.entity_inst
/Main/Test//ENT_Asteroid41158.entity_inst
/Main/Test//ENT_Asteroid41159.entity_inst
/Main/Test//ENT_Asteroid41160.entity_inst
/Main/Test//ENT_Asteroid41161.entity_inst
/Main/Test//ENT_Asteroid41162.entity_inst
/Main/Test//ENT_Asteroid41163.entity_inst
/Main/Test//ENT_Asteroid41164.entity_inst
/Main/Test//ENT_Asteroid41165.entity_inst
/Main/Test//ENT_Asteroid41166.entity_inst
/Main/Test//ENT_Asteroid41167.entity_inst
/Main/Test//ENT_Asteroid41168.entity_inst
/Main/Test//ENT_Asteroid41169.entity_inst
/Main/Test//ENT_Asteroid41170.entity_inst
/Main/Test//ENT_Asteroid41171.entity_inst
/Main/Test//ENT_Asteroid41172.entity_inst
/Main/Test//ENT_Asteroid41173.entity_inst
/Main/Test//ENT_Asteroid41174.entity_inst
/Main/Test//ENT_Asteroid41175.entity_inst
/Main/Test//ENT_Asteroid31176.entity_inst
/Main/Test//ENT_Asteroid31177.entity_inst
/Main/Test//ENT_Asteroid31178.entity_inst
/Main/Test//ENT_Asteroid31179.entity_inst
/Main/Test//ENT_Asteroid31180.entity_inst
/Main/Test//ENT_Asteroid31181.entity_inst
/Main/Test//ENT_Asteroid31182.entity_inst
/Main/Test//ENT_Asteroid31183.entity_inst
/Main/Test//ENT_Asteroid31184.entity_inst
/Main/Test//ENT_Asteroid31185.entity_inst
/Main/Test//ENT_Asteroid31186.entity_inst
/Main/Test//ENT_Asteroid31187.entity_inst
/Main/Test//ENT_Asteroid31188.entity_inst
/Main/Test//ENT_Asteroid31189.entity_inst
/Main/Test//ENT_Asteroid31190.entity_inst
/Main/Test//ENT_Asteroid31191.entity_inst
/Main/Test//ENT_Asteroid31192.entity_inst
/Main/Test//ENT_Asteroid31193.entity_inst
/Main/Test//ENT_Asteroid31194.entity_inst
/Main/Test//ENT_Asteroid31195.entity_inst
/Main/Test//ENT_Asteroid31196.entity_inst
/Main/Test//ENT_Asteroid31197.entity_inst
/Main/Test//ENT_Asteroid11198.entity_inst
/Main/Test//ENT_Asteroid11199.entity_inst
/Main/Test//ENT_Asteroid11200.entity_inst
/Main/Test//ENT_Asteroid11201.entity_inst
/Main/Test//ENT_Asteroid11202.entity_inst
/Main/Test//ENT_Asteroid11203.entity_inst
/Main/Test//ENT_Asteroid11204.entity_inst
/Main/Test//ENT_Asteroid11205.entity_inst
/Main/Test//ENT_Asteroid11206.entity_inst
/Main/Test//ENT_Asteroid11207.entity_inst
/Main/Test//ENT_Asteroid11208.entity_inst
/Main/Test//ENT_Asteroid11209.entity_inst
/Main/Test//ENT_Asteroid11210.entity_inst
/Main/Test//ENT_Asteroid11211.entity_inst
/Main/Test//ENT_Asteroid11212.entity_inst
/Main/Test//ENT_Asteroid11213.entity_inst
/Main/Test//ENT_Asteroid11214.entity_inst
/Main/Test//ENT_Asteroid11215.entity_inst
/Main/Test//ENT_Asteroid11216.entity_inst
/Main/Test//ENT_Asteroid11217.entity_inst
/Main/Test//ENT_Asteroid11218.entity_inst
/Main/Test//ENT_Asteroid11219.entity_inst
/Main/Test//ENT_Asteroid31220.entity_inst
/Main/Test//ENT_Asteroid31221.entity_inst
/Main/Test//ENT_Asteroid31222.entity_inst
/Main/Test//ENT_Asteroid31223.entity_inst
/Main/Test//ENT_Asteroid31224.entity_inst
/Main/Test//ENT_Asteroid31225.entity_inst
/Main/Test//ENT_Asteroid31226.entity_inst
/Main/Test//ENT_Asteroid31227.entity_inst
/Main/Test//ENT_Asteroid31228.entity_inst
/Main/Test//ENT_Asteroid31229.entity_inst
/Main/Test//ENT_Asteroid31230.entity_inst
/Main/Test//ENT_Asteroid21231.entity_inst
/Main/Test//ENT_Asteroid21232.entity_inst
/Main/Test//ENT_Asteroid21233.entity_inst
/Main/Test//ENT_Asteroid21234.entity_inst
/Main/Test//ENT_Asteroid21235.entity_inst
/Main/Test//ENT_Asteroid21236.entity_inst
/Main/Test//ENT_Asteroid21237.entity_inst
/Main/Test//ENT_Asteroid21238.entity_inst
/Main/Test//ENT_Asteroid21239.entity_inst
/Main/Test//ENT_Asteroid21240.entity_inst
/Main/Test//ENT_Asteroid21241.entity_inst
/Main/Test//ENT_Asteroid11242.entity_inst
/Main/Test//ENT_Asteroid11243.entity_inst
/Main/Test//ENT_Asteroid11244.entity_inst
/Main/Test//ENT_Asteroid11245.entity_inst
/Main/Test//ENT_Asteroid11246.entity_inst
/Main/Test//ENT_Asteroid11247.entity_inst
/Main/Test//ENT_Asteroid11248.entity_inst
/Main/Test//ENT_Asteroid11249.entity_inst
/Main/Test//ENT_Asteroid11250.entity_inst
/Main/Test//ENT_Asteroid11251.entity_inst
/Main/Test//ENT_Asteroid11252.entity_inst
/Main/Test//ENT_Asteroid11253.entity_inst
/Main/Test//ENT_Asteroid11254.entity_inst
/Main/Test//ENT_Asteroid11255.entity_inst
/Main/Test//ENT_Asteroid11256.entity_inst
/Main/Test//ENT_Asteroid11257.entity_inst
/Main/Test//ENT_Asteroid11258.entity_inst
/Main/Test//ENT_Asteroid11259.entity_inst
/Main/Test//ENT_Asteroid11260.entity_inst
/Main/Test//ENT_Asteroid11261.entity_inst
/Main/Test//ENT_Asteroid11262.entity_inst
/Main/Test//ENT_Asteroid11263.entity_inst
/Main/Test//ENT_Asteroid11264.entity_inst
/Main/Test//ENT_Asteroid11265.entity_inst
/Main/Test//ENT_Asteroid11266.entity_inst
/Main/Test//ENT_Asteroid11267.entity_inst
/Main/Test//ENT_Asteroid11268.entity_inst
/Main/Test//ENT_Asteroid11269.entity_inst
/Main/Test//ENT_Asteroid11270.entity_inst
/Main/Test//ENT_Asteroid11271.entity_inst
/Main/Test//ENT_Asteroid11272.entity_inst
/Main/Test//ENT_Asteroid11273.entity_inst
/Main/Test//ENT_Asteroid11274.entity_inst
/Main/Test//ENT_Asteroid11275.entity_inst
/Main/Test//ENT_Asteroid11276.entity_inst
/Main/Test//ENT_Asteroid11277.entity_inst
/Main/Test//ENT_Asteroid11278.entity_inst
/Main/Test//ENT_Asteroid11279.entity_inst
/Main/Test//ENT_Asteroid11280.entity_inst
/Main/Test//ENT_Asteroid11281.entity_inst
/Main/Test//ENT_Asteroid11282.entity_inst
/Main/Test//ENT_Asteroid11283.entity_inst
/Main/Test//ENT_Asteroid11284.entity_inst
/Main/Test//ENT_Asteroid11285.entity_inst
/Main/Test//ENT_Asteroid11286.entity_inst
/Main/Test//ENT_Asteroid11287.entity_inst
/Main/Test//ENT_Asteroid11288.entity_inst
/Main/Test//ENT_Asteroid11289.entity_inst
/Main/Test//ENT_Asteroid11290.entity_inst
/Main/Test//ENT_Asteroid11291.entity_inst
/Main/Test//ENT_Asteroid11292.entity_inst
/Main/Test//ENT_Asteroid11293.entity_inst
/Main/Test//ENT_Asteroid11294.entity_inst
/Main/Test//ENT_Asteroid11295.entity_inst
/Main/Test//ENT_Asteroid11296.entity_inst
/Main/Test//ENT_Asteroid11297.entity_inst
/Main/Test//ENT_Asteroid11298.entity_inst
/Main/Test//ENT_Asteroid11299.entity_inst
/Main/Test//ENT_Asteroid11300.entity_inst
/Main/Test//ENT_Asteroid11301.entity_inst
/Main/Test//ENT_Asteroid11302.entity_inst
/Main/Test//ENT_Asteroid11303.entity_inst
/Main/Test//ENT_Asteroid11304.entity_inst
/Main/Test//ENT_Asteroid11305.entity_inst
/Main/Test//ENT_Asteroid11306.entity_inst
/Main/Test//ENT_Asteroid11307.entity_inst
/Main/Test//ENT_Asteroid31308.entity_inst
/Main/Test//ENT_Asteroid31309.entity_inst
/Main/Test//ENT_Asteroid31310.entity_inst
/Main/Test//ENT_Asteroid31311.entity_inst
/Main/Test//ENT_Asteroid31312.entity_inst
/Main/Test//ENT_Asteroid31313.entity_inst
/Main/Test//ENT_Asteroid31314.entity_inst
/Main/Test//ENT_Asteroid31315.entity_inst
/Main/Test//ENT_Asteroid31316.entity_inst
/Main/Test//ENT_Asteroid31317.entity_inst
/Main/Test//ENT_Asteroid31318.entity_inst
/Main/Test//ENT_Asteroid31319.entity_inst
/Main/Test//ENT_Asteroid31320.entity_inst
/Main/Test//ENT_Asteroid31321.entity_inst
/Main/Test//ENT_Asteroid31322.entity_inst
/Main/Test//ENT_Asteroid31323.entity_inst
/Main/Test//ENT_Asteroid31324.entity_inst
/Main/Test//ENT_Asteroid31325.entity_inst
/Main/Test//ENT_Asteroid31326.entity_inst
/Main/Test//ENT_Asteroid31327.entity_inst
/Main/Test//ENT_Asteroid31328.entity_inst
/Main/Test//ENT_Asteroid31329.entity_inst
/Main/Test//ENT_Asteroid41330.entity_inst
/Main/Test//ENT_Asteroid41331.entity_inst
/Main/Test//ENT_Asteroid41332.entity_inst
/Main/Test//ENT_Asteroid41333.entity_inst
/Main/Test//ENT_Asteroid41334.entity_inst
/Main/Test//ENT_Asteroid41335.entity_inst
/Main/Test//ENT_Asteroid41336.entity_inst
/Main/Test//ENT_Asteroid41337.entity_inst
/Main/Test//ENT_Asteroid41338.entity_inst
/Main/Test//ENT_Asteroid41339.entity_inst
/Main/Test//ENT_Asteroid41340.entity_inst
/Main/Test//ENT_Asteroid41341.entity_inst
/Main/Test//ENT_Asteroid41342.entity_inst
/Main/Test//ENT_Asteroid41343.entity_inst
/Main/Test//ENT_Asteroid41344.entity_inst
/Main/Test//ENT_Asteroid41345.entity_inst
/Main/Test//ENT_Asteroid41346.entity_inst
/Main/Test//ENT_Asteroid41347.entity_inst
/Main/Test//ENT_Asteroid41348.entity_inst
/Main/Test//ENT_Asteroid41349.entity_inst
/Main/Test//ENT_Asteroid41350.entity_inst
/Main/Test//ENT_Asteroid41351.entity_inst
/Main/Test//ENT_Asteroid11352.entity_inst
/Main/Test//ENT_Asteroid11353.entity_inst
/Main/Test//ENT_Asteroid11354.entity_inst
/Main/Test//ENT_Asteroid11355.entity_inst
/Main/Test//ENT_Asteroid11356.entity_inst
/Main/Test//ENT_Asteroid11357.entity_inst
/Main/Test//ENT_Asteroid11358.entity_inst
/Main/Test//ENT_Asteroid11359.entity_inst
/Main/Test//ENT_Asteroid11360.entity_inst
/Main/Test//ENT_Asteroid11361.entity_inst
/Main/Test//ENT_Asteroid11362.entity_inst
/Main/Test//ENT_Asteroid11363.entity_inst
/Main/Test//ENT_Asteroid11364.entity_inst
/Main/Test//ENT_Asteroid11365.entity_inst
/Main/Test//ENT_Asteroid11366.entity_inst
/Main/Test//ENT_Asteroid11367.entity_inst
/Main/Test//ENT_Asteroid11368.entity_inst
/Main/Test//ENT_Asteroid11369.entity_inst
/Main/Test//ENT_Asteroid11370.entity_inst
/Main/Test//ENT_Asteroid11371.entity_inst
/Main/Test//ENT_Asteroid11372.entity_inst
/Main/Test//ENT_Asteroid11373.entity_inst
/Main/Test//ENT_Asteroid11374.entity_inst
/Main/Test//ENT_Asteroid11375.entity_inst
/Main/Test//ENT_Asteroid11376.entity_inst
/Main/Test//ENT_Asteroid11377.entity_inst
/Main/Test//ENT_Asteroid11378.entity_inst
/Main/Test//ENT_Asteroid11379.entity_inst
/Main/Test//ENT_Asteroid11380.entity_inst
/Main/Test//ENT_Asteroid11381.entity_inst
/Main/Test//ENT_Asteroid11382.entity_inst
/Main/Test//ENT_Asteroid11383.entity_inst
/Main/Test//ENT_Asteroid41384.entity_inst
/Main/Test//ENT_Asteroid41385.entity_inst
/Main/Test//ENT_Asteroid41386.entity_inst
/Main/Test//ENT_Asteroid41387.entity_inst
/Main/Test//ENT_Asteroid41388.entity_inst
/Main/Test//ENT_Asteroid41389.entity_inst
/Main/Test//ENT_Asteroid41390.entity_inst
/Main/Test//ENT_Asteroid41391.entity_inst
/Main/Test//ENT_Asteroid41392.entity_inst
/Main/Test//ENT_Asteroid41393.entity_inst
/Main/Test//ENT_Asteroid41394.entity_inst
/Main/Test//ENT_Asteroid41395.entity_inst
/Main/Test//ENT_Asteroid41396.entity_inst
/Main/Test//ENT_Asteroid41397.entity_inst
/Main/Test//ENT_Asteroid41398.entity_inst
/Main/Test//ENT_Asteroid41399.entity_inst
/Main/Test//ENT_Asteroid41400.entity_inst
/Main/Test//ENT_Asteroid41401.entity_inst
/Main/Test//ENT_Asteroid41402.entity_inst
/Main/Test//ENT_Asteroid41403.entity_inst
/Main/Test//ENT_Asteroid41404.entity_inst
/Main/Test//ENT_Asteroid41405.entity_inst
/Main/Test//ENT_Asteroid41406.entity_inst
/Main/Test//ENT_Asteroid41407.entity_inst
/Main/Test//ENT_Asteroid41408.entity_inst
/Main/Test//ENT_Asteroid41409.entity_inst
/Main/Test//ENT_Asteroid41410.entity_inst
/Main/Test//ENT_Asteroid41411.entity_inst
/Main/Test//ENT_Asteroid41412.entity_inst
/Main/Test//ENT_Asteroid41413.entity_inst
/Main/Test//ENT_Asteroid41414.entity_inst
/Main/Test//ENT_Asteroid41415.entity_inst
/Main/Test//ENT_Asteroid41416.entity_inst
/Main/Test//ENT_Asteroid21417.entity_inst
/Main/Test//ENT_Asteroid21418.entity_inst
/Main/Test//ENT_Asteroid21419.entity_inst
/Main/Test//ENT_Asteroid21420.entity_inst
/Main/Test//ENT_Asteroid21421.entity_inst
/Main/Test//ENT_Asteroid21422.entity_inst
/Main/Test//ENT_Asteroid21423.entity_inst
/Main/Test//ENT_Asteroid21424.entity_inst
/Main/Test//ENT_Asteroid21425.entity_inst
/Main/Test//ENT_Asteroid21426.entity_inst
/Main/Test//ENT_Asteroid21427.entity_inst
/Main/Test//ENT_Asteroid11428.entity_inst
/Main/Test//ENT_Asteroid11429.entity_inst
/Main/Test//ENT_Asteroid11430.entity_inst
/Main/Test//ENT_Asteroid11431.entity_inst
/Main/Test//ENT_Asteroid11432.entity_inst
/Main/Test//ENT_Asteroid11433.entity_inst
/Main/Test//ENT_Asteroid11434.entity_inst
/Main/Test//ENT_Asteroid11435.entity_inst
/Main/Test//ENT_Asteroid11436.entity_inst
/Main/Test//ENT_Asteroid11437.entity_inst
/Main/Test//ENT_Asteroid11438.entity_inst
/Main/Test//ENT_Asteroid11439.entity_inst
/Main/Test//ENT_Asteroid11440.entity_inst
/Main/Test//ENT_Asteroid11441.entity_inst
/Main/Test//ENT_Asteroid11442.entity_inst
/Main/Test//ENT_Asteroid11443.entity_inst
/Main/Test//ENT_Asteroid11444.entity_inst
/Main/Test//ENT_Asteroid11445.entity_inst
/Main/Test//ENT_Asteroid11446.entity_inst
/Main/Test//ENT_Asteroid11447.entity_inst
/Main/Test//ENT_Asteroid11448.entity_inst
/Main/Test//ENT_Asteroid11449.entity_inst
/Main/Test//ENT_Asteroid11450.entity_inst
/Main/Test//ENT_Asteroid11451.entity_inst
/Main/Test//ENT_Asteroid11452.entity_inst
/Main/Test//ENT_Asteroid11453.entity_inst
/Main/Test//ENT_Asteroid11454.entity_inst
/Main/Test//ENT_Asteroid11455.entity_inst
/Main/Test//ENT_Asteroid11456.entity_inst
/Main/Test//ENT_Asteroid11457.entity_inst
/Main/Test//ENT_Asteroid11458.entity_inst
/Main/Test//ENT_Asteroid11459.entity_inst
/Main/Test//ENT_Asteroid11460.entity_inst
/Main/Test//ENT_Asteroid21461.entity_inst
/Main/Test//ENT_Asteroid21462.entity_inst
/Main/Test//ENT_Asteroid21463.entity_inst
/Main/Test//ENT_Asteroid21464.entity_inst
/Main/Test//ENT_Asteroid21465.entity_inst
/Main/Test//ENT_Asteroid21466.entity_inst
/Main/Test//ENT_Asteroid21467.entity_inst
/Main/Test//ENT_Asteroid21468.entity_inst
/Main/Test//ENT_Asteroid21469.entity_inst
/Main/Test//ENT_Asteroid21470.entity_inst
/Main/Test//ENT_Asteroid21471.entity_inst
/Main/Test//ENT_Asteroid31472.entity_inst
/Main/Test//ENT_Asteroid31473.entity_inst
/Main/Test//ENT_Asteroid31474.entity_inst
/Main/Test//ENT_Asteroid31475.entity_inst
/Main/Test//ENT_Asteroid31476.entity_inst
/Main/Test//ENT_Asteroid31477.entity_inst
/Main/Test//ENT_Asteroid31478.entity_inst
/Main/Test//ENT_Asteroid31479.entity_inst
/Main/Test//ENT_Asteroid31480.entity_inst
/Main/Test//ENT_Asteroid31481.entity_inst
/Main/Test//ENT_Asteroid31482.entity_inst
/Main/Test//ENT_Asteroid21483.entity_inst
/Main/Test//ENT_Asteroid21484.entity_inst
/Main/Test//ENT_Asteroid21485.entity_inst
/Main/Test//ENT_Asteroid21486.entity_inst
/Main/Test//ENT_Asteroid21487.entity_inst
/Main/Test//ENT_Asteroid21488.entity_inst
/Main/Test//ENT_Asteroid21489.entity_inst
/Main/Test//ENT_Asteroid21490.entity_inst
/Main/Test//ENT_Asteroid21491.entity_inst
/Main/Test//ENT_Asteroid21492.entity_inst
/Main/Test//ENT_Asteroid21493.entity_inst
/Main/Test//ENT_Asteroid21494.entity_inst
/Main/Test//ENT_Asteroid21495.entity_inst
/Main/Test//ENT_Asteroid21496.entity_inst
/Main/Test//ENT_Asteroid21497.entity_inst
/Main/Test//ENT_Asteroid21498.entity_inst
/Main/Test//ENT_Asteroid21499.entity_inst
/Main/Test//ENT_Asteroid21500.entity_inst
/Main/Test//ENT_Asteroid21501.entity_inst
/Main/Test//ENT_Asteroid21502.entity_inst
/Main/Test//ENT_Asteroid21503.entity_inst
/Main/Test//ENT_Asteroid11504.entity_inst
/Main/Test//ENT_Asteroid11505.entity_inst
/Main/Test//ENT_Asteroid11506.entity_inst
/Main/Test//ENT_Asteroid11507.entity_inst
/Main/Test//ENT_Asteroid11508.entity_inst
/Main/Test//ENT_Asteroid11509.entity_inst
/Main/Test//ENT_Asteroid11510.entity_inst
/Main/Test//ENT_Asteroid11511.entity_inst
/Main/Test//ENT_Asteroid11512.entity_inst
/Main/Test//ENT_Asteroid11513.entity_inst
/Main/Test//ENT_Asteroid11514.entity_inst
/Main/Test//ENT_Asteroid31515.entity_inst
/Main/Test//ENT_Asteroid31516.entity_inst
/Main/Test//ENT_Asteroid31517.entity_inst
/Main/Test//ENT_Asteroid31518.entity_inst
/Main/Test//ENT_Asteroid31519.entity_inst
/Main/Test//ENT_Asteroid31520.entity_inst
/Main/Test//ENT_Asteroid31521.entity_inst
/Main/Test//ENT_Asteroid31522.entity_inst
/Main/Test//ENT_Asteroid31523.entity_inst
/Main/Test//ENT_Asteroid1_big1524.entity_inst
/Main/Test//ENT_Asteroid1_big1525.entity_inst
/Main/Test//ENT_Asteroid1_big1526.entity_inst
/Main/Test//ENT_Asteroid1_big1527.entity_inst
/Main/Test//ENT_Asteroid1_big1528.entity_inst
/Main/Test//ENT_Asteroid1_big1529.entity_inst
/Main/Test//ENT_Asteroid1_big1530.entity_inst
/Main/Test//ENT_Asteroid1_big1531.entity_inst
/Main/Test//ENT_Asteroid1_big1532.entity_inst
/Main/Test//ENT_Asteroid1_big1533.entity_inst
/Main/Test//ENT_Asteroid1_big1534.entity_inst
/Main/Test//ENT_Asteroid1_big1535.entity_inst
/Main/Test//ENT_Asteroid1_big1536.entity_inst
/Main/Test//ENT_Asteroid1_vbig1537.entity_inst
/Main/Test//ENT_Asteroid1_vbig1538.entity_inst
/Main/Test//ENT_Asteroid11539.entity_inst
/Main/Test//ENT_Asteroid11540.entity_inst
/Main/Test//ENT_Asteroid11541.entity_inst
/Main/Test//ENT_Asteroid11542.entity_inst
/Main/Test//ENT_Asteroid11543.entity_inst
/Main/Test//ENT_Asteroid11544.entity_inst
/Main/Test//ENT_Asteroid11545.entity_inst
/Main/Test//ENT_Asteroid11546.entity_inst
/Main/Test//ENT_Asteroid11547.entity_inst
/Main/Test//ENT_Asteroid11548.entity_inst
/Main/Test//ENT_Asteroid11549.entity_inst
/Main/Test//ENT_Asteroid11550.entity_inst
/Main/Test//ENT_Asteroid11551.entity_inst
/Main/Test//ENT_Asteroid11552.entity_inst
/Main/Test//ENT_Asteroid21553.entity_inst
/Main/Test//ENT_Asteroid21554.entity_inst
/Main/Test//ENT_Asteroid21555.entity_inst
/Main/Test//ENT_Asteroid21556.entity_inst
/Main/Test//ENT_Asteroid21557.entity_inst
/Main/Test//ENT_Asteroid21558.entity_inst
/Main/Test//ENT_Asteroid21559.entity_inst
/Main/Test//ENT_Asteroid21560.entity_inst
/Main/Test//ENT_Asteroid21561.entity_inst
/Main/Test//ENT_Asteroid21562.entity_inst
/Main/Test//ENT_Asteroid21563.entity_inst
/Main/Test//ENT_Asteroid21564.entity_inst
/Main/Test//ENT_Asteroid21565.entity_inst
/Main/Test//ENT_Asteroid21566.entity_inst
/Main/Test//ENT_Asteroid31567.entity_inst
/Main/Test//ENT_Asteroid31568.entity_inst
/Main/Test//ENT_Asteroid31569.entity_inst
/Main/Test//ENT_Asteroid31570.entity_inst
/Main/Test//ENT_Asteroid31571.entity_inst
/Main/Test//ENT_Asteroid31572.entity_inst
/Main/Test//ENT_Asteroid31573.entity_inst
/Main/Test//ENT_Asteroid31574.entity_inst
/Main/Test//ENT_Asteroid31575.entity_inst
/Main/Test//ENT_Asteroid31576.entity_inst
/Main/Test//ENT_Asteroid31577.entity_inst
/Main/Test//ENT_Asteroid31578.entity_inst
/Main/Test//ENT_Asteroid31579.entity_inst
/Main/Test//ENT_Asteroid31580.entity_inst
/Main/Test//ENT_Asteroid31581.entity_inst
/Main/Test//ENT_Asteroid41582.entity_inst
/Main/Test//ENT_Asteroid41583.entity_inst
/Main/Test//ENT_Asteroid41584.entity_inst
/Main/Test//ENT_Asteroid41585.entity_inst
/Main/Test//ENT_Asteroid41586.entity_inst
/Main/Test//ENT_Asteroid41587.entity_inst
/Main/Test//ENT_Asteroid41588.entity_inst
/Main/Test//ENT_Asteroid41589.entity_inst
/Main/Test//ENT_Asteroid41590.entity_inst
/Main/Test//ENT_Asteroid41591.entity_inst
/Main/Test//ENT_Asteroid41592.entity_inst
/Main/Test//ENT_Asteroid41593.entity_inst
/Main/Test//ENT_Asteroid41594.entity_inst
/Main/Test//ENT_Asteroid41595.entity_inst
/Main/Test//ENT_Asteroid31596.entity_inst
/Main/Test//ENT_Asteroid31597.entity_inst
/Main/Test//ENT_Asteroid31598.entity_inst
/Main/Test//ENT_Asteroid31599.entity_inst
/Main/Test//ENT_LostShip1607.entity_inst
/Main/Test//ENT_Asteroid31601.entity_inst
/Main/Test//ENT_Asteroid31602.entity_inst
/Main/Test//ENT_Asteroid31603.entity_inst
/Main/Test//ENT_Asteroid31604.entity_inst
/Main/Test//ENT_Asteroid31605.entity_inst
/Main/Test//ENT_Asteroid31606.entity_inst
/Main/Test//ENT_Asteroid31607.entity_inst
/Main/Test//ENT_Ancient41608.entity_inst
/Main/Test//ENT_Ancient41609.entity_inst
/Main/Test//ENT_Ancient41610.entity_inst
/Main/Test//ENT_Ancient41611.entity_inst
/Main/Test//ENT_Ancient41612.entity_inst
/Main/Test//ENT_Ancient41613.entity_inst
/Main/Test//ENT_Ancient41614.entity_inst
/Main/Test//ENT_Ancient41615.entity_inst
/Main/Test//ENT_Ancient41616.entity_inst
/Main/Test//ENT_Ancient41617.entity_inst
/Main/Test//ENT_Ancient41618.entity_inst
/Main/Test//ENT_Ancient41619.entity_inst
/Main/Test//ENT_Ancient41620.entity_inst
/Main/Test//ENT_Ancient41621.entity_inst
/Main/Test//ENT_Ancient41622.entity_inst
/Main/Test//ENT_Ancient41623.entity_inst
/Main/Test//ENT_Ancient41624.entity_inst
/Main/Test//ENT_Ancient41625.entity_inst
/Main/Test//ENT_Ancient41626.entity_inst
/Main/Test//ENT_Ancient31627.entity_inst
/Main/Test//ENT_Ancient31628.entity_inst
/Main/Test//ENT_Ancient31629.entity_inst
/Main/Test//ENT_Ancient31630.entity_inst
/Main/Test//ENT_Ancient31631.entity_inst
/Main/Test//ENT_Ancient31632.entity_inst
/Main/Test//ENT_Ancient31633.entity_inst
/Main/Test//ENT_Ancient31634.entity_inst
/Main/Test//ENT_Ancient31635.entity_inst
/Main/Test//ENT_Ancient31636.entity_inst
/Main/Test//ENT_Ancient31637.entity_inst
/Main/Test//ENT_Ancient31638.entity_inst
/Main/Test//ENT_Ancient31639.entity_inst
/Main/Test//ENT_Ancient21640.entity_inst
/Main/Test//ENT_Ancient21641.entity_inst
/Main/Test//ENT_Ancient21642.entity_inst
/Main/Test//ENT_Ancient21643.entity_inst
/Main/Test//ENT_Ancient21644.entity_inst
/Main/Test//ENT_Ancient21645.entity_inst
/Main/Test//ENT_Ancient11646.entity_inst
/Main/Test//ENT_Ancient11647.entity_inst
/Main/Test//ENT_Ancient11648.entity_inst
/Main/Test//ENT_Ancient11649.entity_inst
/Main/Test//ENT_Ancient11650.entity_inst
/Main/Test//ENT_Ancient11651.entity_inst
/Main/Test//ENT_Ancient11652.entity_inst
/Main/Test//ENT_Ancient11653.entity_inst
/Main/Test//ENT_Ancient11654.entity_inst
/Main/Test//ENT_Ancient11655.entity_inst
/Main/Test//ENT_Ancient11656.entity_inst
/Main/Test//ENT_Ancient41657.entity_inst
/Main/Test//ENT_Ancient41658.entity_inst
/Main/Test//ENT_Ancient41659.entity_inst
/Main/Test//ENT_Ancient41660.entity_inst
/Main/Test//ENT_Ancient41661.entity_inst
/Main/Test//ENT_Ancient41662.entity_inst
/Main/Test//ENT_Ancient41663.entity_inst
/Main/Test//ENT_Ancient41664.entity_inst
/Main/Test//ENT_Ancient41665.entity_inst
/Main/Test//ENT_Ancient41666.entity_inst
/Main/Test//ENT_Ancient41667.entity_inst
/Main/Test//ENT_Ancient41668.entity_inst
/Main/Test//ENT_Ancient31669.entity_inst
/Main/Test//ENT_Ancient31670.entity_inst
/Main/Test//ENT_Ancient31671.entity_inst
/Main/Test//ENT_Ancient31672.entity_inst
/Main/Test//ENT_Ancient31673.entity_inst
/Main/Test//ENT_Ancient31674.entity_inst
/Main/Test//ENT_Ancient31675.entity_inst
/Main/Test//ENT_Ancient31676.entity_inst
/Main/Test//ENT_Ancient21677.entity_inst
/Main/Test//ENT_Ancient21678.entity_inst
/Main/Test//ENT_Ancient21679.entity_inst
/Main/Test//ENT_Ancient21680.entity_inst
/Main/Test//ENT_Ancient21681.entity_inst
/Main/Test//ENT_Ancient21682.entity_inst
/Main/Test//ENT_Ancient21683.entity_inst
/Main/Test//ENT_Ancient11684.entity_inst
/Main/Test//ENT_Ancient11685.entity_inst
/Main/Test//ENT_Ancient11686.entity_inst
/Main/Test//ENT_Ancient11687.entity_inst
/Main/Test//ENT_Ancient11688.entity_inst
/Main/Test//ENT_Ancient11689.entity_inst
/Main/Test//ENT_Ancient3_big1690.entity_inst
/Main/Test//ENT_Ancient3_big1691.entity_inst
/Main/Test//ENT_Ancient3_big1692.entity_inst
/Main/Test//ENT_Asteroid31693.entity_inst
/Main/Test//ENT_Asteroid31694.entity_inst
/Main/Test//ENT_Asteroid31695.entity_inst
/Main/Test//ENT_Asteroid31696.entity_inst
/Main/Test//ENT_Asteroid31697.entity_inst
/Main/Test//ENT_Asteroid41698.entity_inst
/Main/Test//ENT_Asteroid41699.entity_inst
/Main/Test//ENT_Asteroid41700.entity_inst
/Main/Test//ENT_Asteroid31701.entity_inst
/Main/Test//ENT_Asteroid21702.entity_inst
/Main/Test//ENT_Asteroid21703.entity_inst
/Main/Test//ENT_Asteroid21704.entity_inst
/Main/Test//ENT_Asteroid21705.entity_inst
/Main/Test//ENT_Asteroid21706.entity_inst
/Main/Test//ENT_Asteroid21707.entity_inst
/Main/Test//ENT_Asteroid11708.entity_inst
/Main/Test//ENT_Asteroid11709.entity_inst
/Main/Test//ENT_Asteroid11710.entity_inst
/Main/Test//ENT_Asteroid11711.entity_inst
/Main/Test//ENT_Asteroid11712.entity_inst
/Main/Test//ENT_Asteroid11713.entity_inst
/Main/Test//ENT_Asteroid11714.entity_inst
/Main/Test//ENT_Asteroid11715.entity_inst
/Main/Test//ENT_Asteroid11716.entity_inst
/Main/Test//ENT_Asteroid11717.entity_inst
/Main/Test//ENT_Asteroid11718.entity_inst
/Main/Test//ENT_Asteroid11719.entity_inst
/Main/Test//ENT_Asteroid21720.entity_inst
/Main/Test//ENT_Asteroid21721.entity_inst
/Main/Test//ENT_Asteroid21722.entity_inst
/Main/Test//ENT_Asteroid21723.entity_inst
/Main/Test//ENT_Asteroid21724.entity_inst
/Main/Test//ENT_Asteroid21725.entity_inst
/Main/Test//ENT_Asteroid21726.entity_inst
/Main/Test//ENT_Asteroid21727.entity_inst
/Main/Test//ENT_Asteroid21728.entity_inst
/Main/Test//ENT_Asteroid21729.entity_inst
/Main/Test//ENT_Asteroid31730.entity_inst
/Main/Test//ENT_Asteroid31731.entity_inst
/Main/Test//ENT_Asteroid31732.entity_inst
/Main/Test//ENT_Asteroid31733.entity_inst
/Main/Test//ENT_Asteroid31734.entity_inst
/Main/Test//ENT_Asteroid31735.entity_inst
/Main/Test//ENT_Asteroid31736.entity_inst
/Main/Test//ENT_Asteroid31737.entity_inst
/Main/Test//ENT_Asteroid31738.entity_inst
/Main/Test//ENT_Asteroid31739.entity_inst
/Main/Test//ENT_Asteroid31740.entity_inst
/Main/Test//ENT_Asteroid31741.entity_inst
/Main/Test//ENT_Asteroid31742.entity_inst
/Main/Test//ENT_Asteroid31743.entity_inst
/Main/Test//ENT_Asteroid21744.entity_inst
/Main/Test//ENT_Asteroid11745.entity_inst
/Main/Test//ENT_Asteroid11746.entity_inst
/Main/Test//ENT_Asteroid11747.entity_inst
/Main/Test//ENT_Asteroid11748.entity_inst
/Main/Test//ENT_Asteroid11749.entity_inst
/Main/Test//ENT_Asteroid11750.entity_inst
/Main/Test//ENT_Asteroid11751.entity_inst
/Main/Test//ENT_Asteroid11752.entity_inst
/Main/Test//ENT_Asteroid1_big1753.entity_inst
/Main/Test//ENT_Asteroid1_big1754.entity_inst
/Main/Test//ENT_Asteroid1_big1755.entity_inst
/Main/Test//ENT_Asteroid1_big1756.entity_inst
/Main/Test//ENT_Asteroid1_big1757.entity_inst
/Main/Test//ENT_Asteroid1_vbig1758.entity_inst
/Main/Test//ENT_Asteroid1_vbig1759.entity_inst
/Main/Test//ENT_Asteroid1_vbig1760.entity_inst
/Main/Test//ENT_Asteroid1_vbig1761.entity_inst
/Main/Test//ENT_Asteroid1_vbig1762.entity_inst
/Main/Test//ENT_Asteroid1_big1763.entity_inst
/Main/Test//ENT_Asteroid1_big1764.entity_inst
/Main/Test//ENT_Asteroid1_big1765.entity_inst
/Main/Test//ENT_Asteroid1_big1766.entity_inst
/Main/Test//ENT_Asteroid1_big1767.entity_inst
/Main/Test//ENT_Asteroid1_big1768.entity_inst
/Main/Test//ENT_Asteroid21769.entity_inst
/Main/Test//ENT_Asteroid21770.entity_inst
/Main/Test//ENT_Asteroid21771.entity_inst
/Main/Test//ENT_Asteroid21772.entity_inst
/Main/Test//ENT_Asteroid21773.entity_inst
/Main/Test//ENT_Asteroid21774.entity_inst
/Main/Test//ENT_Asteroid21775.entity_inst
/Main/Test//ENT_Asteroid21776.entity_inst
/Main/Test//ENT_Asteroid21777.entity_inst
/Main/Test//ENT_Asteroid21778.entity_inst
/Main/Test//ENT_Asteroid21779.entity_inst
/Main/Test//ENT_Asteroid21780.entity_inst
/Main/Test//ENT_Asteroid21781.entity_inst
/Main/Test//ENT_Asteroid21782.entity_inst
/Main/Test//ENT_Asteroid21783.entity_inst
/Main/Test//ENT_Asteroid21784.entity_inst
/Main/Test//ENT_Asteroid11785.entity_inst
/Main/Test//ENT_Asteroid11786.entity_inst
/Main/Test//ENT_Asteroid11787.entity_inst
/Main/Test//ENT_Asteroid11788.entity_inst
/Main/Test//ENT_Asteroid11789.entity_inst
/Main/Test//ENT_Asteroid11790.entity_inst
/Main/Test//ENT_Asteroid11791.entity_inst
/Main/Test//ENT_Asteroid11792.entity_inst
/Main/Test//ENT_Asteroid11793.entity_inst
/Main/Test//ENT_Asteroid11794.entity_inst
/Main/Test//ENT_Asteroid11795.entity_inst
/Main/Test//ENT_Asteroid11796.entity_inst
/Main/Test//ENT_Asteroid11797.entity_inst
/Main/Test//ENT_Asteroid11798.entity_inst
/Main/Test//ENT_Asteroid11799.entity_inst
/Main/Test//ENT_Asteroid11800.entity_inst
/Main/Test//ENT_Asteroid11801.entity_inst
/Main/Test//ENT_Asteroid11802.entity_inst
/Main/Test//ENT_Vagrant21803.entity_inst
/Main/Test//ENT_Vagrant21804.entity_inst
/Main/Test//ENT_Vagrant21805.entity_inst
/Main/Test//ENT_Vagrant21806.entity_inst
/Main/Test//ENT_Vagrant21807.entity_inst
/Main/Test//ENT_Vagrant21808.entity_inst
/Main/Test//ENT_Vagrant21809.entity_inst
/Main/Test//ENT_Vagrant21810.entity_inst
/Main/Test//ENT_Vagrant21811.entity_inst
/Main/Test//ENT_Vagrant21812.entity_inst
/Main/Test//ENT_Vagrant21813.entity_inst
/Main/Test//ENT_Vagrant21814.entity_inst
/Main/Test//ENT_Vagrant21815.entity_inst
/Main/Test//ENT_Vagrant21816.entity_inst
/Main/Test//ENT_Vagrant21817.entity_inst
/Main/Test//ENT_Vagrant21818.entity_inst
/Main/Test//ENT_Vagrant21819.entity_inst
/Main/Test//ENT_Vagrant21820.entity_inst
/Main/Test//ENT_Vagrant21821.entity_inst
/Main/Test//ENT_Vagrant21822.entity_inst
/Main/Test//ENT_Vagrant21823.entity_inst
/Main/Test//ENT_Vagrant21824.entity_inst
/Main/Test//ENT_Vagrant21825.entity_inst
/Main/Test//ENT_Vagrant21826.entity_inst
/Main/Test//ENT_Vagrant21827.entity_inst
/Main/Test//ENT_Vagrant21828.entity_inst
/Main/Test//ENT_Vagrant21829.entity_inst
/Main/Test//ENT_Vagrant21830.entity_inst
/Main/Test//ENT_Vagrant21831.entity_inst
/Main/Test//ENT_Vagrant21832.entity_inst
/Main/Test//ENT_Vagrant21833.entity_inst
/Main/Test//ENT_Vagrant21834.entity_inst
/Main/Test//ENT_Vagrant21835.entity_inst
/Main/Test//ENT_Vagrant21836.entity_inst
/Main/Test//ENT_Vagrant21837.entity_inst
/Main/Test//ENT_Vagrant21838.entity_inst
/Main/Test//ENT_Vagrant21839.entity_inst
/Main/Test//ENT_Vagrant21840.entity_inst
/Main/Test//ENT_Vagrant21841.entity_inst
/Main/Test//ENT_Vagrant21842.entity_inst
/Main/Test//ENT_Vagrant21843.entity_inst
/Main/Test//ENT_Vagrant21844.entity_inst
/Main/Test//ENT_Vagrant21845.entity_inst
/Main/Test//ENT_Vagrant21846.entity_inst
/Main/Test//ENT_Vagrant21847.entity_inst
/Main/Test//ENT_Vagrant21848.entity_inst
/Main/Test//ENT_Vagrant21849.entity_inst
/Main/Test//ENT_Vagrant21850.entity_inst
/Main/Test//ENT_Vagrant21851.entity_inst
/Main/Test//ENT_Vagrant21852.entity_inst
/Main/Test//ENT_Vagrant21853.entity_inst
/Main/Test//ENT_VagrantBase1854.entity_inst
/Main/Test//ENT_HKdecor31855.entity_inst
/Main/Test//ENT_HKdecor31856.entity_inst
/Main/Test//ENT_HKDecor21858.entity_inst
/Main/Test//ENT_HKDecor21859.entity_inst
/Main/Test//ENT_HKDecor21860.entity_inst
/Main/Test//ENT_HKdecor31861.entity_inst
/Main/Test//ENT_HKDecor11862.entity_inst
/Main/Test//ENT_HKDecor11863.entity_inst
/Main/Test//ENT_HKDecor11864.entity_inst
/Main/Test//ENT_HKDecor11865.entity_inst
/Main/Test//ENT_HKDecor11866.entity_inst
/Main/Test//ENT_HKDecor11867.entity_inst
/Main/Test//ENT_HKDecor11868.entity_inst
/Main/Test//ENT_HKDecor11869.entity_inst
/Main/Test//ENT_HKDecor11870.entity_inst
/Main/Test//ENT_HKDecor11871.entity_inst
/Main/Test//ENT_HKDecor11872.entity_inst
