/Main/Test//ENT_StartPortal0.entity_inst
/Main/Test//ENT_NewBase1.entity_inst
/Main/Test//ENT_YoungMeBase2.entity_inst
/Main/Test//ENT_TestBaseModules3.entity_inst
/Main/Test//ENT_Asteroid1_big73.entity_inst
/Main/Test//ENT_Asteroid15.entity_inst
/Main/Test//ENT_Asteroid16.entity_inst
/Main/Test//ENT_Asteroid17.entity_inst
/Main/Test//ENT_Asteroid18.entity_inst
/Main/Test//ENT_Asteroid19.entity_inst
/Main/Test//ENT_Asteroid110.entity_inst
/Main/Test//ENT_Asteroid111.entity_inst
/Main/Test//ENT_Asteroid112.entity_inst
/Main/Test//ENT_Asteroid113.entity_inst
/Main/Test//ENT_Asteroid114.entity_inst
/Main/Test//ENT_Asteroid115.entity_inst
/Main/Test//ENT_Asteroid116.entity_inst
/Main/Test//ENT_Asteroid117.entity_inst
/Main/Test//ENT_Asteroid118.entity_inst
/Main/Test//ENT_Asteroid119.entity_inst
/Main/Test//ENT_Asteroid120.entity_inst
/Main/Test//ENT_Asteroid121.entity_inst
/Main/Test//ENT_Asteroid122.entity_inst
/Main/Test//ENT_Asteroid123.entity_inst
/Main/Test//ENT_Asteroid124.entity_inst
/Main/Test//ENT_Asteroid125.entity_inst
/Main/Test//ENT_Asteroid126.entity_inst
/Main/Test//ENT_Asteroid127.entity_inst
/Main/Test//ENT_Asteroid128.entity_inst
/Main/Test//ENT_Asteroid329.entity_inst
/Main/Test//ENT_Asteroid330.entity_inst
/Main/Test//ENT_Asteroid331.entity_inst
/Main/Test//ENT_Asteroid332.entity_inst
/Main/Test//ENT_Asteroid333.entity_inst
/Main/Test//ENT_Asteroid334.entity_inst
/Main/Test//ENT_Asteroid335.entity_inst
/Main/Test//ENT_Asteroid336.entity_inst
/Main/Test//ENT_Asteroid337.entity_inst
/Main/Test//ENT_Asteroid338.entity_inst
/Main/Test//ENT_Asteroid339.entity_inst
/Main/Test//ENT_Asteroid340.entity_inst
/Main/Test//ENT_Asteroid341.entity_inst
/Main/Test//ENT_Asteroid342.entity_inst
/Main/Test//ENT_Asteroid343.entity_inst
/Main/Test//ENT_Asteroid344.entity_inst
/Main/Test//ENT_Asteroid345.entity_inst
/Main/Test//ENT_Asteroid346.entity_inst
/Main/Test//ENT_Asteroid347.entity_inst
/Main/Test//ENT_Asteroid348.entity_inst
/Main/Test//ENT_Asteroid449.entity_inst
/Main/Test//ENT_Asteroid450.entity_inst
/Main/Test//ENT_Asteroid451.entity_inst
/Main/Test//ENT_Asteroid452.entity_inst
/Main/Test//ENT_Asteroid453.entity_inst
/Main/Test//ENT_Asteroid454.entity_inst
/Main/Test//ENT_Asteroid455.entity_inst
/Main/Test//ENT_Asteroid456.entity_inst
/Main/Test//ENT_Asteroid457.entity_inst
/Main/Test//ENT_Asteroid458.entity_inst
/Main/Test//ENT_Asteroid459.entity_inst
/Main/Test//ENT_Asteroid460.entity_inst
/Main/Test//ENT_Asteroid461.entity_inst
/Main/Test//ENT_Asteroid462.entity_inst
/Main/Test//ENT_Asteroid463.entity_inst
/Main/Test//ENT_Asteroid464.entity_inst
/Main/Test//ENT_Asteroid465.entity_inst
/Main/Test//ENT_Asteroid466.entity_inst
/Main/Test//ENT_Asteroid467.entity_inst
/Main/Test//ENT_Asteroid468.entity_inst
/Main/Test//ENT_Asteroid269.entity_inst
/Main/Test//ENT_Asteroid270.entity_inst
/Main/Test//ENT_Asteroid271.entity_inst
/Main/Test//ENT_Asteroid272.entity_inst
/Main/Test//ENT_Asteroid1_big74.entity_inst
/Main/Test//ENT_Asteroid1_big75.entity_inst
/Main/Test//ENT_Asteroid1_big76.entity_inst
/Main/Test//ENT_Asteroid1_big77.entity_inst
/Main/Test//ENT_Asteroid1_big78.entity_inst
/Main/Test//ENT_Asteroid1_big79.entity_inst
/Main/Test//ENT_Asteroid1_big80.entity_inst
/Main/Test//ENT_Asteroid1_vbig81.entity_inst
/Main/Test//ENT_Asteroid1_vbig82.entity_inst
/Main/Test//ENT_Asteroid1_vbig83.entity_inst
/Main/Test//ENT_OldBase184.entity_inst
/Main/Test//ENT_OldBase185.entity_inst
/Main/Test//ENT_OldBase186.entity_inst
/Main/Test//ENT_OldBase187.entity_inst
/Main/Test//ENT_OldBase188.entity_inst
/Main/Test//ENT_OldBase189.entity_inst
/Main/Test//ENT_OldBase190.entity_inst
/Main/Test//ENT_OldBase191.entity_inst
/Main/Test//ENT_OldBase192.entity_inst
/Main/Test//ENT_OldBase193.entity_inst
/Main/Test//ENT_OldBase194.entity_inst
/Main/Test//ENT_OldBase195.entity_inst
/Main/Test//ENT_OldBase296.entity_inst
/Main/Test//ENT_OldBase297.entity_inst
/Main/Test//ENT_OldBase298.entity_inst
/Main/Test//ENT_OldBase299.entity_inst
/Main/Test//ENT_OldBase2100.entity_inst
/Main/Test//ENT_OldBase2101.entity_inst
/Main/Test//ENT_OldBase2102.entity_inst
/Main/Test//ENT_OldBase5103.entity_inst
/Main/Test//ENT_OldBase5104.entity_inst
/Main/Test//ENT_OldBase5105.entity_inst
/Main/Test//ENT_OldBase5106.entity_inst
/Main/Test//ENT_OldBase5107.entity_inst
/Main/Test//ENT_Asteroid1108.entity_inst
/Main/Test//ENT_Asteroid1110.entity_inst
/Main/Test//ENT_Asteroid1111.entity_inst
/Main/Test//ENT_Asteroid1112.entity_inst
/Main/Test//ENT_Asteroid1113.entity_inst
/Main/Test//ENT_Asteroid1114.entity_inst
/Main/Test//ENT_Asteroid1115.entity_inst
/Main/Test//ENT_Asteroid1116.entity_inst
/Main/Test//ENT_Asteroid1117.entity_inst
/Main/Test//ENT_Asteroid1118.entity_inst
/Main/Test//ENT_Asteroid1119.entity_inst
/Main/Test//ENT_Asteroid1120.entity_inst
/Main/Test//ENT_Asteroid1121.entity_inst
/Main/Test//ENT_Asteroid1122.entity_inst
/Main/Test//ENT_Asteroid1123.entity_inst
/Main/Test//ENT_Asteroid1124.entity_inst
/Main/Test//ENT_Asteroid1125.entity_inst
/Main/Test//ENT_Asteroid1126.entity_inst
/Main/Test//ENT_Asteroid1127.entity_inst
/Main/Test//ENT_Asteroid1128.entity_inst
/Main/Test//ENT_Asteroid1129.entity_inst
/Main/Test//ENT_Asteroid1130.entity_inst
/Main/Test//ENT_Asteroid1131.entity_inst
/Main/Test//ENT_Asteroid1132.entity_inst
/Main/Test//ENT_Asteroid1133.entity_inst
/Main/Test//ENT_Asteroid1134.entity_inst
/Main/Test//ENT_Asteroid1135.entity_inst
/Main/Test//ENT_Asteroid1136.entity_inst
/Main/Test//ENT_Asteroid1137.entity_inst
/Main/Test//ENT_Asteroid1138.entity_inst
/Main/Test//ENT_Asteroid1139.entity_inst
/Main/Test//ENT_Asteroid2140.entity_inst
/Main/Test//ENT_Asteroid2141.entity_inst
/Main/Test//ENT_Asteroid2142.entity_inst
/Main/Test//ENT_Asteroid2143.entity_inst
/Main/Test//ENT_Asteroid2144.entity_inst
/Main/Test//ENT_Asteroid2145.entity_inst
/Main/Test//ENT_Asteroid2146.entity_inst
/Main/Test//ENT_Asteroid2147.entity_inst
/Main/Test//ENT_Asteroid2148.entity_inst
/Main/Test//ENT_Asteroid2149.entity_inst
/Main/Test//ENT_Asteroid2150.entity_inst
/Main/Test//ENT_Asteroid2151.entity_inst
/Main/Test//ENT_Asteroid2152.entity_inst
/Main/Test//ENT_Asteroid2153.entity_inst
/Main/Test//ENT_Asteroid2154.entity_inst
/Main/Test//ENT_Asteroid2155.entity_inst
/Main/Test//ENT_Asteroid2156.entity_inst
/Main/Test//ENT_Asteroid2157.entity_inst
/Main/Test//ENT_Asteroid2158.entity_inst
/Main/Test//ENT_Asteroid2159.entity_inst
/Main/Test//ENT_Asteroid2160.entity_inst
/Main/Test//ENT_Asteroid2161.entity_inst
/Main/Test//ENT_Asteroid2162.entity_inst
/Main/Test//ENT_Asteroid2163.entity_inst
/Main/Test//ENT_Asteroid2164.entity_inst
/Main/Test//ENT_Asteroid3165.entity_inst
/Main/Test//ENT_Asteroid3166.entity_inst
/Main/Test//ENT_Asteroid3167.entity_inst
/Main/Test//ENT_Asteroid3168.entity_inst
/Main/Test//ENT_Asteroid3169.entity_inst
/Main/Test//ENT_Asteroid3170.entity_inst
/Main/Test//ENT_Asteroid3171.entity_inst
/Main/Test//ENT_Asteroid3172.entity_inst
/Main/Test//ENT_Asteroid3173.entity_inst
/Main/Test//ENT_Asteroid3174.entity_inst
/Main/Test//ENT_Asteroid3175.entity_inst
/Main/Test//ENT_Asteroid3176.entity_inst
/Main/Test//ENT_Asteroid3177.entity_inst
/Main/Test//ENT_Asteroid3178.entity_inst
/Main/Test//ENT_Asteroid3179.entity_inst
/Main/Test//ENT_Asteroid3180.entity_inst
/Main/Test//ENT_Asteroid3181.entity_inst
/Main/Test//ENT_Asteroid3182.entity_inst
/Main/Test//ENT_Asteroid3183.entity_inst
/Main/Test//ENT_Asteroid3184.entity_inst
/Main/Test//ENT_Asteroid3185.entity_inst
/Main/Test//ENT_Asteroid3186.entity_inst
/Main/Test//ENT_Asteroid3187.entity_inst
/Main/Test//ENT_Asteroid3188.entity_inst
/Main/Test//ENT_Asteroid3189.entity_inst
/Main/Test//ENT_Asteroid3190.entity_inst
/Main/Test//ENT_Asteroid3191.entity_inst
/Main/Test//ENT_Asteroid3192.entity_inst
/Main/Test//ENT_Asteroid3193.entity_inst
/Main/Test//ENT_Asteroid3194.entity_inst
/Main/Test//ENT_Asteroid4195.entity_inst
/Main/Test//ENT_Asteroid4196.entity_inst
/Main/Test//ENT_Asteroid4197.entity_inst
/Main/Test//ENT_Asteroid4198.entity_inst
/Main/Test//ENT_Asteroid4199.entity_inst
/Main/Test//ENT_Asteroid4200.entity_inst
/Main/Test//ENT_Asteroid4201.entity_inst
/Main/Test//ENT_Asteroid4202.entity_inst
/Main/Test//ENT_Asteroid4203.entity_inst
/Main/Test//ENT_Asteroid4204.entity_inst
/Main/Test//ENT_Asteroid4205.entity_inst
/Main/Test//ENT_Asteroid4206.entity_inst
/Main/Test//ENT_Asteroid4207.entity_inst
/Main/Test//ENT_Asteroid4208.entity_inst
/Main/Test//ENT_Asteroid4209.entity_inst
/Main/Test//ENT_Asteroid4210.entity_inst
/Main/Test//ENT_Asteroid4211.entity_inst
/Main/Test//ENT_Asteroid4212.entity_inst
/Main/Test//ENT_Asteroid4213.entity_inst
/Main/Test//ENT_Asteroid4214.entity_inst
/Main/Test//ENT_Asteroid4215.entity_inst
/Main/Test//ENT_Asteroid4216.entity_inst
/Main/Test//ENT_Asteroid4217.entity_inst
/Main/Test//ENT_Asteroid4218.entity_inst
/Main/Test//ENT_OldBase1219.entity_inst
/Main/Test//ENT_OldBase1220.entity_inst
/Main/Test//ENT_OldBase1221.entity_inst
/Main/Test//ENT_OldBase1222.entity_inst
/Main/Test//ENT_OldBase1223.entity_inst
/Main/Test//ENT_OldBase1224.entity_inst
/Main/Test//ENT_OldBase1225.entity_inst
/Main/Test//ENT_OldBase1226.entity_inst
/Main/Test//ENT_OldBase1227.entity_inst
/Main/Test//ENT_OldBase2228.entity_inst
/Main/Test//ENT_OldBase2229.entity_inst
/Main/Test//ENT_OldBase2230.entity_inst
/Main/Test//ENT_OldBase2231.entity_inst
/Main/Test//ENT_OldBase2232.entity_inst
/Main/Test//ENT_OldBase2233.entity_inst
/Main/Test//ENT_OldBase2234.entity_inst
/Main/Test//ENT_OldBase2235.entity_inst
/Main/Test//ENT_OldBase2236.entity_inst
/Main/Test//ENT_OldBase2237.entity_inst
/Main/Test//ENT_OldBase2238.entity_inst
/Main/Test//ENT_OldBase2239.entity_inst
/Main/Test//ENT_OldBase2240.entity_inst
/Main/Test//ENT_OldBase3241.entity_inst
/Main/Test//ENT_OldBase3242.entity_inst
/Main/Test//ENT_OldBase3243.entity_inst
/Main/Test//ENT_OldBase3244.entity_inst
/Main/Test//ENT_OldBase3245.entity_inst
/Main/Test//ENT_OldBase3246.entity_inst
/Main/Test//ENT_OldBase3247.entity_inst
/Main/Test//ENT_OldBase3248.entity_inst
/Main/Test//ENT_OldBase3249.entity_inst
/Main/Test//ENT_OldBase3250.entity_inst
/Main/Test//ENT_OldBase4251.entity_inst
/Main/Test//ENT_OldBase4252.entity_inst
/Main/Test//ENT_OldBase4253.entity_inst
/Main/Test//ENT_OldBase4254.entity_inst
/Main/Test//ENT_OldBase4255.entity_inst
/Main/Test//ENT_OldBase4256.entity_inst
/Main/Test//ENT_OldBase5257.entity_inst
/Main/Test//ENT_OldBase5258.entity_inst
/Main/Test//ENT_OldBase5259.entity_inst
/Main/Test//ENT_OldBase5260.entity_inst
/Main/Test//ENT_Asteroid1_big261.entity_inst
/Main/Test//ENT_Asteroid1_big262.entity_inst
/Main/Test//ENT_Asteroid1_big263.entity_inst
/Main/Test//ENT_Asteroid1_big264.entity_inst
/Main/Test//ENT_Asteroid1_big265.entity_inst
/Main/Test//ENT_Asteroid1_big266.entity_inst
/Main/Test//ENT_Asteroid1_big267.entity_inst
/Main/Test//ENT_Asteroid1_big268.entity_inst
/Main/Test//ENT_Asteroid1_big269.entity_inst
/Main/Test//ENT_Asteroid1_big270.entity_inst
/Main/Test//ENT_Asteroid1_big271.entity_inst
/Main/Test//ENT_Asteroid1_big272.entity_inst
/Main/Test//ENT_Asteroid1_big273.entity_inst
/Main/Test//ENT_Asteroid1_vbig274.entity_inst
/Main/Test//ENT_Asteroid1_vbig275.entity_inst
/Main/Test//ENT_Asteroid1_vbig276.entity_inst
/Main/Test//ENT_Asteroid1_vbig277.entity_inst
/Main/Test//ENT_278.entity_inst
/Main/Test//ENT_279.entity_inst
/Main/Test//ENT_281.entity_inst
/Main/Test//ENT_282.entity_inst
/Main/Test//ENT_283.entity_inst
/Main/Test//ENT_284.entity_inst
/Main/Test//ENT_285.entity_inst
/Main/Test//ENT_286.entity_inst
/Main/Test//ENT_287.entity_inst
/Main/Test//ENT_288.entity_inst
/Main/Test//ENT_289.entity_inst
/Main/Test//ENT_290.entity_inst
/Main/Test//ENT_291.entity_inst
/Main/Test//ENT_292.entity_inst
/Main/Test//ENT_293.entity_inst
/Main/Test//ENT_294.entity_inst
/Main/Test//ENT_295.entity_inst
/Main/Test//ENT_296.entity_inst
/Main/Test//ENT_297.entity_inst
/Main/Test//ENT_298.entity_inst
/Main/Test//ENT_299.entity_inst
/Main/Test//ENT_300.entity_inst
/Main/Test//ENT_301.entity_inst
/Main/Test//ENT_302.entity_inst
/Main/Test//ENT_303.entity_inst
/Main/Test//ENT_304.entity_inst
/Main/Test//ENT_305.entity_inst
/Main/Test//ENT_306.entity_inst
/Main/Test//ENT_307.entity_inst
/Main/Test//ENT_308.entity_inst
/Main/Test//ENT_309.entity_inst
/Main/Test//ENT_310.entity_inst
/Main/Test//ENT_311.entity_inst
/Main/Test//ENT_312.entity_inst
/Main/Test//ENT_313.entity_inst
/Main/Test//ENT_314.entity_inst
/Main/Test//ENT_315.entity_inst
/Main/Test//ENT_316.entity_inst
/Main/Test//ENT_317.entity_inst
/Main/Test//ENT_318.entity_inst
/Main/Test//ENT_319.entity_inst
/Main/Test//ENT_320.entity_inst
/Main/Test//ENT_321.entity_inst
/Main/Test//ENT_322.entity_inst
/Main/Test//ENT_323.entity_inst
/Main/Test//ENT_324.entity_inst
/Main/Test//ENT_325.entity_inst
/Main/Test//ENT_326.entity_inst
/Main/Test//ENT_327.entity_inst
/Main/Test//ENT_328.entity_inst
/Main/Test//ENT_329.entity_inst
/Main/Test//ENT_330.entity_inst
/Main/Test//ENT_331.entity_inst
/Main/Test//ENT_332.entity_inst
/Main/Test//ENT_333.entity_inst
/Main/Test//ENT_334.entity_inst
/Main/Test//ENT_335.entity_inst
/Main/Test//ENT_336.entity_inst
/Main/Test//ENT_337.entity_inst
/Main/Test//ENT_338.entity_inst
/Main/Test//ENT_339.entity_inst
/Main/Test//ENT_340.entity_inst
/Main/Test//ENT_341.entity_inst
/Main/Test//ENT_342.entity_inst
/Main/Test//ENT_343.entity_inst
/Main/Test//ENT_344.entity_inst
/Main/Test//ENT_345.entity_inst
/Main/Test//ENT_346.entity_inst
/Main/Test//ENT_347.entity_inst
/Main/Test//ENT_348.entity_inst
/Main/Test//ENT_349.entity_inst
/Main/Test//ENT_350.entity_inst
/Main/Test//ENT_351.entity_inst
/Main/Test//ENT_352.entity_inst
/Main/Test//ENT_353.entity_inst
/Main/Test//ENT_354.entity_inst
/Main/Test//ENT_355.entity_inst
/Main/Test//ENT_356.entity_inst
/Main/Test//ENT_357.entity_inst
/Main/Test//ENT_358.entity_inst
/Main/Test//ENT_359.entity_inst
/Main/Test//ENT_360.entity_inst
/Main/Test//ENT_361.entity_inst
/Main/Test//ENT_362.entity_inst
/Main/Test//ENT_363.entity_inst
/Main/Test//ENT_365.entity_inst
/Main/Test//ENT_366.entity_inst
/Main/Test//ENT_367.entity_inst
/Main/Test//ENT_368.entity_inst
/Main/Test//ENT_369.entity_inst
/Main/Test//ENT_370.entity_inst
/Main/Test//ENT_371.entity_inst
/Main/Test//ENT_372.entity_inst
/Main/Test//ENT_373.entity_inst
/Main/Test//ENT_374.entity_inst
/Main/Test//ENT_375.entity_inst
/Main/Test//ENT_376.entity_inst
/Main/Test//ENT_377.entity_inst
/Main/Test//ENT_378.entity_inst
/Main/Test//ENT_379.entity_inst
/Main/Test//ENT_380.entity_inst
/Main/Test//ENT_381.entity_inst
/Main/Test//ENT_382.entity_inst
/Main/Test//ENT_383.entity_inst
/Main/Test//ENT_384.entity_inst
/Main/Test//ENT_385.entity_inst
/Main/Test//ENT_386.entity_inst
/Main/Test//ENT_387.entity_inst
/Main/Test//ENT_388.entity_inst
/Main/Test//ENT_389.entity_inst
/Main/Test//ENT_390.entity_inst
/Main/Test//ENT_391.entity_inst
/Main/Test//ENT_392.entity_inst
/Main/Test//ENT_393.entity_inst
/Main/Test//ENT_394.entity_inst
/Main/Test//ENT_395.entity_inst
/Main/Test//ENT_396.entity_inst
/Main/Test//ENT_397.entity_inst
/Main/Test//ENT_398.entity_inst
/Main/Test//ENT_399.entity_inst
/Main/Test//ENT_400.entity_inst
/Main/Test//ENT_401.entity_inst
/Main/Test//ENT_402.entity_inst
/Main/Test//ENT_403.entity_inst
/Main/Test//ENT_404.entity_inst
/Main/Test//ENT_405.entity_inst
/Main/Test//ENT_406.entity_inst
/Main/Test//ENT_407.entity_inst
/Main/Test//ENT_408.entity_inst
/Main/Test//ENT_410.entity_inst
/Main/Test//ENT_411.entity_inst
/Main/Test//ENT_412.entity_inst
/Main/Test//ENT_413.entity_inst
/Main/Test//ENT_414.entity_inst
/Main/Test//ENT_415.entity_inst
/Main/Test//ENT_416.entity_inst
/Main/Test//ENT_417.entity_inst
/Main/Test//ENT_418.entity_inst
/Main/Test//ENT_419.entity_inst
/Main/Test//ENT_421.entity_inst
/Main/Test//ENT_422.entity_inst
/Main/Test//ENT_423.entity_inst
/Main/Test//ENT_424.entity_inst
/Main/Test//ENT_425.entity_inst
/Main/Test//ENT_426.entity_inst
/Main/Test//ENT_427.entity_inst
/Main/Test//ENT_428.entity_inst
/Main/Test//ENT_429.entity_inst
/Main/Test//ENT_430.entity_inst
/Main/Test//ENT_431.entity_inst
/Main/Test//ENT_432.entity_inst
/Main/Test//ENT_433.entity_inst
/Main/Test//ENT_434.entity_inst
/Main/Test//ENT_435.entity_inst
/Main/Test//ENT_436.entity_inst
/Main/Test//ENT_437.entity_inst
/Main/Test//ENT_438.entity_inst
/Main/Test//ENT_439.entity_inst
/Main/Test//ENT_440.entity_inst
/Main/Test//ENT_441.entity_inst
/Main/Test//ENT_442.entity_inst
/Main/Test//ENT_443.entity_inst
/Main/Test//ENT_444.entity_inst
/Main/Test//ENT_445.entity_inst
/Main/Test//ENT_446.entity_inst
/Main/Test//ENT_447.entity_inst
/Main/Test//ENT_448.entity_inst
/Main/Test//ENT_449.entity_inst
/Main/Test//ENT_450.entity_inst
/Main/Test//ENT_451.entity_inst
/Main/Test//ENT_453.entity_inst
/Main/Test//ENT_454.entity_inst
/Main/Test//ENT_455.entity_inst
/Main/Test//ENT_456.entity_inst
/Main/Test//ENT_457.entity_inst
/Main/Test//ENT_458.entity_inst
/Main/Test//ENT_459.entity_inst
/Main/Test//ENT_460.entity_inst
/Main/Test//ENT_461.entity_inst
/Main/Test//ENT_462.entity_inst
/Main/Test//ENT_463.entity_inst
/Main/Test//ENT_464.entity_inst
/Main/Test//ENT_465.entity_inst
/Main/Test//ENT_466.entity_inst
/Main/Test//ENT_467.entity_inst
/Main/Test//ENT_468.entity_inst
/Main/Test//ENT_469.entity_inst
/Main/Test//ENT_470.entity_inst
/Main/Test//ENT_471.entity_inst
/Main/Test//ENT_472.entity_inst
/Main/Test//ENT_473.entity_inst
/Main/Test//ENT_474.entity_inst
/Main/Test//ENT_475.entity_inst
/Main/Test//ENT_476.entity_inst
/Main/Test//ENT_477.entity_inst
/Main/Test//ENT_478.entity_inst
/Main/Test//ENT_479.entity_inst
/Main/Test//ENT_480.entity_inst
/Main/Test//ENT_481.entity_inst
/Main/Test//ENT_482.entity_inst
/Main/Test//ENT_483.entity_inst
/Main/Test//ENT_484.entity_inst
/Main/Test//ENT_485.entity_inst
/Main/Test//ENT_486.entity_inst
/Main/Test//ENT_487.entity_inst
/Main/Test//ENT_488.entity_inst
/Main/Test//ENT_489.entity_inst
/Main/Test//ENT_490.entity_inst
/Main/Test//ENT_491.entity_inst
/Main/Test//ENT_492.entity_inst
/Main/Test//ENT_493.entity_inst
/Main/Test//ENT_494.entity_inst
/Main/Test//ENT_495.entity_inst
/Main/Test//ENT_496.entity_inst
/Main/Test//ENT_497.entity_inst
/Main/Test//ENT_498.entity_inst
/Main/Test//ENT_499.entity_inst
/Main/Test//ENT_500.entity_inst
/Main/Test//ENT_501.entity_inst
/Main/Test//ENT_502.entity_inst
/Main/Test//ENT_503.entity_inst
/Main/Test//ENT_504.entity_inst
/Main/Test//ENT_505.entity_inst
/Main/Test//ENT_506.entity_inst
/Main/Test//ENT_511.entity_inst
/Main/Test//ENT_512.entity_inst
/Main/Test//ENT_513.entity_inst
/Main/Test//ENT_514.entity_inst
/Main/Test//ENT_515.entity_inst
/Main/Test//ENT_516.entity_inst
/Main/Test//ENT_517.entity_inst
/Main/Test//ENT_518.entity_inst
/Main/Test//ENT_519.entity_inst
/Main/Test//ENT_520.entity_inst
/Main/Test//ENT_521.entity_inst
/Main/Test//ENT_523.entity_inst
/Main/Test//ENT_524.entity_inst
/Main/Test//ENT_525.entity_inst
/Main/Test//ENT_526.entity_inst
/Main/Test//ENT_527.entity_inst
/Main/Test//ENT_528.entity_inst
/Main/Test//ENT_529.entity_inst
/Main/Test//ENT_530.entity_inst
/Main/Test//ENT_531.entity_inst
/Main/Test//ENT_532.entity_inst
/Main/Test//ENT_533.entity_inst
/Main/Test//ENT_534.entity_inst
/Main/Test//ENT_535.entity_inst
/Main/Test//ENT_536.entity_inst
/Main/Test//ENT_537.entity_inst
/Main/Test//ENT_538.entity_inst
/Main/Test//ENT_539.entity_inst
/Main/Test//ENT_540.entity_inst
/Main/Test//ENT_541.entity_inst
/Main/Test//ENT_542.entity_inst
/Main/Test//ENT_543.entity_inst
/Main/Test//ENT_544.entity_inst
/Main/Test//ENT_545.entity_inst
/Main/Test//ENT_546.entity_inst
/Main/Test//ENT_547.entity_inst
/Main/Test//ENT_548.entity_inst
/Main/Test//ENT_549.entity_inst
/Main/Test//ENT_550.entity_inst
/Main/Test//ENT_551.entity_inst
/Main/Test//ENT_552.entity_inst
/Main/Test//ENT_553.entity_inst
/Main/Test//ENT_554.entity_inst
/Main/Test//ENT_555.entity_inst
/Main/Test//ENT_556.entity_inst
/Main/Test//ENT_557.entity_inst
/Main/Test//ENT_558.entity_inst
/Main/Test//ENT_559.entity_inst
/Main/Test//ENT_560.entity_inst
/Main/Test//ENT_561.entity_inst
/Main/Test//ENT_564.entity_inst
/Main/Test//ENT_565.entity_inst
/Main/Test//ENT_566.entity_inst
/Main/Test//ENT_567.entity_inst
/Main/Test//ENT_568.entity_inst
/Main/Test//ENT_569.entity_inst
/Main/Test//ENT_570.entity_inst
/Main/Test//ENT_572.entity_inst
/Main/Test//ENT_573.entity_inst
/Main/Test//ENT_574.entity_inst
/Main/Test//ENT_575.entity_inst
/Main/Test//ENT_576.entity_inst
/Main/Test//ENT_577.entity_inst
/Main/Test//ENT_578.entity_inst
/Main/Test//ENT_579.entity_inst
/Main/Test//ENT_580.entity_inst
/Main/Test//ENT_581.entity_inst
/Main/Test//ENT_582.entity_inst
/Main/Test//ENT_583.entity_inst
/Main/Test//ENT_585.entity_inst
/Main/Test//ENT_586.entity_inst
/Main/Test//ENT_587.entity_inst
/Main/Test//ENT_588.entity_inst
/Main/Test//ENT_589.entity_inst
/Main/Test//ENT_590.entity_inst
/Main/Test//ENT_591.entity_inst
/Main/Test//ENT_592.entity_inst
/Main/Test//ENT_593.entity_inst
/Main/Test//ENT_594.entity_inst
/Main/Test//ENT_595.entity_inst
/Main/Test//ENT_596.entity_inst
/Main/Test//ENT_597.entity_inst
/Main/Test//ENT_598.entity_inst
/Main/Test//ENT_599.entity_inst
/Main/Test//ENT_600.entity_inst
/Main/Test//ENT_601.entity_inst
/Main/Test//ENT_602.entity_inst
/Main/Test//ENT_603.entity_inst
/Main/Test//ENT_604.entity_inst
/Main/Test//ENT_605.entity_inst
/Main/Test//ENT_606.entity_inst
/Main/Test//ENT_607.entity_inst
/Main/Test//ENT_608.entity_inst
/Main/Test//ENT_609.entity_inst
/Main/Test//ENT_610.entity_inst
/Main/Test//ENT_611.entity_inst
/Main/Test//ENT_612.entity_inst
/Main/Test//ENT_613.entity_inst
/Main/Test//ENT_614.entity_inst
/Main/Test//ENT_615.entity_inst
/Main/Test//ENT_616.entity_inst
/Main/Test//ENT_621.entity_inst
/Main/Test//ENT_622.entity_inst
/Main/Test//ENT_623.entity_inst
/Main/Test//ENT_624.entity_inst
/Main/Test//ENT_625.entity_inst
/Main/Test//ENT_627.entity_inst
/Main/Test//ENT_628.entity_inst
/Main/Test//ENT_629.entity_inst
/Main/Test//ENT_630.entity_inst
/Main/Test//ENT_631.entity_inst
/Main/Test//ENT_632.entity_inst
/Main/Test//ENT_633.entity_inst
/Main/Test//ENT_634.entity_inst
/Main/Test//ENT_637.entity_inst
/Main/Test//ENT_638.entity_inst
/Main/Test//ENT_639.entity_inst
/Main/Test//ENT_640.entity_inst
/Main/Test//ENT_641.entity_inst
/Main/Test//ENT_642.entity_inst
/Main/Test//ENT_643.entity_inst
/Main/Test//ENT_644.entity_inst
/Main/Test//ENT_645.entity_inst
/Main/Test//ENT_646.entity_inst
/Main/Test//ENT_647.entity_inst
/Main/Test//ENT_648.entity_inst
/Main/Test//ENT_650.entity_inst
/Main/Test//ENT_651.entity_inst
/Main/Test//ENT_652.entity_inst
/Main/Test//ENT_653.entity_inst
/Main/Test//ENT_654.entity_inst
/Main/Test//ENT_655.entity_inst
/Main/Test//ENT_657.entity_inst
/Main/Test//ENT_658.entity_inst
/Main/Test//ENT_659.entity_inst
/Main/Test//ENT_660.entity_inst
/Main/Test//ENT_661.entity_inst
/Main/Test//ENT_662.entity_inst
/Main/Test//ENT_663.entity_inst
/Main/Test//ENT_664.entity_inst
/Main/Test//ENT_665.entity_inst
/Main/Test//ENT_666.entity_inst
/Main/Test//ENT_667.entity_inst
/Main/Test//ENT_668.entity_inst
/Main/Test//ENT_669.entity_inst
/Main/Test//ENT_670.entity_inst
/Main/Test//ENT_671.entity_inst
/Main/Test//ENT_672.entity_inst
/Main/Test//ENT_673.entity_inst
/Main/Test//ENT_674.entity_inst
/Main/Test//ENT_675.entity_inst
/Main/Test//ENT_676.entity_inst
/Main/Test//ENT_677.entity_inst
/Main/Test//ENT_678.entity_inst
/Main/Test//ENT_679.entity_inst
/Main/Test//ENT_680.entity_inst
/Main/Test//ENT_681.entity_inst
/Main/Test//ENT_682.entity_inst
/Main/Test//ENT_683.entity_inst
/Main/Test//ENT_684.entity_inst
/Main/Test//ENT_685.entity_inst
/Main/Test//ENT_687.entity_inst
/Main/Test//ENT_688.entity_inst
/Main/Test//ENT_689.entity_inst
/Main/Test//ENT_690.entity_inst
/Main/Test//ENT_691.entity_inst
/Main/Test//ENT_692.entity_inst
/Main/Test//ENT_693.entity_inst
/Main/Test//ENT_694.entity_inst
/Main/Test//ENT_695.entity_inst
/Main/Test//ENT_696.entity_inst
/Main/Test//ENT_698.entity_inst
/Main/Test//ENT_699.entity_inst
/Main/Test//ENT_700.entity_inst
/Main/Test//ENT_701.entity_inst
/Main/Test//ENT_702.entity_inst
/Main/Test//ENT_703.entity_inst
/Main/Test//ENT_704.entity_inst
/Main/Test//ENT_705.entity_inst
/Main/Test//ENT_706.entity_inst
/Main/Test//ENT_707.entity_inst
/Main/Test//ENT_708.entity_inst
/Main/Test//ENT_709.entity_inst
/Main/Test//ENT_710.entity_inst
/Main/Test//ENT_711.entity_inst
/Main/Test//ENT_712.entity_inst
/Main/Test//ENT_713.entity_inst
/Main/Test//ENT_714.entity_inst
/Main/Test//ENT_715.entity_inst
/Main/Test//ENT_716.entity_inst
/Main/Test//ENT_717.entity_inst
/Main/Test//ENT_718.entity_inst
/Main/Test//ENT_719.entity_inst
/Main/Test//ENT_720.entity_inst
/Main/Test//ENT_721.entity_inst
/Main/Test//ENT_722.entity_inst
/Main/Test//ENT_723.entity_inst
/Main/Test//ENT_724.entity_inst
/Main/Test//ENT_725.entity_inst
/Main/Test//ENT_726.entity_inst
/Main/Test//ENT_727.entity_inst
/Main/Test//ENT_728.entity_inst
/Main/Test//ENT_729.entity_inst
/Main/Test//ENT_730.entity_inst
/Main/Test//ENT_731.entity_inst
/Main/Test//ENT_732.entity_inst
/Main/Test//ENT_733.entity_inst
/Main/Test//ENT_734.entity_inst
/Main/Test//ENT_735.entity_inst
/Main/Test//ENT_736.entity_inst
/Main/Test//ENT_737.entity_inst
/Main/Test//ENT_738.entity_inst
/Main/Test//ENT_739.entity_inst
/Main/Test//ENT_740.entity_inst
/Main/Test//ENT_741.entity_inst
/Main/Test//ENT_742.entity_inst
/Main/Test//ENT_743.entity_inst
/Main/Test//ENT_744.entity_inst
/Main/Test//ENT_745.entity_inst
/Main/Test//ENT_746.entity_inst
/Main/Test//ENT_747.entity_inst
/Main/Test//ENT_748.entity_inst
/Main/Test//ENT_749.entity_inst
/Main/Test//ENT_750.entity_inst
/Main/Test//ENT_751.entity_inst
/Main/Test//ENT_752.entity_inst
/Main/Test//ENT_753.entity_inst
/Main/Test//ENT_754.entity_inst
/Main/Test//ENT_774.entity_inst
/Main/Test//ENT_756.entity_inst
/Main/Test//ENT_757.entity_inst
/Main/Test//ENT_758.entity_inst
/Main/Test//ENT_759.entity_inst
/Main/Test//ENT_760.entity_inst
/Main/Test//ENT_761.entity_inst
/Main/Test//ENT_762.entity_inst
/Main/Test//ENT_763.entity_inst
/Main/Test//ENT_764.entity_inst
/Main/Test//ENT_765.entity_inst
/Main/Test//ENT_766.entity_inst
/Main/Test//ENT_767.entity_inst
/Main/Test//ENT_768.entity_inst
/Main/Test//ENT_769.entity_inst
/Main/Test//ENT_770.entity_inst
/Main/Test//ENT_771.entity_inst
/Main/Test//ENT_772.entity_inst
/Main/Test//ENT_773.entity_inst
/Main/Test//ENT_775.entity_inst
/Main/Test//ENT_776.entity_inst
/Main/Test//ENT_777.entity_inst
/Main/Test//ENT_778.entity_inst
/Main/Test//ENT_779.entity_inst
/Main/Test//ENT_780.entity_inst
/Main/Test//ENT_781.entity_inst
/Main/Test//ENT_782.entity_inst
/Main/Test//ENT_783.entity_inst
/Main/Test//ENT_784.entity_inst
/Main/Test//ENT_785.entity_inst
/Main/Test//ENT_786.entity_inst
/Main/Test//ENT_787.entity_inst
/Main/Test//ENT_788.entity_inst
/Main/Test//ENT_789.entity_inst
/Main/Test//ENT_790.entity_inst
/Main/Test//ENT_791.entity_inst
/Main/Test//ENT_792.entity_inst
/Main/Test//ENT_793.entity_inst
/Main/Test//ENT_794.entity_inst
/Main/Test//ENT_795.entity_inst
/Main/Test//ENT_796.entity_inst
/Main/Test//ENT_797.entity_inst
/Main/Test//ENT_798.entity_inst
/Main/Test//ENT_799.entity_inst
/Main/Test//ENT_800.entity_inst
/Main/Test//ENT_801.entity_inst
/Main/Test//ENT_802.entity_inst
/Main/Test//ENT_803.entity_inst
/Main/Test//ENT_804.entity_inst
/Main/Test//ENT_805.entity_inst
/Main/Test//ENT_806.entity_inst
/Main/Test//ENT_807.entity_inst
/Main/Test//ENT_808.entity_inst
/Main/Test//ENT_809.entity_inst
/Main/Test//ENT_810.entity_inst
/Main/Test//ENT_811.entity_inst
/Main/Test//ENT_812.entity_inst
/Main/Test//ENT_813.entity_inst
/Main/Test//ENT_814.entity_inst
/Main/Test//ENT_815.entity_inst
/Main/Test//ENT_816.entity_inst
/Main/Test//ENT_817.entity_inst
/Main/Test//ENT_818.entity_inst
/Main/Test//ENT_819.entity_inst
/Main/Test//ENT_820.entity_inst
/Main/Test//ENT_821.entity_inst
/Main/Test//ENT_822.entity_inst
/Main/Test//ENT_823.entity_inst
/Main/Test//ENT_824.entity_inst
/Main/Test//ENT_825.entity_inst
/Main/Test//ENT_826.entity_inst
/Main/Test//ENT_827.entity_inst
/Main/Test//ENT_HKDecor1828.entity_inst
/Main/Test//ENT_HKDecor1829.entity_inst
/Main/Test//ENT_HKDecor1830.entity_inst
/Main/Test//ENT_HKDecor1831.entity_inst
/Main/Test//ENT_HKDecor1832.entity_inst
/Main/Test//ENT_HKDecor1833.entity_inst
/Main/Test//ENT_HKDecor1834.entity_inst
/Main/Test//ENT_HKDecor1835.entity_inst
/Main/Test//ENT_HKDecor1836.entity_inst
/Main/Test//ENT_HKDecor1837.entity_inst
/Main/Test//ENT_HKDecor1838.entity_inst
/Main/Test//ENT_HKDecor1839.entity_inst
/Main/Test//ENT_HKDecor1840.entity_inst
/Main/Test//ENT_HKDecor1841.entity_inst
/Main/Test//ENT_HKDecor1842.entity_inst
/Main/Test//ENT_HKDecor1843.entity_inst
/Main/Test//ENT_HKDecor1844.entity_inst
/Main/Test//ENT_HKdecor2845.entity_inst
/Main/Test//ENT_HKdecor2846.entity_inst
/Main/Test//ENT_HKdecor2847.entity_inst
/Main/Test//ENT_HKdecor2848.entity_inst
/Main/Test//ENT_HKdecor2849.entity_inst
/Main/Test//ENT_HKdecor2850.entity_inst
/Main/Test//ENT_HKdecor2851.entity_inst
/Main/Test//ENT_HKdecor2852.entity_inst
/Main/Test//ENT_HKdecor2853.entity_inst
/Main/Test//ENT_HKdecor3854.entity_inst
/Main/Test//ENT_HKdecor3855.entity_inst
/Main/Test//ENT_HKdecor3856.entity_inst
/Main/Test//ENT_HKdecor3857.entity_inst
/Main/Test//ENT_HKdecor3858.entity_inst
/Main/Test//ENT_HKdecor3859.entity_inst
/Main/Test//ENT_HKdecor3860.entity_inst
/Main/Test//ENT_HKdecor3861.entity_inst
/Main/Test//ENT_HKdecor3862.entity_inst
/Main/Test//ENT_HKdecor3863.entity_inst
/Main/Test//ENT_HKdecor3864.entity_inst
/Main/Test//ENT_Asteroid1865.entity_inst
/Main/Test//ENT_Asteroid1866.entity_inst
/Main/Test//ENT_Asteroid1867.entity_inst
/Main/Test//ENT_Asteroid1868.entity_inst
/Main/Test//ENT_Asteroid1869.entity_inst
/Main/Test//ENT_Asteroid1870.entity_inst
/Main/Test//ENT_Asteroid1871.entity_inst
/Main/Test//ENT_Asteroid1872.entity_inst
/Main/Test//ENT_Asteroid1873.entity_inst
/Main/Test//ENT_Asteroid1874.entity_inst
/Main/Test//ENT_Asteroid1875.entity_inst
/Main/Test//ENT_Asteroid1876.entity_inst
/Main/Test//ENT_Asteroid1877.entity_inst
/Main/Test//ENT_Asteroid1878.entity_inst
/Main/Test//ENT_Asteroid3879.entity_inst
/Main/Test//ENT_Asteroid3880.entity_inst
/Main/Test//ENT_Asteroid3881.entity_inst
/Main/Test//ENT_Asteroid3882.entity_inst
/Main/Test//ENT_Asteroid3883.entity_inst
/Main/Test//ENT_Asteroid3884.entity_inst
/Main/Test//ENT_Asteroid3885.entity_inst
/Main/Test//ENT_Asteroid3886.entity_inst
/Main/Test//ENT_Asteroid3887.entity_inst
/Main/Test//ENT_Asteroid3888.entity_inst
/Main/Test//ENT_Asteroid1_big889.entity_inst
/Main/Test//ENT_Asteroid1_big890.entity_inst
/Main/Test//ENT_Asteroid1_big891.entity_inst
/Main/Test//ENT_Asteroid1_big892.entity_inst
/Main/Test//ENT_Asteroid1_big893.entity_inst
/Main/Test//ENT_Asteroid1_big894.entity_inst
/Main/Test//ENT_Asteroid1_big895.entity_inst
/Main/Test//ENT_Asteroid1_big896.entity_inst
/Main/Test//ENT_Asteroid1_big897.entity_inst
/Main/Test//ENT_HKdecor3898.entity_inst
/Main/Test//ENT_HKdecor3899.entity_inst
/Main/Test//ENT_HKdecor3900.entity_inst
/Main/Test//ENT_HKdecor3901.entity_inst
/Main/Test//ENT_HKdecor3902.entity_inst
/Main/Test//ENT_HKdecor3903.entity_inst
/Main/Test//ENT_HKdecor3904.entity_inst
/Main/Test//ENT_HKdecor3905.entity_inst
/Main/Test//ENT_HKdecor3906.entity_inst
/Main/Test//ENT_HKdecor3907.entity_inst
/Main/Test//ENT_HKdecor3908.entity_inst
/Main/Test//ENT_HKdecor3909.entity_inst
/Main/Test//ENT_HKdecor3910.entity_inst
/Main/Test//ENT_HKdecor3911.entity_inst
/Main/Test//ENT_HKdecor3912.entity_inst
/Main/Test//ENT_HKdecor3913.entity_inst
/Main/Test//ENT_HKDecor2914.entity_inst
/Main/Test//ENT_HKDecor2915.entity_inst
/Main/Test//ENT_HKDecor2916.entity_inst
/Main/Test//ENT_HKDecor2917.entity_inst
/Main/Test//ENT_HKDecor2918.entity_inst
/Main/Test//ENT_HKDecor2919.entity_inst
/Main/Test//ENT_HKDecor2920.entity_inst
/Main/Test//ENT_HKDecor2921.entity_inst
/Main/Test//ENT_HKDecor2922.entity_inst
/Main/Test//ENT_HKDecor2923.entity_inst
/Main/Test//ENT_HKDecor2924.entity_inst
/Main/Test//ENT_HKDecor2925.entity_inst
/Main/Test//ENT_HKDecor2926.entity_inst
/Main/Test//ENT_HKDecor2927.entity_inst
/Main/Test//ENT_HKDecor2928.entity_inst
/Main/Test//ENT_HKDecor2929.entity_inst
/Main/Test//ENT_HKDecor2930.entity_inst
/Main/Test//ENT_HKDecor2931.entity_inst
/Main/Test//ENT_HKDecor2932.entity_inst
/Main/Test//ENT_HKDecor2933.entity_inst
/Main/Test//ENT_HKDecor2934.entity_inst
/Main/Test//ENT_HKDecor2935.entity_inst
/Main/Test//ENT_HKDecor2936.entity_inst
/Main/Test//ENT_HKdecor3937.entity_inst
/Main/Test//ENT_HKdecor3938.entity_inst
/Main/Test//ENT_HKdecor3939.entity_inst
/Main/Test//ENT_HKdecor3940.entity_inst
/Main/Test//ENT_HKdecor3941.entity_inst
/Main/Test//ENT_HKdecor3942.entity_inst
/Main/Test//ENT_HKdecor3943.entity_inst
/Main/Test//ENT_HKdecor3944.entity_inst
/Main/Test//ENT_HKdecor3945.entity_inst
/Main/Test//ENT_HKdecor3946.entity_inst
/Main/Test//ENT_HKdecor3947.entity_inst
/Main/Test//ENT_HKdecor3948.entity_inst
/Main/Test//ENT_HKdecor3949.entity_inst
/Main/Test//ENT_HKdecor3950.entity_inst
/Main/Test//ENT_HKdecor3951.entity_inst
/Main/Test//ENT_HKdecor3952.entity_inst
/Main/Test//ENT_HKdecor3953.entity_inst
/Main/Test//ENT_HKdecor3954.entity_inst
/Main/Test//ENT_HKdecor3955.entity_inst
/Main/Test//ENT_HKdecor3956.entity_inst
/Main/Test//ENT_HKdecor3957.entity_inst
/Main/Test//ENT_HKdecor3958.entity_inst
/Main/Test//ENT_Asteroid1959.entity_inst
/Main/Test//ENT_Asteroid1960.entity_inst
/Main/Test//ENT_Asteroid1961.entity_inst
/Main/Test//ENT_Asteroid1962.entity_inst
/Main/Test//ENT_Asteroid1963.entity_inst
/Main/Test//ENT_Asteroid1964.entity_inst
/Main/Test//ENT_Asteroid1965.entity_inst
/Main/Test//ENT_Asteroid1966.entity_inst
/Main/Test//ENT_Asteroid1967.entity_inst
/Main/Test//ENT_Asteroid1968.entity_inst
/Main/Test//ENT_Asteroid1969.entity_inst
/Main/Test//ENT_Asteroid1970.entity_inst
/Main/Test//ENT_Asteroid1971.entity_inst
/Main/Test//ENT_Asteroid1972.entity_inst
/Main/Test//ENT_Asteroid1973.entity_inst
/Main/Test//ENT_Asteroid1974.entity_inst
/Main/Test//ENT_Asteroid1975.entity_inst
/Main/Test//ENT_Asteroid1976.entity_inst
/Main/Test//ENT_Asteroid1977.entity_inst
/Main/Test//ENT_Asteroid1978.entity_inst
/Main/Test//ENT_Asteroid1979.entity_inst
/Main/Test//ENT_Asteroid1980.entity_inst
/Main/Test//ENT_Asteroid1981.entity_inst
/Main/Test//ENT_Asteroid1982.entity_inst
/Main/Test//ENT_Asteroid1983.entity_inst
/Main/Test//ENT_Asteroid1984.entity_inst
/Main/Test//ENT_Asteroid1985.entity_inst
/Main/Test//ENT_Asteroid1986.entity_inst
/Main/Test//ENT_Asteroid1987.entity_inst
/Main/Test//ENT_Asteroid1988.entity_inst
/Main/Test//ENT_Asteroid1989.entity_inst
/Main/Test//ENT_Asteroid1990.entity_inst
/Main/Test//ENT_Asteroid1991.entity_inst
/Main/Test//ENT_Asteroid1992.entity_inst
/Main/Test//ENT_Asteroid1993.entity_inst
/Main/Test//ENT_Asteroid1994.entity_inst
/Main/Test//ENT_Asteroid1995.entity_inst
/Main/Test//ENT_Asteroid2996.entity_inst
/Main/Test//ENT_Asteroid2997.entity_inst
/Main/Test//ENT_Asteroid2998.entity_inst
/Main/Test//ENT_Asteroid2999.entity_inst
/Main/Test//ENT_Asteroid21000.entity_inst
/Main/Test//ENT_Asteroid21001.entity_inst
/Main/Test//ENT_Asteroid21002.entity_inst
/Main/Test//ENT_Asteroid21003.entity_inst
/Main/Test//ENT_Asteroid21004.entity_inst
/Main/Test//ENT_Asteroid21005.entity_inst
/Main/Test//ENT_Asteroid21006.entity_inst
/Main/Test//ENT_Asteroid21007.entity_inst
/Main/Test//ENT_Asteroid21008.entity_inst
/Main/Test//ENT_Asteroid21009.entity_inst
/Main/Test//ENT_Asteroid21010.entity_inst
/Main/Test//ENT_Asteroid21011.entity_inst
/Main/Test//ENT_Asteroid21012.entity_inst
/Main/Test//ENT_Asteroid21013.entity_inst
/Main/Test//ENT_Asteroid21014.entity_inst
/Main/Test//ENT_Asteroid21015.entity_inst
/Main/Test//ENT_Asteroid21016.entity_inst
/Main/Test//ENT_Asteroid21017.entity_inst
/Main/Test//ENT_Asteroid21018.entity_inst
/Main/Test//ENT_Asteroid21019.entity_inst
/Main/Test//ENT_Asteroid21020.entity_inst
/Main/Test//ENT_Asteroid21021.entity_inst
/Main/Test//ENT_Asteroid21022.entity_inst
/Main/Test//ENT_Asteroid21023.entity_inst
/Main/Test//ENT_Asteroid21024.entity_inst
/Main/Test//ENT_Asteroid31025.entity_inst
/Main/Test//ENT_Asteroid31026.entity_inst
/Main/Test//ENT_Asteroid31027.entity_inst
/Main/Test//ENT_Asteroid31028.entity_inst
/Main/Test//ENT_Asteroid31029.entity_inst
/Main/Test//ENT_Asteroid31030.entity_inst
/Main/Test//ENT_Asteroid31031.entity_inst
/Main/Test//ENT_Asteroid31032.entity_inst
/Main/Test//ENT_Asteroid31033.entity_inst
/Main/Test//ENT_Asteroid31034.entity_inst
/Main/Test//ENT_Asteroid31035.entity_inst
/Main/Test//ENT_Asteroid31036.entity_inst
/Main/Test//ENT_Asteroid31037.entity_inst
/Main/Test//ENT_Asteroid31038.entity_inst
/Main/Test//ENT_Asteroid31039.entity_inst
/Main/Test//ENT_Asteroid31040.entity_inst
/Main/Test//ENT_Asteroid31041.entity_inst
/Main/Test//ENT_Asteroid31042.entity_inst
/Main/Test//ENT_Asteroid31043.entity_inst
/Main/Test//ENT_Asteroid31044.entity_inst
/Main/Test//ENT_Asteroid31045.entity_inst
/Main/Test//ENT_Asteroid31046.entity_inst
/Main/Test//ENT_Asteroid31047.entity_inst
/Main/Test//ENT_Asteroid31048.entity_inst
/Main/Test//ENT_Asteroid31049.entity_inst
/Main/Test//ENT_Asteroid31050.entity_inst
/Main/Test//ENT_Asteroid31051.entity_inst
/Main/Test//ENT_Asteroid1_big1052.entity_inst
/Main/Test//ENT_Asteroid1_big1053.entity_inst
/Main/Test//ENT_Asteroid1_big1054.entity_inst
/Main/Test//ENT_Asteroid1_big1055.entity_inst
/Main/Test//ENT_Asteroid1_big1056.entity_inst
/Main/Test//ENT_Asteroid1_big1057.entity_inst
/Main/Test//ENT_Asteroid1_big1058.entity_inst
/Main/Test//ENT_Asteroid1_big1059.entity_inst
/Main/Test//ENT_Asteroid1_big1060.entity_inst
/Main/Test//ENT_Asteroid1_big1061.entity_inst
/Main/Test//ENT_Asteroid1_big1062.entity_inst
/Main/Test//ENT_Asteroid1_big1063.entity_inst
/Main/Test//ENT_Asteroid1_big1064.entity_inst
/Main/Test//ENT_Asteroid1_big1065.entity_inst
/Main/Test//ENT_Asteroid1_big1066.entity_inst
/Main/Test//ENT_Asteroid1_big1067.entity_inst
/Main/Test//ENT_Asteroid1_big1068.entity_inst
/Main/Test//ENT_Asteroid1_big1069.entity_inst
/Main/Test//ENT_Asteroid1_big1070.entity_inst
/Main/Test//ENT_Asteroid1_big1071.entity_inst
/Main/Test//ENT_Asteroid1_big1072.entity_inst
/Main/Test//ENT_Asteroid1_big1073.entity_inst
/Main/Test//ENT_Asteroid1_big1074.entity_inst
/Main/Test//ENT_Asteroid1_big1075.entity_inst
/Main/Test//ENT_Asteroid1_big1076.entity_inst
/Main/Test//ENT_Asteroid1_big1077.entity_inst
/Main/Test//ENT_Asteroid1_big1078.entity_inst
/Main/Test//ENT_Asteroid1_big1079.entity_inst
/Main/Test//ENT_Asteroid1_big1080.entity_inst
/Main/Test//ENT_Asteroid1_big1081.entity_inst
/Main/Test//ENT_Asteroid1_vbig1082.entity_inst
/Main/Test//ENT_Asteroid1_vbig1083.entity_inst
/Main/Test//ENT_Asteroid1_vbig1084.entity_inst
/Main/Test//ENT_Asteroid1_vbig1085.entity_inst
/Main/Test//ENT_Asteroid1_vbig1086.entity_inst
/Main/Test//ENT_Asteroid1_vbig1087.entity_inst
/Main/Test//ENT_Asteroid1_vbig1088.entity_inst
/Main/Test//ENT_Asteroid1_vbig1089.entity_inst
/Main/Test//ENT_Asteroid1_vbig1090.entity_inst
/Main/Test//ENT_Asteroid1_vbig1091.entity_inst
/Main/Test//ENT_Asteroid1_vbig1092.entity_inst
/Main/Test//ENT_Asteroid1_vbig1093.entity_inst
/Main/Test//ENT_Asteroid1_vbig1094.entity_inst
/Main/Test//ENT_Asteroid1_vbig1095.entity_inst
/Main/Test//ENT_HKFactoryBroken21099.entity_inst
/Main/Test//ENT_HKFactoryBroken1097.entity_inst
/Main/Test//ENT_HKFactoryBroken1098.entity_inst
/Main/Test//ENT_HKFactoryBroken21100.entity_inst
/Main/Test//ENT_HKFactoryBroken21101.entity_inst
/Main/Test//ENT_HKFactoryBroken21102.entity_inst
/Main/Test//ENT_LadaiNeuva11103.entity_inst
/Main/Test//ENT_LadaiNeuva11104.entity_inst
/Main/Test//ENT_LadaiNeuva11105.entity_inst
/Main/Test//ENT_LadaiNeuva11106.entity_inst
/Main/Test//ENT_LadaiNeuva11107.entity_inst
/Main/Test//ENT_LadaiNeuva11108.entity_inst
/Main/Test//ENT_LadaiNeuva11109.entity_inst
/Main/Test//ENT_LadaiNeuva11110.entity_inst
/Main/Test//ENT_LadaiNeuva11111.entity_inst
/Main/Test//ENT_LadaiGhadzel11112.entity_inst
/Main/Test//ENT_LadaiGhadzel11113.entity_inst
/Main/Test//ENT_LadaiGhadzel11114.entity_inst
/Main/Test//ENT_LadaiGhadzel11115.entity_inst
/Main/Test//ENT_LadaiGhadzel11116.entity_inst
/Main/Test//ENT_LadaiGhadzel11117.entity_inst
/Main/Test//ENT_LadaiGhadzel11118.entity_inst
/Main/Test//ENT_LadaiGhadzel11119.entity_inst
/Main/Test//ENT_LadaiGhadzel11120.entity_inst
/Main/Test//ENT_LadaiZhigyulai11121.entity_inst
/Main/Test//ENT_LadaiZhigyulai11122.entity_inst
/Main/Test//ENT_LadaiZhigyulai11123.entity_inst
/Main/Test//ENT_LadaiZhigyulai11124.entity_inst
/Main/Test//ENT_LadaiZhigyulai11125.entity_inst
/Main/Test//ENT_LadaiZhigyulai11126.entity_inst
/Main/Test//ENT_LadaiZhigyulai11127.entity_inst
/Main/Test//ENT_LadaiZhigyulai11128.entity_inst
/Main/Test//ENT_LadaiZhigyulai11129.entity_inst
