/Main/Test2/ENT_LadaiNeuva13.entity_inst
/Main/Test2/ENT_LadaiNeuva14.entity_inst
/Main/Test2/ENT_LadaiNeuva15.entity_inst
/Main/Test2/ENT_LadaiNeuva16.entity_inst
/Main/Test2/ENT_LadaiNeuva17.entity_inst
/Main/Test2/ENT_LadaiNeuva18.entity_inst
/Main/Test2/ENT_LadaiNeuva19.entity_inst
/Main/Test2/ENT_LadaiNeuva110.entity_inst
/Main/Test2/ENT_LadaiNeuva111.entity_inst
/Main/Test2/ENT_LadaiNeuva112.entity_inst
/Main/Test2/ENT_LadaiNeuva113.entity_inst
/Main/Test2/ENT_NewBase14.entity_inst
/Main/Test2/ENT_NewBase15.entity_inst
/Main/Test2/ENT_LadaiNeuva116.entity_inst
/Main/Test2/ENT_YoungMeBase17.entity_inst
/Main/Test2/ENT_Asteroid118.entity_inst
/Main/Test2/ENT_Asteroid119.entity_inst
/Main/Test2/ENT_Asteroid120.entity_inst
/Main/Test2/ENT_Asteroid121.entity_inst
/Main/Test2/ENT_Asteroid122.entity_inst
/Main/Test2/ENT_Asteroid123.entity_inst
/Main/Test2/ENT_Asteroid124.entity_inst
/Main/Test2/ENT_Asteroid125.entity_inst
/Main/Test2/ENT_Asteroid126.entity_inst
/Main/Test2/ENT_Asteroid127.entity_inst
/Main/Test2/ENT_Asteroid128.entity_inst
/Main/Test2/ENT_Asteroid129.entity_inst
/Main/Test2/ENT_Asteroid130.entity_inst
/Main/Test2/ENT_Asteroid131.entity_inst
/Main/Test2/ENT_Asteroid132.entity_inst
/Main/Test2/ENT_Asteroid133.entity_inst
/Main/Test2/ENT_Asteroid134.entity_inst
/Main/Test2/ENT_Asteroid135.entity_inst
/Main/Test2/ENT_Asteroid136.entity_inst
/Main/Test2/ENT_Asteroid137.entity_inst
/Main/Test2/ENT_Asteroid138.entity_inst
/Main/Test2/ENT_Asteroid139.entity_inst
/Main/Test2/ENT_Asteroid140.entity_inst
/Main/Test2/ENT_Asteroid141.entity_inst
/Main/Test2/ENT_Asteroid142.entity_inst
/Main/Test2/ENT_Asteroid143.entity_inst
/Main/Test2/ENT_Asteroid144.entity_inst
/Main/Test2/ENT_Asteroid145.entity_inst
/Main/Test2/ENT_Asteroid146.entity_inst
/Main/Test2/ENT_Asteroid147.entity_inst
/Main/Test2/ENT_Asteroid148.entity_inst
/Main/Test2/ENT_Asteroid149.entity_inst
/Main/Test2/ENT_Asteroid150.entity_inst
/Main/Test2/ENT_Asteroid151.entity_inst
/Main/Test2/ENT_Asteroid152.entity_inst
/Main/Test2/ENT_Asteroid153.entity_inst
/Main/Test2/ENT_Asteroid154.entity_inst
/Main/Test2/ENT_Asteroid155.entity_inst
/Main/Test2/ENT_Asteroid156.entity_inst
/Main/Test2/ENT_Asteroid157.entity_inst
/Main/Test2/ENT_Asteroid158.entity_inst
/Main/Test2/ENT_Asteroid159.entity_inst
/Main/Test2/ENT_Asteroid160.entity_inst
/Main/Test2/ENT_Asteroid161.entity_inst
/Main/Test2/ENT_Asteroid162.entity_inst
/Main/Test2/ENT_Asteroid163.entity_inst
/Main/Test2/ENT_Asteroid164.entity_inst
/Main/Test2/ENT_Asteroid165.entity_inst
/Main/Test2/ENT_Asteroid166.entity_inst
/Main/Test2/ENT_Asteroid167.entity_inst
/Main/Test2/ENT_Asteroid168.entity_inst
/Main/Test2/ENT_Asteroid169.entity_inst
/Main/Test2/ENT_Asteroid170.entity_inst
/Main/Test2/ENT_Asteroid171.entity_inst
/Main/Test2/ENT_Asteroid172.entity_inst
/Main/Test2/ENT_Asteroid173.entity_inst
/Main/Test2/ENT_Asteroid174.entity_inst
/Main/Test2/ENT_Asteroid175.entity_inst
/Main/Test2/ENT_Asteroid176.entity_inst
/Main/Test2/ENT_Asteroid177.entity_inst
/Main/Test2/ENT_Asteroid178.entity_inst
/Main/Test2/ENT_Asteroid179.entity_inst
/Main/Test2/ENT_Asteroid180.entity_inst
/Main/Test2/ENT_Asteroid181.entity_inst
/Main/Test2/ENT_Asteroid182.entity_inst
/Main/Test2/ENT_Asteroid183.entity_inst
/Main/Test2/ENT_Asteroid184.entity_inst
/Main/Test2/ENT_Asteroid185.entity_inst
/Main/Test2/ENT_Asteroid186.entity_inst
/Main/Test2/ENT_Asteroid187.entity_inst
/Main/Test2/ENT_Asteroid188.entity_inst
/Main/Test2/ENT_Asteroid189.entity_inst
/Main/Test2/ENT_Asteroid190.entity_inst
/Main/Test2/ENT_Asteroid191.entity_inst
/Main/Test2/ENT_Asteroid192.entity_inst
/Main/Test2/ENT_Asteroid193.entity_inst
/Main/Test2/ENT_Asteroid194.entity_inst
/Main/Test2/ENT_Asteroid195.entity_inst
/Main/Test2/ENT_Asteroid196.entity_inst
/Main/Test2/ENT_Asteroid197.entity_inst
/Main/Test2/ENT_Asteroid198.entity_inst
/Main/Test2/ENT_Asteroid199.entity_inst
/Main/Test2/ENT_Asteroid1100.entity_inst
/Main/Test2/ENT_Asteroid1101.entity_inst
/Main/Test2/ENT_Asteroid1102.entity_inst
/Main/Test2/ENT_Asteroid1103.entity_inst
/Main/Test2/ENT_Asteroid1104.entity_inst
/Main/Test2/ENT_Asteroid1105.entity_inst
/Main/Test2/ENT_Asteroid1106.entity_inst
/Main/Test2/ENT_Asteroid1107.entity_inst
/Main/Test2/ENT_Asteroid1108.entity_inst
/Main/Test2/ENT_Asteroid1109.entity_inst
/Main/Test2/ENT_Asteroid1110.entity_inst
/Main/Test2/ENT_Asteroid1111.entity_inst
/Main/Test2/ENT_Asteroid1112.entity_inst
/Main/Test2/ENT_Asteroid1113.entity_inst
/Main/Test2/ENT_Asteroid1114.entity_inst
/Main/Test2/ENT_Asteroid1115.entity_inst
/Main/Test2/ENT_Asteroid1116.entity_inst
/Main/Test2/ENT_Asteroid1117.entity_inst
/Main/Test2/ENT_Asteroid1118.entity_inst
/Main/Test2/ENT_Asteroid1119.entity_inst
/Main/Test2/ENT_Asteroid1120.entity_inst
/Main/Test2/ENT_Asteroid1121.entity_inst
/Main/Test2/ENT_Asteroid1122.entity_inst
/Main/Test2/ENT_Asteroid1123.entity_inst
/Main/Test2/ENT_Asteroid1124.entity_inst
/Main/Test2/ENT_Asteroid1125.entity_inst
/Main/Test2/ENT_Asteroid1126.entity_inst
/Main/Test2/ENT_Asteroid1127.entity_inst
/Main/Test2/ENT_Asteroid1128.entity_inst
/Main/Test2/ENT_Asteroid1129.entity_inst
/Main/Test2/ENT_Asteroid1130.entity_inst
/Main/Test2/ENT_Asteroid1131.entity_inst
/Main/Test2/ENT_Asteroid1132.entity_inst
/Main/Test2/ENT_Asteroid1133.entity_inst
/Main/Test2/ENT_Asteroid1134.entity_inst
/Main/Test2/ENT_Asteroid1135.entity_inst
/Main/Test2/ENT_Asteroid1136.entity_inst
/Main/Test2/ENT_Asteroid1137.entity_inst
/Main/Test2/ENT_Asteroid1138.entity_inst
/Main/Test2/ENT_Asteroid1139.entity_inst
/Main/Test2/ENT_Asteroid1140.entity_inst
/Main/Test2/ENT_Asteroid1141.entity_inst
/Main/Test2/ENT_Asteroid1142.entity_inst
/Main/Test2/ENT_Asteroid1143.entity_inst
/Main/Test2/ENT_Asteroid1144.entity_inst
/Main/Test2/ENT_Asteroid1145.entity_inst
/Main/Test2/ENT_Asteroid1146.entity_inst
/Main/Test2/ENT_Asteroid1147.entity_inst
/Main/Test2/ENT_Asteroid1148.entity_inst
/Main/Test2/ENT_Asteroid1149.entity_inst
/Main/Test2/ENT_Asteroid1150.entity_inst
/Main/Test2/ENT_Asteroid1151.entity_inst
/Main/Test2/ENT_Asteroid1152.entity_inst
/Main/Test2/ENT_Asteroid1153.entity_inst
/Main/Test2/ENT_Asteroid1154.entity_inst
/Main/Test2/ENT_Asteroid1155.entity_inst
/Main/Test2/ENT_Asteroid1156.entity_inst
/Main/Test2/ENT_Asteroid1157.entity_inst
/Main/Test2/ENT_Asteroid1158.entity_inst
/Main/Test2/ENT_Asteroid1159.entity_inst
/Main/Test2/ENT_Asteroid1160.entity_inst
/Main/Test2/ENT_Asteroid1161.entity_inst
/Main/Test2/ENT_Asteroid1162.entity_inst
/Main/Test2/ENT_Asteroid1163.entity_inst
/Main/Test2/ENT_Asteroid1164.entity_inst
/Main/Test2/ENT_Asteroid1165.entity_inst
/Main/Test2/ENT_Asteroid1166.entity_inst
/Main/Test2/ENT_Asteroid1167.entity_inst
/Main/Test2/ENT_Asteroid1168.entity_inst
/Main/Test2/ENT_Asteroid1169.entity_inst
/Main/Test2/ENT_Asteroid1170.entity_inst
/Main/Test2/ENT_Asteroid1171.entity_inst
/Main/Test2/ENT_Asteroid1172.entity_inst
/Main/Test2/ENT_Asteroid1173.entity_inst
/Main/Test2/ENT_Asteroid1174.entity_inst
/Main/Test2/ENT_Asteroid1175.entity_inst
/Main/Test2/ENT_Asteroid1176.entity_inst
/Main/Test2/ENT_Asteroid1177.entity_inst
/Main/Test2/ENT_Asteroid1178.entity_inst
/Main/Test2/ENT_Asteroid1179.entity_inst
/Main/Test2/ENT_Asteroid1180.entity_inst
/Main/Test2/ENT_Asteroid1181.entity_inst
/Main/Test2/ENT_Asteroid1182.entity_inst
/Main/Test2/ENT_Asteroid1183.entity_inst
/Main/Test2/ENT_Asteroid1184.entity_inst
/Main/Test2/ENT_Asteroid1185.entity_inst
/Main/Test2/ENT_Asteroid1186.entity_inst
/Main/Test2/ENT_Asteroid1187.entity_inst
/Main/Test2/ENT_Asteroid1188.entity_inst
/Main/Test2/ENT_Asteroid1189.entity_inst
/Main/Test2/ENT_Asteroid1190.entity_inst
/Main/Test2/ENT_Asteroid1191.entity_inst
/Main/Test2/ENT_Asteroid1192.entity_inst
/Main/Test2/ENT_Asteroid1193.entity_inst
/Main/Test2/ENT_Asteroid1194.entity_inst
/Main/Test2/ENT_Asteroid1195.entity_inst
/Main/Test2/ENT_Asteroid1196.entity_inst
/Main/Test2/ENT_Asteroid1197.entity_inst
/Main/Test2/ENT_Asteroid1198.entity_inst
/Main/Test2/ENT_Asteroid1199.entity_inst
/Main/Test2/ENT_Asteroid1200.entity_inst
/Main/Test2/ENT_Asteroid1201.entity_inst
/Main/Test2/ENT_Asteroid1202.entity_inst
/Main/Test2/ENT_Asteroid1203.entity_inst
/Main/Test2/ENT_Asteroid1204.entity_inst
/Main/Test2/ENT_Asteroid1205.entity_inst
/Main/Test2/ENT_Asteroid1206.entity_inst
/Main/Test2/ENT_Asteroid1207.entity_inst
/Main/Test2/ENT_Asteroid1208.entity_inst
/Main/Test2/ENT_Asteroid1209.entity_inst
/Main/Test2/ENT_Asteroid1210.entity_inst
/Main/Test2/ENT_Asteroid1211.entity_inst
/Main/Test2/ENT_Asteroid1212.entity_inst
/Main/Test2/ENT_Asteroid1213.entity_inst
/Main/Test2/ENT_Asteroid1214.entity_inst
/Main/Test2/ENT_Asteroid1215.entity_inst
/Main/Test2/ENT_Asteroid1216.entity_inst
/Main/Test2/ENT_Asteroid1217.entity_inst
/Main/Test2/ENT_Asteroid1218.entity_inst
/Main/Test2/ENT_Asteroid1219.entity_inst
/Main/Test2/ENT_Asteroid1220.entity_inst
/Main/Test2/ENT_Asteroid1221.entity_inst
/Main/Test2/ENT_Asteroid1222.entity_inst
/Main/Test2/ENT_Asteroid1223.entity_inst
/Main/Test2/ENT_Asteroid1224.entity_inst
/Main/Test2/ENT_Asteroid1225.entity_inst
/Main/Test2/ENT_Asteroid1226.entity_inst
/Main/Test2/ENT_Asteroid1227.entity_inst
/Main/Test2/ENT_Asteroid1228.entity_inst
/Main/Test2/ENT_Asteroid1229.entity_inst
/Main/Test2/ENT_Asteroid1230.entity_inst
/Main/Test2/ENT_Asteroid1231.entity_inst
/Main/Test2/ENT_Asteroid1232.entity_inst
/Main/Test2/ENT_Asteroid1233.entity_inst
/Main/Test2/ENT_Asteroid1234.entity_inst
/Main/Test2/ENT_Asteroid1235.entity_inst
/Main/Test2/ENT_Asteroid1236.entity_inst
/Main/Test2/ENT_Asteroid1237.entity_inst
/Main/Test2/ENT_Asteroid1238.entity_inst
/Main/Test2/ENT_Asteroid1239.entity_inst
/Main/Test2/ENT_Asteroid1240.entity_inst
/Main/Test2/ENT_Asteroid1241.entity_inst
/Main/Test2/ENT_Asteroid1242.entity_inst
/Main/Test2/ENT_Asteroid1243.entity_inst
/Main/Test2/ENT_Asteroid1244.entity_inst
/Main/Test2/ENT_Asteroid1245.entity_inst
/Main/Test2/ENT_Asteroid1246.entity_inst
/Main/Test2/ENT_Asteroid1247.entity_inst
/Main/Test2/ENT_Asteroid1248.entity_inst
/Main/Test2/ENT_Asteroid1249.entity_inst
/Main/Test2/ENT_Asteroid1250.entity_inst
/Main/Test2/ENT_Asteroid1251.entity_inst
/Main/Test2/ENT_Asteroid1252.entity_inst
/Main/Test2/ENT_Asteroid1253.entity_inst
/Main/Test2/ENT_Asteroid1254.entity_inst
/Main/Test2/ENT_Asteroid1255.entity_inst
/Main/Test2/ENT_Asteroid1256.entity_inst
/Main/Test2/ENT_Asteroid1257.entity_inst
/Main/Test2/ENT_Asteroid1258.entity_inst
/Main/Test2/ENT_Asteroid1259.entity_inst
/Main/Test2/ENT_Asteroid1260.entity_inst
/Main/Test2/ENT_Asteroid1261.entity_inst
/Main/Test2/ENT_Asteroid1262.entity_inst
/Main/Test2/ENT_Asteroid1263.entity_inst
/Main/Test2/ENT_Asteroid1264.entity_inst
/Main/Test2/ENT_Asteroid1265.entity_inst
/Main/Test2/ENT_Asteroid1266.entity_inst
/Main/Test2/ENT_Asteroid1267.entity_inst
/Main/Test2/ENT_Asteroid1268.entity_inst
/Main/Test2/ENT_Asteroid1269.entity_inst
/Main/Test2/ENT_Asteroid1270.entity_inst
/Main/Test2/ENT_Asteroid1271.entity_inst
/Main/Test2/ENT_Asteroid1272.entity_inst
/Main/Test2/ENT_Asteroid1273.entity_inst
/Main/Test2/ENT_Asteroid1274.entity_inst
/Main/Test2/ENT_Asteroid1275.entity_inst
/Main/Test2/ENT_Asteroid1276.entity_inst
/Main/Test2/ENT_Asteroid1277.entity_inst
/Main/Test2/ENT_Asteroid1278.entity_inst
/Main/Test2/ENT_Asteroid1279.entity_inst
/Main/Test2/ENT_Asteroid1280.entity_inst
/Main/Test2/ENT_Asteroid1281.entity_inst
/Main/Test2/ENT_Asteroid1282.entity_inst
/Main/Test2/ENT_Asteroid1283.entity_inst
/Main/Test2/ENT_Asteroid1284.entity_inst
/Main/Test2/ENT_Asteroid1285.entity_inst
/Main/Test2/ENT_Asteroid1286.entity_inst
/Main/Test2/ENT_Asteroid1287.entity_inst
/Main/Test2/ENT_Asteroid1288.entity_inst
/Main/Test2/ENT_Asteroid1289.entity_inst
/Main/Test2/ENT_Asteroid1290.entity_inst
/Main/Test2/ENT_Asteroid1291.entity_inst
/Main/Test2/ENT_Asteroid1292.entity_inst
/Main/Test2/ENT_Asteroid1293.entity_inst
/Main/Test2/ENT_Asteroid1294.entity_inst
/Main/Test2/ENT_Asteroid1295.entity_inst
/Main/Test2/ENT_Asteroid1296.entity_inst
/Main/Test2/ENT_Asteroid1297.entity_inst
/Main/Test2/ENT_Asteroid1298.entity_inst
/Main/Test2/ENT_Asteroid1299.entity_inst
/Main/Test2/ENT_Asteroid1300.entity_inst
/Main/Test2/ENT_Asteroid1301.entity_inst
/Main/Test2/ENT_Asteroid1302.entity_inst
/Main/Test2/ENT_Asteroid1303.entity_inst
/Main/Test2/ENT_Asteroid1304.entity_inst
/Main/Test2/ENT_Asteroid1305.entity_inst
/Main/Test2/ENT_Asteroid1306.entity_inst
/Main/Test2/ENT_Asteroid1307.entity_inst
/Main/Test2/ENT_Asteroid1308.entity_inst
/Main/Test2/ENT_Asteroid1309.entity_inst
/Main/Test2/ENT_Asteroid1310.entity_inst
/Main/Test2/ENT_Asteroid1311.entity_inst
/Main/Test2/ENT_Asteroid1312.entity_inst
/Main/Test2/ENT_Asteroid1313.entity_inst
/Main/Test2/ENT_Asteroid1314.entity_inst
/Main/Test2/ENT_Asteroid1315.entity_inst
/Main/Test2/ENT_Asteroid1316.entity_inst
/Main/Test2/ENT_Asteroid1317.entity_inst
/Main/Test2/ENT_Asteroid1318.entity_inst
/Main/Test2/ENT_Asteroid1319.entity_inst
/Main/Test2/ENT_Asteroid1320.entity_inst
/Main/Test2/ENT_Asteroid1321.entity_inst
/Main/Test2/ENT_Asteroid1322.entity_inst
/Main/Test2/ENT_Asteroid1323.entity_inst
/Main/Test2/ENT_Asteroid1324.entity_inst
/Main/Test2/ENT_Asteroid1325.entity_inst
/Main/Test2/ENT_Asteroid1326.entity_inst
/Main/Test2/ENT_Asteroid1327.entity_inst
/Main/Test2/ENT_Asteroid1328.entity_inst
/Main/Test2/ENT_Asteroid1329.entity_inst
/Main/Test2/ENT_Asteroid1330.entity_inst
/Main/Test2/ENT_Asteroid1331.entity_inst
/Main/Test2/ENT_Asteroid1332.entity_inst
/Main/Test2/ENT_Asteroid1333.entity_inst
/Main/Test2/ENT_Asteroid1334.entity_inst
/Main/Test2/ENT_Asteroid1335.entity_inst
/Main/Test2/ENT_Asteroid1336.entity_inst
/Main/Test2/ENT_Asteroid1337.entity_inst
/Main/Test2/ENT_Asteroid1338.entity_inst
/Main/Test2/ENT_Asteroid1339.entity_inst
/Main/Test2/ENT_Asteroid1340.entity_inst
/Main/Test2/ENT_Asteroid1341.entity_inst
/Main/Test2/ENT_Asteroid1342.entity_inst
/Main/Test2/ENT_Asteroid1343.entity_inst
/Main/Test2/ENT_Asteroid1344.entity_inst
/Main/Test2/ENT_Asteroid1345.entity_inst
/Main/Test2/ENT_Asteroid1346.entity_inst
/Main/Test2/ENT_Asteroid1347.entity_inst
/Main/Test2/ENT_Asteroid1348.entity_inst
/Main/Test2/ENT_Asteroid1349.entity_inst
/Main/Test2/ENT_Asteroid1350.entity_inst
/Main/Test2/ENT_Asteroid1351.entity_inst
/Main/Test2/ENT_Asteroid1352.entity_inst
/Main/Test2/ENT_Asteroid1353.entity_inst
/Main/Test2/ENT_Asteroid1354.entity_inst
/Main/Test2/ENT_Asteroid1355.entity_inst
/Main/Test2/ENT_Asteroid1356.entity_inst
/Main/Test2/ENT_Asteroid1357.entity_inst
/Main/Test2/ENT_Asteroid1358.entity_inst
/Main/Test2/ENT_Asteroid1359.entity_inst
/Main/Test2/ENT_Asteroid1360.entity_inst
/Main/Test2/ENT_Asteroid1361.entity_inst
/Main/Test2/ENT_Asteroid1362.entity_inst
/Main/Test2/ENT_Asteroid1363.entity_inst
/Main/Test2/ENT_Asteroid1364.entity_inst
/Main/Test2/ENT_Asteroid1365.entity_inst
/Main/Test2/ENT_Asteroid1366.entity_inst
/Main/Test2/ENT_Asteroid1367.entity_inst
/Main/Test2/ENT_Asteroid1368.entity_inst
/Main/Test2/ENT_Asteroid1369.entity_inst
/Main/Test2/ENT_Asteroid1370.entity_inst
/Main/Test2/ENT_Asteroid1371.entity_inst
/Main/Test2/ENT_Asteroid1372.entity_inst
/Main/Test2/ENT_Asteroid1373.entity_inst
/Main/Test2/ENT_Asteroid1374.entity_inst
/Main/Test2/ENT_Asteroid1375.entity_inst
/Main/Test2/ENT_Asteroid1376.entity_inst
/Main/Test2/ENT_Asteroid1377.entity_inst
/Main/Test2/ENT_Asteroid1378.entity_inst
/Main/Test2/ENT_Asteroid1379.entity_inst
/Main/Test2/ENT_Asteroid1380.entity_inst
/Main/Test2/ENT_Asteroid1381.entity_inst
/Main/Test2/ENT_Asteroid1382.entity_inst
/Main/Test2/ENT_Asteroid1383.entity_inst
/Main/Test2/ENT_Asteroid1384.entity_inst
/Main/Test2/ENT_Asteroid1385.entity_inst
/Main/Test2/ENT_Asteroid1386.entity_inst
/Main/Test2/ENT_Asteroid1387.entity_inst
/Main/Test2/ENT_Asteroid1388.entity_inst
/Main/Test2/ENT_Asteroid1389.entity_inst
/Main/Test2/ENT_Asteroid1390.entity_inst
/Main/Test2/ENT_Asteroid1391.entity_inst
/Main/Test2/ENT_Asteroid1392.entity_inst
/Main/Test2/ENT_Asteroid1393.entity_inst
/Main/Test2/ENT_Asteroid1394.entity_inst
/Main/Test2/ENT_Asteroid1395.entity_inst
/Main/Test2/ENT_Asteroid1396.entity_inst
/Main/Test2/ENT_Asteroid1397.entity_inst
/Main/Test2/ENT_Asteroid1398.entity_inst
/Main/Test2/ENT_Asteroid1399.entity_inst
/Main/Test2/ENT_Asteroid1400.entity_inst
/Main/Test2/ENT_Asteroid1401.entity_inst
/Main/Test2/ENT_Asteroid1402.entity_inst
/Main/Test2/ENT_TestBaseDD403.entity_inst
