/Users/theancientbear/FlatDoom/Assets/StreamingAssets/Main/Test0/ENT_NewBase1.entity_inst
/Users/theancientbear/FlatDoom/Assets/StreamingAssets/Main/Test0/ENT_NewBase2.entity_inst
/Users/theancientbear/FlatDoom/Assets/StreamingAssets/Main/Test0/ENT_Asteroid13.entity_inst
/Users/theancientbear/FlatDoom/Assets/StreamingAssets/Main/Test0/ENT_Asteroid14.entity_inst
/Users/theancientbear/FlatDoom/Assets/StreamingAssets/Main/Test0/ENT_Asteroid15.entity_inst
/Users/theancientbear/FlatDoom/Assets/StreamingAssets/Main/Test0/ENT_Asteroid16.entity_inst
/Users/theancientbear/FlatDoom/Assets/StreamingAssets/Main/Test0/ENT_Asteroid17.entity_inst
/Users/theancientbear/FlatDoom/Assets/StreamingAssets/Main/Test0/ENT_Asteroid18.entity_inst
/Users/theancientbear/FlatDoom/Assets/StreamingAssets/Main/Test0/ENT_Asteroid19.entity_inst
/Users/theancientbear/FlatDoom/Assets/StreamingAssets/Main/Test0/ENT_Asteroid110.entity_inst
/Users/theancientbear/FlatDoom/Assets/StreamingAssets/Main/Test0/ENT_Asteroid111.entity_inst
/Users/theancientbear/FlatDoom/Assets/StreamingAssets/Main/Test0/ENT_Asteroid112.entity_inst
/Users/theancientbear/FlatDoom/Assets/StreamingAssets/Main/Test0/ENT_Asteroid113.entity_inst
/Users/theancientbear/FlatDoom/Assets/StreamingAssets/Main/Test0/ENT_Asteroid114.entity_inst
/Users/theancientbear/FlatDoom/Assets/StreamingAssets/Main/Test0/ENT_Asteroid115.entity_inst
/Users/theancientbear/FlatDoom/Assets/StreamingAssets/Main/Test0/ENT_Asteroid116.entity_inst
/Users/theancientbear/FlatDoom/Assets/StreamingAssets/Main/Test0/ENT_Asteroid117.entity_inst
/Users/theancientbear/FlatDoom/Assets/StreamingAssets/Main/Test0/ENT_Asteroid118.entity_inst
/Users/theancientbear/FlatDoom/Assets/StreamingAssets/Main/Test0/ENT_Asteroid119.entity_inst
/Users/theancientbear/FlatDoom/Assets/StreamingAssets/Main/Test0/ENT_Asteroid120.entity_inst
/Users/theancientbear/FlatDoom/Assets/StreamingAssets/Main/Test0/ENT_Asteroid121.entity_inst
/Users/theancientbear/FlatDoom/Assets/StreamingAssets/Main/Test0/ENT_Asteroid122.entity_inst
/Users/theancientbear/FlatDoom/Assets/StreamingAssets/Main/Test0/ENT_Asteroid123.entity_inst
/Users/theancientbear/FlatDoom/Assets/StreamingAssets/Main/Test0/ENT_Asteroid124.entity_inst
/Users/theancientbear/FlatDoom/Assets/StreamingAssets/Main/Test0/ENT_Asteroid125.entity_inst
/Users/theancientbear/FlatDoom/Assets/StreamingAssets/Main/Test0/ENT_Asteroid126.entity_inst
/Users/theancientbear/FlatDoom/Assets/StreamingAssets/Main/Test0/ENT_Asteroid127.entity_inst
/Users/theancientbear/FlatDoom/Assets/StreamingAssets/Main/Test0/ENT_Asteroid128.entity_inst
/Users/theancientbear/FlatDoom/Assets/StreamingAssets/Main/Test0/ENT_Asteroid129.entity_inst
/Users/theancientbear/FlatDoom/Assets/StreamingAssets/Main/Test0/ENT_Asteroid130.entity_inst
/Users/theancientbear/FlatDoom/Assets/StreamingAssets/Main/Test0/ENT_Asteroid131.entity_inst
/Users/theancientbear/FlatDoom/Assets/StreamingAssets/Main/Test0/ENT_Asteroid132.entity_inst
/Users/theancientbear/FlatDoom/Assets/StreamingAssets/Main/Test0/ENT_Asteroid133.entity_inst
/Users/theancientbear/FlatDoom/Assets/StreamingAssets/Main/Test0/ENT_Asteroid134.entity_inst
/Users/theancientbear/FlatDoom/Assets/StreamingAssets/Main/Test0/ENT_Asteroid135.entity_inst
/Users/theancientbear/FlatDoom/Assets/StreamingAssets/Main/Test0/ENT_Asteroid136.entity_inst
/Users/theancientbear/FlatDoom/Assets/StreamingAssets/Main/Test0/ENT_Asteroid137.entity_inst
/Users/theancientbear/FlatDoom/Assets/StreamingAssets/Main/Test0/ENT_Asteroid138.entity_inst
/Users/theancientbear/FlatDoom/Assets/StreamingAssets/Main/Test0/ENT_Asteroid139.entity_inst
/Users/theancientbear/FlatDoom/Assets/StreamingAssets/Main/Test0/ENT_Asteroid140.entity_inst
/Users/theancientbear/FlatDoom/Assets/StreamingAssets/Main/Test0/ENT_Asteroid141.entity_inst
/Users/theancientbear/FlatDoom/Assets/StreamingAssets/Main/Test0/ENT_Asteroid142.entity_inst
/Users/theancientbear/FlatDoom/Assets/StreamingAssets/Main/Test0/ENT_Asteroid143.entity_inst
/Users/theancientbear/FlatDoom/Assets/StreamingAssets/Main/Test0/ENT_Asteroid144.entity_inst
/Users/theancientbear/FlatDoom/Assets/StreamingAssets/Main/Test0/ENT_Asteroid245.entity_inst
/Users/theancientbear/FlatDoom/Assets/StreamingAssets/Main/Test0/ENT_Asteroid246.entity_inst
/Users/theancientbear/FlatDoom/Assets/StreamingAssets/Main/Test0/ENT_Asteroid247.entity_inst
/Users/theancientbear/FlatDoom/Assets/StreamingAssets/Main/Test0/ENT_Asteroid248.entity_inst
/Users/theancientbear/FlatDoom/Assets/StreamingAssets/Main/Test0/ENT_Asteroid249.entity_inst
/Users/theancientbear/FlatDoom/Assets/StreamingAssets/Main/Test0/ENT_Asteroid250.entity_inst
/Users/theancientbear/FlatDoom/Assets/StreamingAssets/Main/Test0/ENT_Asteroid251.entity_inst
/Users/theancientbear/FlatDoom/Assets/StreamingAssets/Main/Test0/ENT_Asteroid252.entity_inst
/Users/theancientbear/FlatDoom/Assets/StreamingAssets/Main/Test0/ENT_Asteroid253.entity_inst
/Users/theancientbear/FlatDoom/Assets/StreamingAssets/Main/Test0/ENT_Asteroid254.entity_inst
/Users/theancientbear/FlatDoom/Assets/StreamingAssets/Main/Test0/ENT_Asteroid255.entity_inst
/Users/theancientbear/FlatDoom/Assets/StreamingAssets/Main/Test0/ENT_Asteroid256.entity_inst
/Users/theancientbear/FlatDoom/Assets/StreamingAssets/Main/Test0/ENT_Asteroid257.entity_inst
/Users/theancientbear/FlatDoom/Assets/StreamingAssets/Main/Test0/ENT_Asteroid258.entity_inst
/Users/theancientbear/FlatDoom/Assets/StreamingAssets/Main/Test0/ENT_LadaiGhadzel159.entity_inst
/Users/theancientbear/FlatDoom/Assets/StreamingAssets/Main/Test0/ENT_LadaiGhadzel160.entity_inst
/Users/theancientbear/FlatDoom/Assets/StreamingAssets/Main/Test0/ENT_LadaiGhadzel161.entity_inst
/Users/theancientbear/FlatDoom/Assets/StreamingAssets/Main/Test0/ENT_LadaiGhadzel162.entity_inst
/Users/theancientbear/FlatDoom/Assets/StreamingAssets/Main/Test0/ENT_LadaiGhadzel163.entity_inst
/Users/theancientbear/FlatDoom/Assets/StreamingAssets/Main/Test0/ENT_LadaiGhadzel164.entity_inst
/Users/theancientbear/FlatDoom/Assets/StreamingAssets/Main/Test0/ENT_LadaiGhadzel165.entity_inst
/Users/theancientbear/FlatDoom/Assets/StreamingAssets/Main/Test0/ENT_LadaiGhadzel166.entity_inst
/Users/theancientbear/FlatDoom/Assets/StreamingAssets/Main/Test0/ENT_LadaiGhadzel167.entity_inst
/Users/theancientbear/FlatDoom/Assets/StreamingAssets/Main/Test0/ENT_LadaiGhadzel168.entity_inst
/Users/theancientbear/FlatDoom/Assets/StreamingAssets/Main/Test0/ENT_LadaiGhadzel169.entity_inst
/Users/theancientbear/FlatDoom/Assets/StreamingAssets/Main/Test0/ENT_LadaiGhadzel170.entity_inst
/Users/theancientbear/FlatDoom/Assets/StreamingAssets/Main/Test0/ENT_LadaiZhigyulai171.entity_inst
/Users/theancientbear/FlatDoom/Assets/StreamingAssets/Main/Test0/ENT_LadaiGhadzel172.entity_inst
/Users/theancientbear/FlatDoom/Assets/StreamingAssets/Main/Test0/ENT_LadaiGhadzel173.entity_inst
/Users/theancientbear/FlatDoom/Assets/StreamingAssets/Main/Test0/ENT_LadaiZhigyulai174.entity_inst
/Users/theancientbear/FlatDoom/Assets/StreamingAssets/Main/Test0/ENT_LadaiZhigyulai175.entity_inst
/Users/theancientbear/FlatDoom/Assets/StreamingAssets/Main/Test0/ENT_Asteroid176.entity_inst
/Users/theancientbear/FlatDoom/Assets/StreamingAssets/Main/Test0/ENT_Asteroid177.entity_inst
/Users/theancientbear/FlatDoom/Assets/StreamingAssets/Main/Test0/ENT_Asteroid178.entity_inst
/Users/theancientbear/FlatDoom/Assets/StreamingAssets/Main/Test0/ENT_Asteroid179.entity_inst
/Users/theancientbear/FlatDoom/Assets/StreamingAssets/Main/Test0/ENT_Asteroid180.entity_inst
/Users/theancientbear/FlatDoom/Assets/StreamingAssets/Main/Test0/ENT_Asteroid181.entity_inst
/Users/theancientbear/FlatDoom/Assets/StreamingAssets/Main/Test0/ENT_Asteroid182.entity_inst
/Users/theancientbear/FlatDoom/Assets/StreamingAssets/Main/Test0/ENT_Asteroid183.entity_inst
/Users/theancientbear/FlatDoom/Assets/StreamingAssets/Main/Test0/ENT_Asteroid184.entity_inst
/Users/theancientbear/FlatDoom/Assets/StreamingAssets/Main/Test0/ENT_Asteroid185.entity_inst
/Users/theancientbear/FlatDoom/Assets/StreamingAssets/Main/Test0/ENT_Asteroid186.entity_inst
/Users/theancientbear/FlatDoom/Assets/StreamingAssets/Main/Test0/ENT_Asteroid187.entity_inst
/Users/theancientbear/FlatDoom/Assets/StreamingAssets/Main/Test0/ENT_Asteroid188.entity_inst
/Users/theancientbear/FlatDoom/Assets/StreamingAssets/Main/Test0/ENT_Asteroid189.entity_inst
/Users/theancientbear/FlatDoom/Assets/StreamingAssets/Main/Test0/ENT_LadaiNeuva190.entity_inst
/Users/theancientbear/FlatDoom/Assets/StreamingAssets/Main/Test0/ENT_Asteroid191.entity_inst
/Users/theancientbear/FlatDoom/Assets/StreamingAssets/Main/Test0/ENT_Asteroid192.entity_inst
/Users/theancientbear/FlatDoom/Assets/StreamingAssets/Main/Test0/ENT_Asteroid193.entity_inst
/Users/theancientbear/FlatDoom/Assets/StreamingAssets/Main/Test0/ENT_Asteroid194.entity_inst
/Users/theancientbear/FlatDoom/Assets/StreamingAssets/Main/Test0/ENT_Asteroid195.entity_inst
/Users/theancientbear/FlatDoom/Assets/StreamingAssets/Main/Test0/ENT_Asteroid196.entity_inst
/Users/theancientbear/FlatDoom/Assets/StreamingAssets/Main/Test0/ENT_Asteroid197.entity_inst
/Users/theancientbear/FlatDoom/Assets/StreamingAssets/Main/Test0/ENT_Asteroid198.entity_inst
/Users/theancientbear/FlatDoom/Assets/StreamingAssets/Main/Test0/ENT_Asteroid199.entity_inst
/Users/theancientbear/FlatDoom/Assets/StreamingAssets/Main/Test0/ENT_Asteroid1100.entity_inst
/Users/theancientbear/FlatDoom/Assets/StreamingAssets/Main/Test0/ENT_Asteroid1101.entity_inst
/Users/theancientbear/FlatDoom/Assets/StreamingAssets/Main/Test0/ENT_Asteroid1102.entity_inst
/Users/theancientbear/FlatDoom/Assets/StreamingAssets/Main/Test0/ENT_Asteroid1103.entity_inst
/Users/theancientbear/FlatDoom/Assets/StreamingAssets/Main/Test0/ENT_Asteroid1104.entity_inst
/Users/theancientbear/FlatDoom/Assets/StreamingAssets/Main/Test0/ENT_Asteroid1105.entity_inst
/Users/theancientbear/FlatDoom/Assets/StreamingAssets/Main/Test0/ENT_Asteroid1106.entity_inst
/Users/theancientbear/FlatDoom/Assets/StreamingAssets/Main/Test0/ENT_Asteroid1107.entity_inst
/Users/theancientbear/FlatDoom/Assets/StreamingAssets/Main/Test0/ENT_Asteroid1108.entity_inst
/Users/theancientbear/FlatDoom/Assets/StreamingAssets/Main/Test0/ENT_Asteroid1109.entity_inst
/Users/theancientbear/FlatDoom/Assets/StreamingAssets/Main/Test0/ENT_Asteroid1110.entity_inst
/Users/theancientbear/FlatDoom/Assets/StreamingAssets/Main/Test0/ENT_Asteroid1111.entity_inst
/Users/theancientbear/FlatDoom/Assets/StreamingAssets/Main/Test0/ENT_Asteroid1112.entity_inst
/Users/theancientbear/FlatDoom/Assets/StreamingAssets/Main/Test0/ENT_Asteroid1113.entity_inst
/Users/theancientbear/FlatDoom/Assets/StreamingAssets/Main/Test0/ENT_Asteroid1114.entity_inst
/Users/theancientbear/FlatDoom/Assets/StreamingAssets/Main/Test0/ENT_Asteroid1115.entity_inst
/Users/theancientbear/FlatDoom/Assets/StreamingAssets/Main/Test0/ENT_Asteroid1116.entity_inst
/Users/theancientbear/FlatDoom/Assets/StreamingAssets/Main/Test0/ENT_Asteroid1117.entity_inst
/Users/theancientbear/FlatDoom/Assets/StreamingAssets/Main/Test0/ENT_Asteroid1118.entity_inst
/Users/theancientbear/FlatDoom/Assets/StreamingAssets/Main/Test0/ENT_Asteroid1119.entity_inst
/Users/theancientbear/FlatDoom/Assets/StreamingAssets/Main/Test0/ENT_Asteroid1120.entity_inst
/Users/theancientbear/FlatDoom/Assets/StreamingAssets/Main/Test0/ENT_Asteroid1121.entity_inst
/Users/theancientbear/FlatDoom/Assets/StreamingAssets/Main/Test0/ENT_Asteroid1122.entity_inst
/Users/theancientbear/FlatDoom/Assets/StreamingAssets/Main/Test0/ENT_Asteroid1123.entity_inst
/Users/theancientbear/FlatDoom/Assets/StreamingAssets/Main/Test0/ENT_Asteroid1124.entity_inst
/Users/theancientbear/FlatDoom/Assets/StreamingAssets/Main/Test0/ENT_Asteroid1125.entity_inst
/Users/theancientbear/FlatDoom/Assets/StreamingAssets/Main/Test0/ENT_Asteroid1126.entity_inst
/Users/theancientbear/FlatDoom/Assets/StreamingAssets/Main/Test0/ENT_Asteroid1127.entity_inst
/Users/theancientbear/FlatDoom/Assets/StreamingAssets/Main/Test0/ENT_Asteroid1128.entity_inst
/Users/theancientbear/FlatDoom/Assets/StreamingAssets/Main/Test0/ENT_Asteroid1129.entity_inst
/Users/theancientbear/FlatDoom/Assets/StreamingAssets/Main/Test0/ENT_Asteroid1130.entity_inst
/Users/theancientbear/FlatDoom/Assets/StreamingAssets/Main/Test0/ENT_Asteroid1131.entity_inst
/Users/theancientbear/FlatDoom/Assets/StreamingAssets/Main/Test0/ENT_Asteroid1132.entity_inst
/Users/theancientbear/FlatDoom/Assets/StreamingAssets/Main/Test0/ENT_Asteroid1133.entity_inst
/Users/theancientbear/FlatDoom/Assets/StreamingAssets/Main/Test0/ENT_Asteroid1134.entity_inst
/Users/theancientbear/FlatDoom/Assets/StreamingAssets/Main/Test0/ENT_Asteroid1135.entity_inst
/Users/theancientbear/FlatDoom/Assets/StreamingAssets/Main/Test0/ENT_Asteroid1136.entity_inst
/Users/theancientbear/FlatDoom/Assets/StreamingAssets/Main/Test0/ENT_Asteroid1137.entity_inst
/Users/theancientbear/FlatDoom/Assets/StreamingAssets/Main/Test0/ENT_Asteroid1138.entity_inst
/Users/theancientbear/FlatDoom/Assets/StreamingAssets/Main/Test0/ENT_Asteroid1139.entity_inst
/Users/theancientbear/FlatDoom/Assets/StreamingAssets/Main/Test0/ENT_Asteroid1140.entity_inst
/Users/theancientbear/FlatDoom/Assets/StreamingAssets/Main/Test0/ENT_Asteroid1141.entity_inst
/Users/theancientbear/FlatDoom/Assets/StreamingAssets/Main/Test0/ENT_NewBase142.entity_inst
/Users/theancientbear/FlatDoom/Assets/StreamingAssets/Main/Test0/ENT_Asteroid2143.entity_inst
/Users/theancientbear/FlatDoom/Assets/StreamingAssets/Main/Test0/ENT_Asteroid2144.entity_inst
/Users/theancientbear/FlatDoom/Assets/StreamingAssets/Main/Test0/ENT_Asteroid2145.entity_inst
/Users/theancientbear/FlatDoom/Assets/StreamingAssets/Main/Test0/ENT_Asteroid2146.entity_inst
/Users/theancientbear/FlatDoom/Assets/StreamingAssets/Main/Test0/ENT_Asteroid2147.entity_inst
/Users/theancientbear/FlatDoom/Assets/StreamingAssets/Main/Test0/ENT_Asteroid2148.entity_inst
/Users/theancientbear/FlatDoom/Assets/StreamingAssets/Main/Test0/ENT_Asteroid2149.entity_inst
/Users/theancientbear/FlatDoom/Assets/StreamingAssets/Main/Test0/ENT_Asteroid2150.entity_inst
/Users/theancientbear/FlatDoom/Assets/StreamingAssets/Main/Test0/ENT_Asteroid2151.entity_inst
/Users/theancientbear/FlatDoom/Assets/StreamingAssets/Main/Test0/ENT_Asteroid2152.entity_inst
/Users/theancientbear/FlatDoom/Assets/StreamingAssets/Main/Test0/ENT_Asteroid2153.entity_inst
/Users/theancientbear/FlatDoom/Assets/StreamingAssets/Main/Test0/ENT_Asteroid2154.entity_inst
/Users/theancientbear/FlatDoom/Assets/StreamingAssets/Main/Test0/ENT_Asteroid2155.entity_inst
/Users/theancientbear/FlatDoom/Assets/StreamingAssets/Main/Test0/ENT_Asteroid2156.entity_inst
/Users/theancientbear/FlatDoom/Assets/StreamingAssets/Main/Test0/ENT_Asteroid2157.entity_inst
/Users/theancientbear/FlatDoom/Assets/StreamingAssets/Main/Test0/ENT_Asteroid2158.entity_inst
/Users/theancientbear/FlatDoom/Assets/StreamingAssets/Main/Test0/ENT_Asteroid2159.entity_inst
/Users/theancientbear/FlatDoom/Assets/StreamingAssets/Main/Test0/ENT_Asteroid2160.entity_inst
/Users/theancientbear/FlatDoom/Assets/StreamingAssets/Main/Test0/ENT_Asteroid2161.entity_inst
/Users/theancientbear/FlatDoom/Assets/StreamingAssets/Main/Test0/ENT_Asteroid2162.entity_inst
/Users/theancientbear/FlatDoom/Assets/StreamingAssets/Main/Test0/ENT_Asteroid2163.entity_inst
/Users/theancientbear/FlatDoom/Assets/StreamingAssets/Main/Test0/ENT_Asteroid2164.entity_inst
/Users/theancientbear/FlatDoom/Assets/StreamingAssets/Main/Test0/ENT_Asteroid2165.entity_inst
/Users/theancientbear/FlatDoom/Assets/StreamingAssets/Main/Test0/ENT_Asteroid2166.entity_inst
/Users/theancientbear/FlatDoom/Assets/StreamingAssets/Main/Test0/ENT_Asteroid2167.entity_inst
/Users/theancientbear/FlatDoom/Assets/StreamingAssets/Main/Test0/ENT_Asteroid2168.entity_inst
/Users/theancientbear/FlatDoom/Assets/StreamingAssets/Main/Test0/ENT_Asteroid2169.entity_inst
/Users/theancientbear/FlatDoom/Assets/StreamingAssets/Main/Test0/ENT_Asteroid2170.entity_inst
/Users/theancientbear/FlatDoom/Assets/StreamingAssets/Main/Test0/ENT_Asteroid2171.entity_inst
/Users/theancientbear/FlatDoom/Assets/StreamingAssets/Main/Test0/ENT_Asteroid2172.entity_inst
/Users/theancientbear/FlatDoom/Assets/StreamingAssets/Main/Test0/ENT_Asteroid2173.entity_inst
/Users/theancientbear/FlatDoom/Assets/StreamingAssets/Main/Test0/ENT_Asteroid2174.entity_inst
/Users/theancientbear/FlatDoom/Assets/StreamingAssets/Main/Test0/ENT_Asteroid2175.entity_inst
/Users/theancientbear/FlatDoom/Assets/StreamingAssets/Main/Test0/ENT_Asteroid2176.entity_inst
/Users/theancientbear/FlatDoom/Assets/StreamingAssets/Main/Test0/ENT_Asteroid2177.entity_inst
/Users/theancientbear/FlatDoom/Assets/StreamingAssets/Main/Test0/ENT_Asteroid2178.entity_inst
/Users/theancientbear/FlatDoom/Assets/StreamingAssets/Main/Test0/ENT_Asteroid1179.entity_inst
/Users/theancientbear/FlatDoom/Assets/StreamingAssets/Main/Test0/ENT_Asteroid1180.entity_inst
/Users/theancientbear/FlatDoom/Assets/StreamingAssets/Main/Test0/ENT_Asteroid1181.entity_inst
/Users/theancientbear/FlatDoom/Assets/StreamingAssets/Main/Test0/ENT_Asteroid1182.entity_inst
/Users/theancientbear/FlatDoom/Assets/StreamingAssets/Main/Test0/ENT_Asteroid1183.entity_inst
/Users/theancientbear/FlatDoom/Assets/StreamingAssets/Main/Test0/ENT_Asteroid1184.entity_inst
/Users/theancientbear/FlatDoom/Assets/StreamingAssets/Main/Test0/ENT_Asteroid1185.entity_inst
/Users/theancientbear/FlatDoom/Assets/StreamingAssets/Main/Test0/ENT_Asteroid1186.entity_inst
/Users/theancientbear/FlatDoom/Assets/StreamingAssets/Main/Test0/ENT_Asteroid1187.entity_inst
/Users/theancientbear/FlatDoom/Assets/StreamingAssets/Main/Test0/ENT_Asteroid1188.entity_inst
/Users/theancientbear/FlatDoom/Assets/StreamingAssets/Main/Test0/ENT_Asteroid1189.entity_inst
/Users/theancientbear/FlatDoom/Assets/StreamingAssets/Main/Test0/ENT_Asteroid1190.entity_inst
/Users/theancientbear/FlatDoom/Assets/StreamingAssets/Main/Test0/ENT_Asteroid1191.entity_inst
/Users/theancientbear/FlatDoom/Assets/StreamingAssets/Main/Test0/ENT_Asteroid1192.entity_inst
/Users/theancientbear/FlatDoom/Assets/StreamingAssets/Main/Test0/ENT_Asteroid1193.entity_inst
/Users/theancientbear/FlatDoom/Assets/StreamingAssets/Main/Test0/ENT_Asteroid1194.entity_inst
/Users/theancientbear/FlatDoom/Assets/StreamingAssets/Main/Test0/ENT_Asteroid1195.entity_inst
/Users/theancientbear/FlatDoom/Assets/StreamingAssets/Main/Test0/ENT_Asteroid1196.entity_inst
/Users/theancientbear/FlatDoom/Assets/StreamingAssets/Main/Test0/ENT_Asteroid1197.entity_inst
/Users/theancientbear/FlatDoom/Assets/StreamingAssets/Main/Test0/ENT_Asteroid1198.entity_inst
/Users/theancientbear/FlatDoom/Assets/StreamingAssets/Main/Test0/ENT_Asteroid1199.entity_inst
/Users/theancientbear/FlatDoom/Assets/StreamingAssets/Main/Test0/ENT_Asteroid1200.entity_inst
/Users/theancientbear/FlatDoom/Assets/StreamingAssets/Main/Test0/ENT_Asteroid1201.entity_inst
/Users/theancientbear/FlatDoom/Assets/StreamingAssets/Main/Test0/ENT_Asteroid1202.entity_inst
/Users/theancientbear/FlatDoom/Assets/StreamingAssets/Main/Test0/ENT_Asteroid1203.entity_inst
/Users/theancientbear/FlatDoom/Assets/StreamingAssets/Main/Test0/ENT_Asteroid1204.entity_inst
/Users/theancientbear/FlatDoom/Assets/StreamingAssets/Main/Test0/ENT_Asteroid1205.entity_inst
/Users/theancientbear/FlatDoom/Assets/StreamingAssets/Main/Test0/ENT_Asteroid1206.entity_inst
/Users/theancientbear/FlatDoom/Assets/StreamingAssets/Main/Test0/ENT_Asteroid1207.entity_inst
/Users/theancientbear/FlatDoom/Assets/StreamingAssets/Main/Test0/ENT_Asteroid1208.entity_inst
/Users/theancientbear/FlatDoom/Assets/StreamingAssets/Main/Test0/ENT_Asteroid1209.entity_inst
/Users/theancientbear/FlatDoom/Assets/StreamingAssets/Main/Test0/ENT_Asteroid1210.entity_inst
/Users/theancientbear/FlatDoom/Assets/StreamingAssets/Main/Test0/ENT_Asteroid1211.entity_inst
/Users/theancientbear/FlatDoom/Assets/StreamingAssets/Main/Test0/ENT_Asteroid1212.entity_inst
/Users/theancientbear/FlatDoom/Assets/StreamingAssets/Main/Test0/ENT_Asteroid1213.entity_inst
/Users/theancientbear/FlatDoom/Assets/StreamingAssets/Main/Test0/ENT_Asteroid1214.entity_inst
/Users/theancientbear/FlatDoom/Assets/StreamingAssets/Main/Test0/ENT_Asteroid1215.entity_inst
/Users/theancientbear/FlatDoom/Assets/StreamingAssets/Main/Test0/ENT_Asteroid1216.entity_inst
/Users/theancientbear/FlatDoom/Assets/StreamingAssets/Main/Test0/ENT_Asteroid1217.entity_inst
/Users/theancientbear/FlatDoom/Assets/StreamingAssets/Main/Test0/ENT_Asteroid1218.entity_inst
/Users/theancientbear/FlatDoom/Assets/StreamingAssets/Main/Test0/ENT_Asteroid1219.entity_inst
/Users/theancientbear/FlatDoom/Assets/StreamingAssets/Main/Test0/ENT_Asteroid1220.entity_inst
/Users/theancientbear/FlatDoom/Assets/StreamingAssets/Main/Test0/ENT_Asteroid1221.entity_inst
/Users/theancientbear/FlatDoom/Assets/StreamingAssets/Main/Test0/ENT_Asteroid1222.entity_inst
/Users/theancientbear/FlatDoom/Assets/StreamingAssets/Main/Test0/ENT_Asteroid1223.entity_inst
/Users/theancientbear/FlatDoom/Assets/StreamingAssets/Main/Test0/ENT_Asteroid1224.entity_inst
/Users/theancientbear/FlatDoom/Assets/StreamingAssets/Main/Test0/ENT_Asteroid1225.entity_inst
/Users/theancientbear/FlatDoom/Assets/StreamingAssets/Main/Test0/ENT_Asteroid1226.entity_inst
/Users/theancientbear/FlatDoom/Assets/StreamingAssets/Main/Test0/ENT_Asteroid1227.entity_inst
/Users/theancientbear/FlatDoom/Assets/StreamingAssets/Main/Test0/ENT_Asteroid1228.entity_inst
/Users/theancientbear/FlatDoom/Assets/StreamingAssets/Main/Test0/ENT_Asteroid1229.entity_inst
/Users/theancientbear/FlatDoom/Assets/StreamingAssets/Main/Test0/ENT_Asteroid1230.entity_inst
/Users/theancientbear/FlatDoom/Assets/StreamingAssets/Main/Test0/ENT_Asteroid1231.entity_inst
/Users/theancientbear/FlatDoom/Assets/StreamingAssets/Main/Test0/ENT_Asteroid1232.entity_inst
/Users/theancientbear/FlatDoom/Assets/StreamingAssets/Main/Test0/ENT_Asteroid1233.entity_inst
/Users/theancientbear/FlatDoom/Assets/StreamingAssets/Main/Test0/ENT_Asteroid1234.entity_inst
/Users/theancientbear/FlatDoom/Assets/StreamingAssets/Main/Test0/ENT_Asteroid1235.entity_inst
/Users/theancientbear/FlatDoom/Assets/StreamingAssets/Main/Test0/ENT_Asteroid1236.entity_inst
/Users/theancientbear/FlatDoom/Assets/StreamingAssets/Main/Test0/ENT_Asteroid1237.entity_inst
/Users/theancientbear/FlatDoom/Assets/StreamingAssets/Main/Test0/ENT_Asteroid1238.entity_inst
/Users/theancientbear/FlatDoom/Assets/StreamingAssets/Main/Test0/ENT_Asteroid1239.entity_inst
/Users/theancientbear/FlatDoom/Assets/StreamingAssets/Main/Test0/ENT_Asteroid1240.entity_inst
/Users/theancientbear/FlatDoom/Assets/StreamingAssets/Main/Test0/ENT_Asteroid1241.entity_inst
/Users/theancientbear/FlatDoom/Assets/StreamingAssets/Main/Test0/ENT_Asteroid1242.entity_inst
/Users/theancientbear/FlatDoom/Assets/StreamingAssets/Main/Test0/ENT_LadaiGhadzel1243.entity_inst
/Users/theancientbear/FlatDoom/Assets/StreamingAssets/Main/Test0/ENT_LadaiGhadzel1244.entity_inst
/Users/theancientbear/FlatDoom/Assets/StreamingAssets/Main/Test0/ENT_LadaiGhadzel1245.entity_inst
/Users/theancientbear/FlatDoom/Assets/StreamingAssets/Main/Test0/ENT_LadaiGhadzel1246.entity_inst
/Users/theancientbear/FlatDoom/Assets/StreamingAssets/Main/Test0/ENT_LadaiGhadzel1247.entity_inst
/Users/theancientbear/FlatDoom/Assets/StreamingAssets/Main/Test0/ENT_LadaiNeuva1248.entity_inst
